Component: ARM Compiler 5.06 update 7 (build 960) Tool: armlink [4d3601]

==============================================================================

Section Cross References

    startup_stm32f407xx.o(STACK) refers (Special) to heapauxi.o(.text) for __use_two_region_memory
    startup_stm32f407xx.o(HEAP) refers (Special) to heapauxi.o(.text) for __use_two_region_memory
    startup_stm32f407xx.o(RESET) refers (Special) to heapauxi.o(.text) for __use_two_region_memory
    startup_stm32f407xx.o(RESET) refers to startup_stm32f407xx.o(STACK) for __initial_sp
    startup_stm32f407xx.o(RESET) refers to startup_stm32f407xx.o(.text) for Reset_Handler
    startup_stm32f407xx.o(RESET) refers to stm32f4xx_it.o(i.NMI_Handler) for NMI_Handler
    startup_stm32f407xx.o(RESET) refers to stm32f4xx_it.o(i.HardFault_Handler) for HardFault_Handler
    startup_stm32f407xx.o(RESET) refers to stm32f4xx_it.o(i.MemManage_Handler) for MemManage_Handler
    startup_stm32f407xx.o(RESET) refers to stm32f4xx_it.o(i.BusFault_Handler) for BusFault_Handler
    startup_stm32f407xx.o(RESET) refers to stm32f4xx_it.o(i.UsageFault_Handler) for UsageFault_Handler
    startup_stm32f407xx.o(RESET) refers to port.o(.emb_text) for SVC_Handler
    startup_stm32f407xx.o(RESET) refers to stm32f4xx_it.o(i.DebugMon_Handler) for DebugMon_Handler
    startup_stm32f407xx.o(RESET) refers to port.o(i.SysTick_Handler) for SysTick_Handler
    startup_stm32f407xx.o(RESET) refers to stm32f4xx_it.o(i.EXTI3_IRQHandler) for EXTI3_IRQHandler
    startup_stm32f407xx.o(RESET) refers to stm32f4xx_it.o(i.EXTI4_IRQHandler) for EXTI4_IRQHandler
    startup_stm32f407xx.o(RESET) refers to stm32f4xx_it.o(i.DMA1_Stream1_IRQHandler) for DMA1_Stream1_IRQHandler
    startup_stm32f407xx.o(RESET) refers to stm32f4xx_it.o(i.DMA1_Stream3_IRQHandler) for DMA1_Stream3_IRQHandler
    startup_stm32f407xx.o(RESET) refers to stm32f4xx_it.o(i.CAN1_TX_IRQHandler) for CAN1_TX_IRQHandler
    startup_stm32f407xx.o(RESET) refers to stm32f4xx_it.o(i.CAN1_RX0_IRQHandler) for CAN1_RX0_IRQHandler
    startup_stm32f407xx.o(RESET) refers to stm32f4xx_it.o(i.EXTI9_5_IRQHandler) for EXTI9_5_IRQHandler
    startup_stm32f407xx.o(RESET) refers to stm32f4xx_it.o(i.TIM1_BRK_TIM9_IRQHandler) for TIM1_BRK_TIM9_IRQHandler
    startup_stm32f407xx.o(RESET) refers to stm32f4xx_it.o(i.TIM2_IRQHandler) for TIM2_IRQHandler
    startup_stm32f407xx.o(RESET) refers to stm32f4xx_it.o(i.TIM3_IRQHandler) for TIM3_IRQHandler
    startup_stm32f407xx.o(RESET) refers to stm32f4xx_it.o(i.SPI1_IRQHandler) for SPI1_IRQHandler
    startup_stm32f407xx.o(RESET) refers to stm32f4xx_it.o(i.USART1_IRQHandler) for USART1_IRQHandler
    startup_stm32f407xx.o(RESET) refers to stm32f4xx_it.o(i.USART3_IRQHandler) for USART3_IRQHandler
    startup_stm32f407xx.o(RESET) refers to stm32f4xx_it.o(i.TIM8_BRK_TIM12_IRQHandler) for TIM8_BRK_TIM12_IRQHandler
    startup_stm32f407xx.o(RESET) refers to stm32f4xx_it.o(i.TIM8_UP_TIM13_IRQHandler) for TIM8_UP_TIM13_IRQHandler
    startup_stm32f407xx.o(RESET) refers to stm32f4xx_it.o(i.DMA2_Stream0_IRQHandler) for DMA2_Stream0_IRQHandler
    startup_stm32f407xx.o(RESET) refers to stm32f4xx_it.o(i.DMA2_Stream1_IRQHandler) for DMA2_Stream1_IRQHandler
    startup_stm32f407xx.o(RESET) refers to stm32f4xx_it.o(i.DMA2_Stream2_IRQHandler) for DMA2_Stream2_IRQHandler
    startup_stm32f407xx.o(RESET) refers to stm32f4xx_it.o(i.DMA2_Stream3_IRQHandler) for DMA2_Stream3_IRQHandler
    startup_stm32f407xx.o(RESET) refers to stm32f4xx_it.o(i.CAN2_TX_IRQHandler) for CAN2_TX_IRQHandler
    startup_stm32f407xx.o(RESET) refers to stm32f4xx_it.o(i.CAN2_RX0_IRQHandler) for CAN2_RX0_IRQHandler
    startup_stm32f407xx.o(RESET) refers to stm32f4xx_it.o(i.DMA2_Stream6_IRQHandler) for DMA2_Stream6_IRQHandler
    startup_stm32f407xx.o(RESET) refers to stm32f4xx_it.o(i.DMA2_Stream7_IRQHandler) for DMA2_Stream7_IRQHandler
    startup_stm32f407xx.o(RESET) refers to stm32f4xx_it.o(i.USART6_IRQHandler) for USART6_IRQHandler
    startup_stm32f407xx.o(.text) refers (Special) to heapauxi.o(.text) for __use_two_region_memory
    startup_stm32f407xx.o(.text) refers to system_stm32f4xx.o(i.SystemInit) for SystemInit
    startup_stm32f407xx.o(.text) refers to __main.o(!!!main) for __main
    startup_stm32f407xx.o(.text) refers to startup_stm32f407xx.o(HEAP) for Heap_Mem
    startup_stm32f407xx.o(.text) refers to startup_stm32f407xx.o(STACK) for Stack_Mem
    main.o(i.HAL_TIM_PeriodElapsedCallback) refers to stm32f4xx_hal.o(i.HAL_IncTick) for HAL_IncTick
    main.o(i.SystemClock_Config) refers to rt_memclr_w.o(.text) for __aeabi_memclr4
    main.o(i.SystemClock_Config) refers to stm32f4xx_hal_rcc.o(i.HAL_RCC_OscConfig) for HAL_RCC_OscConfig
    main.o(i.SystemClock_Config) refers to stm32f4xx_hal_rcc.o(i.HAL_RCC_ClockConfig) for HAL_RCC_ClockConfig
    main.o(i.main) refers to stm32f4xx_hal.o(i.HAL_Init) for HAL_Init
    main.o(i.main) refers to main.o(i.SystemClock_Config) for SystemClock_Config
[...]
    _handle_redirection                       - Undefined Weak Reference
    _init_alloc                               - Undefined Weak Reference
    _init_user_alloc                          - Undefined Weak Reference
    _initio                                   - Undefined Weak Reference
    _rand_init                                - Undefined Weak Reference
    _signal_finish                            - Undefined Weak Reference
    _signal_init                              - Undefined Weak Reference
    _terminate_alloc                          - Undefined Weak Reference
    _terminate_user_alloc                     - Undefined Weak Reference
    _terminateio                              - Undefined Weak Reference
    __Vectors_Size                           0x00000188   Number         0  startup_stm32f407xx.o ABSOLUTE
    __Vectors                                0x08000000   Data           4  startup_stm32f407xx.o(RESET)
    __Vectors_End                            0x08000188   Data           0  startup_stm32f407xx.o(RESET)
    __main                                   0x08000189   Thumb Code     8  __main.o(!!!main)
    __scatterload                            0x08000191   Thumb Code     0  __scatter.o(!!!scatter)
    __scatterload_rt2                        0x08000191   Thumb Code    44  __scatter.o(!!!scatter)
    __scatterload_rt2_thumb_only             0x08000191   Thumb Code     0  __scatter.o(!!!scatter)
    __scatterload_null                       0x0800019f   Thumb Code     0  __scatter.o(!!!scatter)
    __decompress                             0x080001c5   Thumb Code    90  __dczerorl2.o(!!dczerorl2)
    __decompress1                            0x080001c5   Thumb Code     0  __dczerorl2.o(!!dczerorl2)
    __scatterload_zeroinit                   0x08000221   Thumb Code    28  __scatter_zi.o(!!handler_zi)
    __rt_lib_init                            0x0800023d   Thumb Code     0  libinit.o(.ARM.Collect$$libinit$$00000000)
    __rt_lib_init_fp_1                       0x0800023f   Thumb Code     0  libinit2.o(.ARM.Collect$$libinit$$00000001)
    __rt_lib_init_alloca_1                   0x08000243   Thumb Code     0  libinit2.o(.ARM.Collect$$libinit$$0000002E)
    __rt_lib_init_argv_1                     0x08000243   Thumb Code     0  libinit2.o(.ARM.Collect$$libinit$$0000002C)
    __rt_lib_init_atexit_1                   0x08000243   Thumb Code     0  libinit2.o(.ARM.Collect$$libinit$$0000001B)
    __rt_lib_init_clock_1                    0x08000243   Thumb Code     0  libinit2.o(.ARM.Collect$$libinit$$00000021)
    __rt_lib_init_cpp_1                      0x08000243   Thumb Code     0  libinit2.o(.ARM.Collect$$libinit$$00000032)
    __rt_lib_init_exceptions_1               0x08000243   Thumb Code     0  libinit2.o(.ARM.Collect$$libinit$$00000030)
    __rt_lib_init_fp_trap_1                  0x08000243   Thumb Code     0  libinit2.o(.ARM.Collect$$libinit$$0000001F)
    __rt_lib_init_getenv_1                   0x08000243   Thumb Code     0  libinit2.o(.ARM.Collect$$libinit$$00000023)
    __rt_lib_init_heap_1                     0x08000243   Thumb Code     0  libinit2.o(.ARM.Collect$$libinit$$0000000A)
    __rt_lib_init_lc_collate_1               0x08000243   Thumb Code     0  libinit2.o(.ARM.Collect$$libinit$$00000011)
    __rt_lib_init_lc_ctype_1                 0x08000243   Thumb Code     0  libinit2.o(.ARM.Collect$$libinit$$00000013)
    __rt_lib_init_lc_monetary_1              0x08000243   Thumb Code     0  libinit2.o(.ARM.Collect$$libinit$$00000015)
    __rt_lib_init_lc_numeric_1               0x08000243   Thumb Code     0  libinit2.o(.ARM.Collect$$libinit$$00000017)
    __rt_lib_init_lc_time_1                  0x08000243   Thumb Code     0  libinit2.o(.ARM.Collect$$libinit$$00000019)
    __rt_lib_init_preinit_1                  0x08000243   Thumb Code     0  libinit2.o(.ARM.Collect$$libinit$$00000004)
    __rt_lib_init_rand_1                     0x08000243   Thumb Code     0  libinit2.o(.ARM.Collect$$libinit$$0000000E)
    __rt_lib_init_return                     0x08000243   Thumb Code     0  libinit2.o(.ARM.Collect$$libinit$$00000033)
    __rt_lib_init_signal_1                   0x08000243   Thumb Code     0  libinit2.o(.ARM.Collect$$libinit$$0000001D)
    __rt_lib_init_stdio_1                    0x08000243   Thumb Code     0  libinit2.o(.ARM.Collect$$libinit$$00000025)
    __rt_lib_init_user_alloc_1               0x08000243   Thumb Code     0  libinit2.o(.ARM.Collect$$libinit$$0000000C)
    __rt_lib_shutdown                        0x08000245   Thumb Code     0  libshutdown.o(.ARM.Collect$$libshutdown$$00000000)
    __rt_lib_shutdown_cpp_1                  0x08000247   Thumb Code     0  libshutdown2.o(.ARM.Collect$$libshutdown$$00000004)
    __rt_lib_shutdown_fini_1                 0x08000247   Thumb Code     0  libshutdown2.o(.ARM.Collect$$libshutdown$$00000002)
    __rt_lib_shutdown_fp_trap_1              0x08000247   Thumb Code     0  libshutdown2.o(.ARM.Collect$$libshutdown$$00000009)
    __rt_lib_shutdown_heap_1                 0x08000247   Thumb Code     0  libshutdown2.o(.ARM.Collect$$libshutdown$$00000011)
    __rt_lib_shutdown_return                 0x08000247   Thumb Code     0  libshutdown2.o(.ARM.Collect$$libshutdown$$00000012)
    __rt_lib_shutdown_signal_1               0x08000247   Thumb Code     0  libshutdown2.o(.ARM.Collect$$libshutdown$$0000000C)
    __rt_lib_shutdown_stdio_1                0x08000247   Thumb Code     0  libshutdown2.o(.ARM.Collect$$libshutdown$$00000006)
    __rt_lib_shutdown_user_alloc_1           0x08000247   Thumb Code     0  libshutdown2.o(.ARM.Collect$$libshutdown$$0000000E)
    __rt_entry                               0x08000249   Thumb Code     0  __rtentry.o(.ARM.Collect$$rtentry$$00000000)
    __rt_entry_presh_1                       0x08000249   Thumb Code     0  __rtentry2.o(.ARM.Collect$$rtentry$$00000002)
    __rt_entry_sh                            0x08000249   Thumb Code     0  __rtentry4.o(.ARM.Collect$$rtentry$$00000004)
    __rt_entry_li                            0x0800024f   Thumb Code     0  __rtentry2.o(.ARM.Collect$$rtentry$$0000000A)
    __rt_entry_postsh_1                      0x0800024f   Thumb Code     0  __rtentry2.o(.ARM.Collect$$rtentry$$00000009)
    __rt_entry_main                          0x08000253   Thumb Code     0  __rtentry2.o(.ARM.Collect$$rtentry$$0000000D)
    __rt_entry_postli_1                      0x08000253   Thumb Code     0  __rtentry2.o(.ARM.Collect$$rtentry$$0000000C)
    __rt_exit                                0x0800025b   Thumb Code     0  rtexit.o(.ARM.Collect$$rtexit$$00000000)
    __rt_exit_ls                             0x0800025d   Thumb Code     0  rtexit2.o(.ARM.Collect$$rtexit$$00000003)
    __rt_exit_prels_1                        0x0800025d   Thumb Code     0  rtexit2.o(.ARM.Collect$$rtexit$$00000002)
    __rt_exit_exit                           0x08000261   Thumb Code     0  rtexit2.o(.ARM.Collect$$rtexit$$00000004)
    SVC_Handler                              0x08000269   Thumb Code    28  port.o(.emb_text)
    __asm___6_port_c_39a90d8d__prvStartFirstTask 0x08000289   Thumb Code    36  port.o(.emb_text)
    __asm___6_port_c_39a90d8d__prvEnableVFP  0x080002b1   Thumb Code    16  port.o(.emb_text)
    PendSV_Handler                           0x080002c5   Thumb Code    88  port.o(.emb_text)
    vPortGetIPSR                             0x08000321   Thumb Code     6  port.o(.emb_text)
    Reset_Handler                            0x08000329   Thumb Code     8  startup_stm32f407xx.o(.text)
    ADC_IRQHandler                           0x08000343   Thumb Code     0  startup_stm32f407xx.o(.text)
    CAN1_RX1_IRQHandler                      0x08000343   Thumb Code     0  startup_stm32f407xx.o(.text)
    CAN1_SCE_IRQHandler                      0x08000343   Thumb Code     0  startup_stm32f407xx.o(.text)
    CAN2_RX1_IRQHandler                      0x08000343   Thumb Code     0  startup_stm32f407xx.o(.text)
    CAN2_SCE_IRQHandler                      0x08000343   Thumb Code     0  startup_stm32f407xx.o(.text)
    DCMI_IRQHandler                          0x08000343   Thumb Code     0  startup_stm32f407xx.o(.text)
    DMA1_Stream0_IRQHandler                  0x08000343   Thumb Code     0  startup_stm32f407xx.o(.text)
    DMA1_Stream2_IRQHandler                  0x08000343   Thumb Code     0  startup_stm32f407xx.o(.text)
    DMA1_Stream4_IRQHandler                  0x08000343   Thumb Code     0  startup_stm32f407xx.o(.text)
    DMA1_Stream5_IRQHandler                  0x08000343   Thumb Code     0  startup_stm32f407xx.o(.text)
    DMA1_Stream6_IRQHandler                  0x08000343   Thumb Code     0  startup_stm32f407xx.o(.text)
    DMA1_Stream7_IRQHandler                  0x08000343   Thumb Code     0  startup_stm32f407xx.o(.text)
    DMA2_Stream4_IRQHandler                  0x08000343   Thumb Code     0  startup_stm32f407xx.o(.text)
    DMA2_Stream5_IRQHandler                  0x08000343   Thumb Code     0  startup_stm32f407xx.o(.text)
    ETH_IRQHandler                           0x08000343   Thumb Code     0  startup_stm32f407xx.o(.text)
    ETH_WKUP_IRQHandler                      0x08000343   Thumb Code     0  startup_stm32f407xx.o(.text)
    EXTI0_IRQHandler                         0x08000343   Thumb Code     0  startup_stm32f407xx.o(.text)
    EXTI15_10_IRQHandler                     0x08000343   Thumb Code     0  startup_stm32f407xx.o(.text)
    EXTI1_IRQHandler                         0x08000343   Thumb Code     0  startup_stm32f407xx.o(.text)
    EXTI2_IRQHandler                         0x08000343   Thumb Code     0  startup_stm32f407xx.o(.text)
    FLASH_IRQHandler                         0x08000343   Thumb Code     0  startup_stm32f407xx.o(.text)
    FMC_IRQHandler                           0x08000343   Thumb Code     0  startup_stm32f407xx.o(.text)
    FPU_IRQHandler                           0x08000343   Thumb Code     0  startup_stm32f407xx.o(.text)
    HASH_RNG_IRQHandler                      0x08000343   Thumb Code     0  startup_stm32f407xx.o(.text)
    I2C1_ER_IRQHandler                       0x08000343   Thumb Code     0  startup_stm32f407xx.o(.text)
    I2C1_EV_IRQHandler                       0x08000343   Thumb Code     0  startup_stm32f407xx.o(.text)
    I2C2_ER_IRQHandler                       0x08000343   Thumb Code     0  startup_stm32f407xx.o(.text)
    I2C2_EV_IRQHandler                       0x08000343   Thumb Code     0  startup_stm32f407xx.o(.text)
    I2C3_ER_IRQHandler                       0x08000343   Thumb Code     0  startup_stm32f407xx.o(.text)
    I2C3_EV_IRQHandler                       0x08000343   Thumb Code     0  startup_stm32f407xx.o(.text)
    OTG_FS_IRQHandler                        0x08000343   Thumb Code     0  startup_stm32f407xx.o(.text)
    OTG_FS_WKUP_IRQHandler                   0x08000343   Thumb Code     0  startup_stm32f407xx.o(.text)
    OTG_HS_EP1_IN_IRQHandler                 0x08000343   Thumb Code     0  startup_stm32f407xx.o(.text)
    OTG_HS_EP1_OUT_IRQHandler                0x08000343   Thumb Code     0  startup_stm32f407xx.o(.text)
    OTG_HS_IRQHandler                        0x08000343   Thumb Code     0  startup_stm32f407xx.o(.text)
    OTG_HS_WKUP_IRQHandler                   0x08000343   Thumb Code     0  startup_stm32f407xx.o(.text)
    PVD_IRQHandler                           0x08000343   Thumb Code     0  startup_stm32f407xx.o(.text)
    RCC_IRQHandler                           0x08000343   Thumb Code     0  startup_stm32f407xx.o(.text)
    RTC_Alarm_IRQHandler                     0x08000343   Thumb Code     0  startup_stm32f407xx.o(.text)
    RTC_WKUP_IRQHandler                      0x08000343   Thumb Code     0  startup_stm32f407xx.o(.text)
    SDIO_IRQHandler                          0x08000343   Thumb Code     0  startup_stm32f407xx.o(.text)
    SPI2_IRQHandler                          0x08000343   Thumb Code     0  startup_stm32f407xx.o(.text)
    SPI3_IRQHandler                          0x08000343   Thumb Code     0  startup_stm32f407xx.o(.text)
    TAMP_STAMP_IRQHandler                    0x08000343   Thumb Code     0  startup_stm32f407xx.o(.text)
    TIM1_CC_IRQHandler                       0x08000343   Thumb Code     0  startup_stm32f407xx.o(.text)
    TIM1_TRG_COM_TIM11_IRQHandler            0x08000343   Thumb Code     0  startup_stm32f407xx.o(.text)
    TIM1_UP_TIM10_IRQHandler                 0x08000343   Thumb Code     0  startup_stm32f407xx.o(.text)
    TIM4_IRQHandler                          0x08000343   Thumb Code     0  startup_stm32f407xx.o(.text)
    TIM5_IRQHandler                          0x08000343   Thumb Code     0  startup_stm32f407xx.o(.text)
    TIM6_DAC_IRQHandler                      0x08000343   Thumb Code     0  startup_stm32f407xx.o(.text)
    TIM7_IRQHandler                          0x08000343   Thumb Code     0  startup_stm32f407xx.o(.text)
    TIM8_CC_IRQHandler                       0x08000343   Thumb Code     0  startup_stm32f407xx.o(.text)
    TIM8_TRG_COM_TIM14_IRQHandler            0x08000343   Thumb Code     0  startup_stm32f407xx.o(.text)
    UART4_IRQHandler                         0x08000343   Thumb Code     0  startup_stm32f407xx.o(.text)
    UART5_IRQHandler                         0x08000343   Thumb Code     0  startup_stm32f407xx.o(.text)
    USART2_IRQHandler                        0x08000343   Thumb Code     0  startup_stm32f407xx.o(.text)
    WWDG_IRQHandler                          0x08000343   Thumb Code     0  startup_stm32f407xx.o(.text)
    __user_initial_stackheap                 0x08000345   Thumb Code     0  startup_stm32f407xx.o(.text)
    __aeabi_uldivmod                         0x08000369   Thumb Code     0  lludivv7m.o(.text)
    _ll_udiv                                 0x08000369   Thumb Code   238  lludivv7m.o(.text)
    __aeabi_memcpy                           0x08000457   Thumb Code     0  rt_memcpy_v6.o(.text)
    __rt_memcpy                              0x08000457   Thumb Code   138  rt_memcpy_v6.o(.text)
    _memcpy_lastbytes                        0x080004bd   Thumb Code     0  rt_memcpy_v6.o(.text)
    __aeabi_memcpy4                          0x080004e1   Thumb Code     0  rt_memcpy_w.o(.text)
    __aeabi_memcpy8                          0x080004e1   Thumb Code     0  rt_memcpy_w.o(.text)
    __rt_memcpy_w                            0x080004e1   Thumb Code   100  rt_memcpy_w.o(.text)
    _memcpy_lastbytes_aligned                0x08000529   Thumb Code     0  rt_memcpy_w.o(.text)
    __aeabi_memclr4                          0x08000545   Thumb Code     0  rt_memclr_w.o(.text)
    __aeabi_memclr8                          0x08000545   Thumb Code     0  rt_memclr_w.o(.text)
    __rt_memclr_w                            0x08000545   Thumb Code    78  rt_memclr_w.o(.text)
    _memset_w                                0x08000549   Thumb Code     0  rt_memclr_w.o(.text)
    __use_two_region_memory                  0x08000593   Thumb Code     2  heapauxi.o(.text)
    __rt_heap_escrow$2region                 0x08000595   Thumb Code     2  heapauxi.o(.text)
    __rt_heap_expand$2region                 0x08000597   Thumb Code     2  heapauxi.o(.text)
    __user_setup_stackheap                   0x08000599   Thumb Code    74  sys_stackheap_outer.o(.text)
    exit                                     0x080005e3   Thumb Code    18  exit.o(.text)
    __user_libspace                          0x080005f5   Thumb Code     8  libspace.o(.text)
    __user_perproc_libspace                  0x080005f5   Thumb Code     0  libspace.o(.text)
    __user_perthread_libspace                0x080005f5   Thumb Code     0  libspace.o(.text)
    _sys_exit                                0x080005fd   Thumb Code     8  sys_exit.o(.text)
    __I$use$semihosting                      0x08000609   Thumb Code     0  use_no_semi.o(.text)
    __use_no_semihosting_swi                 0x08000609   Thumb Code     2  use_no_semi.o(.text)
    BusFault_Handler                         0x0800060b   Thumb Code     2  stm32f4xx_it.o(i.BusFault_Handler)
    __semihosting_library_function           0x0800060b   Thumb Code     0  indicate_semi.o(.text)
    CAN1_Init                                0x0800060d   Thumb Code    56  drv_can.o(i.CAN1_Init)
    CAN1_RX0_IRQHandler                      0x08000649   Thumb Code     6  stm32f4xx_it.o(i.CAN1_RX0_IRQHandler)
    CAN1_TX_IRQHandler                       0x08000655   Thumb Code     6  stm32f4xx_it.o(i.CAN1_TX_IRQHandler)
    CAN2_Init                                0x08000661   Thumb Code    56  drv_can.o(i.CAN2_Init)
    CAN2_RX0_IRQHandler                      0x0800069d   Thumb Code     6  stm32f4xx_it.o(i.CAN2_RX0_IRQHandler)
    CAN2_TX_IRQHandler                       0x080006a9   Thumb Code     6  stm32f4xx_it.o(i.CAN2_TX_IRQHandler)
    DMA1_Stream1_IRQHandler                  0x08000d11   Thumb Code     6  stm32f4xx_it.o(i.DMA1_Stream1_IRQHandler)
    DMA1_Stream3_IRQHandler                  0x08000d1d   Thumb Code     6  stm32f4xx_it.o(i.DMA1_Stream3_IRQHandler)
    DMA2_Stream0_IRQHandler                  0x08000d29   Thumb Code     6  stm32f4xx_it.o(i.DMA2_Stream0_IRQHandler)
    DMA2_Stream1_IRQHandler                  0x08000d35   Thumb Code    18  stm32f4xx_it.o(i.DMA2_Stream1_IRQHandler)
    DMA2_Stream2_IRQHandler                  0x08000d51   Thumb Code     6  stm32f4xx_it.o(i.DMA2_Stream2_IRQHandler)
    DMA2_Stream3_IRQHandler                  0x08000d5d   Thumb Code     6  stm32f4xx_it.o(i.DMA2_Stream3_IRQHandler)
    DMA2_Stream6_IRQHandler                  0x08000d69   Thumb Code     6  stm32f4xx_it.o(i.DMA2_Stream6_IRQHandler)
    DMA2_Stream7_IRQHandler                  0x08000d75   Thumb Code     6  stm32f4xx_it.o(i.DMA2_Stream7_IRQHandler)
    DRV_USART3_IRQHandler                    0x08001069   Thumb Code    20  drv_usart.o(i.DRV_USART3_IRQHandler)
    DRV_USART6_IRQHandler                    0x0800107d   Thumb Code    20  drv_usart.o(i.DRV_USART6_IRQHandler)
    DebugMon_Handler                         0x08001091   Thumb Code     2  stm32f4xx_it.o(i.DebugMon_Handler)
    EXTI3_IRQHandler                         0x08001093   Thumb Code     6  stm32f4xx_it.o(i.EXTI3_IRQHandler)
    EXTI4_IRQHandler                         0x08001099   Thumb Code     6  stm32f4xx_it.o(i.EXTI4_IRQHandler)
    EXTI9_5_IRQHandler                       0x0800109f   Thumb Code     6  stm32f4xx_it.o(i.EXTI9_5_IRQHandler)
    Error_Handler                            0x080010a5   Thumb Code     4  main.o(i.Error_Handler)
    Get_CRC16_Check_Sum                      0x08001175   Thumb Code    38  crc.o(i.Get_CRC16_Check_Sum)
    Get_CRC8_Check_Sum                       0x080011a1   Thumb Code    24  crc.o(i.Get_CRC8_Check_Sum)
    HAL_CAN_ActivateNotification             0x080011bd   Thumb Code    36  stm32f4xx_hal_can.o(i.HAL_CAN_ActivateNotification)
    HAL_CAN_AddTxMessage                     0x080011e1   Thumb Code   220  stm32f4xx_hal_can.o(i.HAL_CAN_AddTxMessage)
    HAL_CAN_ConfigFilter                     0x080012bd   Thumb Code   262  stm32f4xx_hal_can.o(i.HAL_CAN_ConfigFilter)
    HAL_CAN_ErrorCallback                    0x080013c9   Thumb Code     2  stm32f4xx_hal_can.o(i.HAL_CAN_ErrorCallback)
    HAL_CAN_GetRxMessage                     0x080013cb   Thumb Code   232  stm32f4xx_hal_can.o(i.HAL_CAN_GetRxMessage)
    HAL_CAN_IRQHandler                       0x080014b3   Thumb Code   508  stm32f4xx_hal_can.o(i.HAL_CAN_IRQHandler)
    HAL_CAN_Init                             0x080016af   Thumb Code   282  stm32f4xx_hal_can.o(i.HAL_CAN_Init)
    HAL_CAN_MspInit                          0x080017c9   Thumb Code   258  can.o(i.HAL_CAN_MspInit)
    HAL_CAN_RxFifo0FullCallback              0x080018e5   Thumb Code     2  stm32f4xx_hal_can.o(i.HAL_CAN_RxFifo0FullCallback)
    HAL_CAN_RxFifo0MsgPendingCallback        0x080018e9   Thumb Code   154  drv_can.o(i.HAL_CAN_RxFifo0MsgPendingCallback)
    HAL_CAN_RxFifo1FullCallback              0x08001995   Thumb Code     2  stm32f4xx_hal_can.o(i.HAL_CAN_RxFifo1FullCallback)
    HAL_CAN_RxFifo1MsgPendingCallback        0x08001997   Thumb Code     2  stm32f4xx_hal_can.o(i.HAL_CAN_RxFifo1MsgPendingCallback)
    HAL_CAN_SleepCallback                    0x08001999   Thumb Code     2  stm32f4xx_hal_can.o(i.HAL_CAN_SleepCallback)
    HAL_CAN_Start                            0x0800199d   Thumb Code    88  stm32f4xx_hal_can.o(i.HAL_CAN_Start)
    HAL_CAN_TxMailbox0AbortCallback          0x080019f5   Thumb Code     2  stm32f4xx_hal_can.o(i.HAL_CAN_TxMailbox0AbortCallback)
    HAL_CAN_TxMailbox0CompleteCallback       0x080019f7   Thumb Code     2  stm32f4xx_hal_can.o(i.HAL_CAN_TxMailbox0CompleteCallback)
    HAL_CAN_TxMailbox1AbortCallback          0x080019f9   Thumb Code     2  stm32f4xx_hal_can.o(i.HAL_CAN_TxMailbox1AbortCallback)
    HAL_CAN_TxMailbox1CompleteCallback       0x080019fb   Thumb Code     2  stm32f4xx_hal_can.o(i.HAL_CAN_TxMailbox1CompleteCallback)
    HAL_CAN_TxMailbox2AbortCallback          0x080019fd   Thumb Code     2  stm32f4xx_hal_can.o(i.HAL_CAN_TxMailbox2AbortCallback)
    HAL_CAN_TxMailbox2CompleteCallback       0x080019ff   Thumb Code     2  stm32f4xx_hal_can.o(i.HAL_CAN_TxMailbox2CompleteCallback)
    HAL_CAN_WakeUpFromRxMsgCallback          0x08001a01   Thumb Code     2  stm32f4xx_hal_can.o(i.HAL_CAN_WakeUpFromRxMsgCallback)
    HAL_DMA_Abort                            0x08001a03   Thumb Code   146  stm32f4xx_hal_dma.o(i.HAL_DMA_Abort)
    HAL_DMA_Abort_IT                         0x08001a95   Thumb Code    36  stm32f4xx_hal_dma.o(i.HAL_DMA_Abort_IT)
    HAL_DMA_IRQHandler                       0x08001ab9   Thumb Code   412  stm32f4xx_hal_dma.o(i.HAL_DMA_IRQHandler)
    HAL_DMA_Init                             0x08001c59   Thumb Code   206  stm32f4xx_hal_dma.o(i.HAL_DMA_Init)
    HAL_DMA_Start_IT                         0x08001d2d   Thumb Code   110  stm32f4xx_hal_dma.o(i.HAL_DMA_Start_IT)
    HAL_GPIO_EXTI_Callback                   0x08001d9b   Thumb Code     2  stm32f4xx_hal_gpio.o(i.HAL_GPIO_EXTI_Callback)
    HAL_GPIO_EXTI_IRQHandler                 0x08001d9d   Thumb Code    18  stm32f4xx_hal_gpio.o(i.HAL_GPIO_EXTI_IRQHandler)
    HAL_GPIO_Init                            0x08001db5   Thumb Code   450  stm32f4xx_hal_gpio.o(i.HAL_GPIO_Init)
    HAL_GPIO_TogglePin                       0x08001fa5   Thumb Code    16  stm32f4xx_hal_gpio.o(i.HAL_GPIO_TogglePin)
    HAL_GPIO_WritePin                        0x08001fb5   Thumb Code    10  stm32f4xx_hal_gpio.o(i.HAL_GPIO_WritePin)
    HAL_GetTick                              0x08001fc1   Thumb Code     6  stm32f4xx_hal.o(i.HAL_GetTick)
    HAL_I2C_Init                             0x08001fcd   Thumb Code   376  stm32f4xx_hal_i2c.o(i.HAL_I2C_Init)
    HAL_I2C_MspInit                          0x08002155   Thumb Code   130  i2c.o(i.HAL_I2C_MspInit)
    HAL_IncTick                              0x080021e9   Thumb Code    12  stm32f4xx_hal.o(i.HAL_IncTick)
    HAL_Init                                 0x080021f9   Thumb Code    48  stm32f4xx_hal.o(i.HAL_Init)
    HAL_InitTick                             0x0800222d   Thumb Code   132  stm32f4xx_hal_timebase_tim.o(i.HAL_InitTick)
    HAL_MspInit                              0x080022c5   Thumb Code    66  stm32f4xx_hal_msp.o(i.HAL_MspInit)
    HAL_NVIC_EnableIRQ                       0x0800230d   Thumb Code    26  stm32f4xx_hal_cortex.o(i.HAL_NVIC_EnableIRQ)
    HAL_NVIC_SetPriority                     0x08002329   Thumb Code    60  stm32f4xx_hal_cortex.o(i.HAL_NVIC_SetPriority)
    HAL_NVIC_SetPriorityGrouping             0x08002369   Thumb Code    26  stm32f4xx_hal_cortex.o(i.HAL_NVIC_SetPriorityGrouping)
    HAL_RCC_ClockConfig                      0x0800238d   Thumb Code   288  stm32f4xx_hal_rcc.o(i.HAL_RCC_ClockConfig)
    HAL_RCC_GetClockConfig                   0x080024c1   Thumb Code    54  stm32f4xx_hal_rcc.o(i.HAL_RCC_GetClockConfig)
    HAL_RCC_GetPCLK1Freq                     0x08002501   Thumb Code    20  stm32f4xx_hal_rcc.o(i.HAL_RCC_GetPCLK1Freq)
    HAL_RCC_GetPCLK2Freq                     0x08002521   Thumb Code    20  stm32f4xx_hal_rcc.o(i.HAL_RCC_GetPCLK2Freq)
    HAL_RCC_GetSysClockFreq                  0x08002541   Thumb Code    88  stm32f4xx_hal_rcc.o(i.HAL_RCC_GetSysClockFreq)
    HAL_RCC_OscConfig                        0x080025a5   Thumb Code   856  stm32f4xx_hal_rcc.o(i.HAL_RCC_OscConfig)
    HAL_SPI_ErrorCallback                    0x08002911   Thumb Code     2  stm32f4xx_hal_spi.o(i.HAL_SPI_ErrorCallback)
    HAL_SPI_IRQHandler                       0x08002915   Thumb Code   246  stm32f4xx_hal_spi.o(i.HAL_SPI_IRQHandler)
    HAL_SPI_Init                             0x08002a11   Thumb Code   188  stm32f4xx_hal_spi.o(i.HAL_SPI_Init)
    HAL_SPI_MspInit                          0x08002acd   Thumb Code   242  spi.o(i.HAL_SPI_MspInit)
    HAL_TIMEx_BreakCallback                  0x08002bd9   Thumb Code     2  stm32f4xx_hal_tim_ex.o(i.HAL_TIMEx_BreakCallback)
    HAL_TIMEx_CommutCallback                 0x08002bdb   Thumb Code     2  stm32f4xx_hal_tim_ex.o(i.HAL_TIMEx_CommutCallback)
    HAL_TIMEx_ConfigBreakDeadTime            0x08002bdd   Thumb Code    84  stm32f4xx_hal_tim_ex.o(i.HAL_TIMEx_ConfigBreakDeadTime)
    HAL_TIMEx_MasterConfigSynchronization    0x08002c31   Thumb Code   116  stm32f4xx_hal_tim_ex.o(i.HAL_TIMEx_MasterConfigSynchronization)
    HAL_TIM_Base_Init                        0x08002cc1   Thumb Code    90  stm32f4xx_hal_tim.o(i.HAL_TIM_Base_Init)
    HAL_TIM_Base_MspInit                     0x08002d1d   Thumb Code   186  tim.o(i.HAL_TIM_Base_MspInit)
    HAL_TIM_Base_Start_IT                    0x08002ded   Thumb Code   100  stm32f4xx_hal_tim.o(i.HAL_TIM_Base_Start_IT)
    HAL_TIM_ConfigClockSource                0x08002e6d   Thumb Code   220  stm32f4xx_hal_tim.o(i.HAL_TIM_ConfigClockSource)
    HAL_TIM_IC_CaptureCallback               0x08002f49   Thumb Code     2  stm32f4xx_hal_tim.o(i.HAL_TIM_IC_CaptureCallback)
    HAL_TIM_IRQHandler                       0x08002f4b   Thumb Code   358  stm32f4xx_hal_tim.o(i.HAL_TIM_IRQHandler)
    HAL_TIM_MspPostInit                      0x080030b1   Thumb Code   108  tim.o(i.HAL_TIM_MspPostInit)
    HAL_TIM_OC_DelayElapsedCallback          0x08003131   Thumb Code     2  stm32f4xx_hal_tim.o(i.HAL_TIM_OC_DelayElapsedCallback)
    HAL_TIM_PWM_ConfigChannel                0x08003133   Thumb Code   204  stm32f4xx_hal_tim.o(i.HAL_TIM_PWM_ConfigChannel)
    HAL_TIM_PWM_Init                         0x080031ff   Thumb Code    90  stm32f4xx_hal_tim.o(i.HAL_TIM_PWM_Init)
    HAL_TIM_PWM_MspInit                      0x08003259   Thumb Code     2  stm32f4xx_hal_tim.o(i.HAL_TIM_PWM_MspInit)
    HAL_TIM_PWM_PulseFinishedCallback        0x0800325b   Thumb Code     2  stm32f4xx_hal_tim.o(i.HAL_TIM_PWM_PulseFinishedCallback)
    HAL_TIM_PWM_Start                        0x0800325d   Thumb Code   172  stm32f4xx_hal_tim.o(i.HAL_TIM_PWM_Start)
    HAL_TIM_PeriodElapsedCallback            0x08003325   Thumb Code    14  main.o(i.HAL_TIM_PeriodElapsedCallback)
    HAL_TIM_TriggerCallback                  0x08003339   Thumb Code     2  stm32f4xx_hal_tim.o(i.HAL_TIM_TriggerCallback)
    HAL_UARTEx_RxEventCallback               0x0800333b   Thumb Code     2  stm32f4xx_hal_uart.o(i.HAL_UARTEx_RxEventCallback)
    HAL_UART_ErrorCallback                   0x0800333d   Thumb Code     2  stm32f4xx_hal_uart.o(i.HAL_UART_ErrorCallback)
    HAL_UART_IRQHandler                      0x08003341   Thumb Code   610  stm32f4xx_hal_uart.o(i.HAL_UART_IRQHandler)
    HAL_UART_Init                            0x080035a9   Thumb Code    98  stm32f4xx_hal_uart.o(i.HAL_UART_Init)
    HAL_UART_MspInit                         0x0800360d   Thumb Code   658  usart.o(i.HAL_UART_MspInit)
    HAL_UART_RxCpltCallback                  0x080038d1   Thumb Code     2  stm32f4xx_hal_uart.o(i.HAL_UART_RxCpltCallback)
    HAL_UART_Transmit_DMA                    0x080038d5   Thumb Code   126  stm32f4xx_hal_uart.o(i.HAL_UART_Transmit_DMA)
    HAL_UART_TxCpltCallback                  0x08003961   Thumb Code     2  stm32f4xx_hal_uart.o(i.HAL_UART_TxCpltCallback)
    HAL_UART_TxHalfCpltCallback              0x08003963   Thumb Code     2  stm32f4xx_hal_uart.o(i.HAL_UART_TxHalfCpltCallback)
    HardFault_Handler                        0x08003965   Thumb Code     2  stm32f4xx_it.o(i.HardFault_Handler)
    JUDGE_Receive                            0x08003969   Thumb Code   416  judge.o(i.JUDGE_Receive)
    MX_CAN1_Init                             0x08003b0d   Thumb Code    60  can.o(i.MX_CAN1_Init)
    MX_CAN2_Init                             0x08003b51   Thumb Code    60  can.o(i.MX_CAN2_Init)
    MX_DMA_Init                              0x08003b95   Thumb Code   168  dma.o(i.MX_DMA_Init)
    MX_FREERTOS_Init                         0x08003c41   Thumb Code    96  freertos.o(i.MX_FREERTOS_Init)
    MX_GPIO_Init                             0x08003ca9   Thumb Code   440  gpio.o(i.MX_GPIO_Init)
    MX_I2C3_Init                             0x08003e79   Thumb Code    50  i2c.o(i.MX_I2C3_Init)
    MX_SPI1_Init                             0x08003eb9   Thumb Code    64  spi.o(i.MX_SPI1_Init)
    MX_TIM10_Init                            0x08003f01   Thumb Code    92  tim.o(i.MX_TIM10_Init)
    MX_TIM1_Init                             0x08003f65   Thumb Code   196  tim.o(i.MX_TIM1_Init)
    MX_TIM2_Init                             0x08004031   Thumb Code    96  tim.o(i.MX_TIM2_Init)
    MX_TIM8_Init                             0x08004095   Thumb Code    96  tim.o(i.MX_TIM8_Init)
    MX_TIM9_Init                             0x080040fd   Thumb Code    68  tim.o(i.MX_TIM9_Init)
    MX_USART1_UART_Init                      0x08004149   Thumb Code    48  usart.o(i.MX_USART1_UART_Init)
    MX_USART3_UART_Init                      0x08004181   Thumb Code    46  usart.o(i.MX_USART3_UART_Init)
    MX_USART6_UART_Init                      0x080041bd   Thumb Code    48  usart.o(i.MX_USART6_UART_Init)
    MemManage_Handler                        0x080041f5   Thumb Code     2  stm32f4xx_it.o(i.MemManage_Handler)
    NMI_Handler                              0x08004277   Thumb Code     2  stm32f4xx_it.o(i.NMI_Handler)
    SPI1_IRQHandler                          0x08004279   Thumb Code     6  stm32f4xx_it.o(i.SPI1_IRQHandler)
    StartChassisTask                         0x08004295   Thumb Code   128  chassis_control.o(i.StartChassisTask)
    StartCheckTask                           0x08004329   Thumb Code     8  rc_check.o(i.StartCheckTask)
    StartDefaultTask                         0x08004331   Thumb Code    18  freertos.o(i.StartDefaultTask)
    StartGantryTask                          0x08004349   Thumb Code   188  gantry.o(i.StartGantryTask)
    SysTick_Handler                          0x08004425   Thumb Code    38  port.o(i.SysTick_Handler)
    SystemClock_Config                       0x08004451   Thumb Code   140  main.o(i.SystemClock_Config)
    SystemInit                               0x080044e5   Thumb Code    12  system_stm32f4xx.o(i.SystemInit)
    TIM1_BRK_TIM9_IRQHandler                 0x080044f5   Thumb Code    18  stm32f4xx_it.o(i.TIM1_BRK_TIM9_IRQHandler)
    TIM2_IRQHandler                          0x08004511   Thumb Code     6  stm32f4xx_it.o(i.TIM2_IRQHandler)
    TIM3_IRQHandler                          0x0800451d   Thumb Code     6  stm32f4xx_it.o(i.TIM3_IRQHandler)
    TIM8_BRK_TIM12_IRQHandler                0x08004529   Thumb Code     6  stm32f4xx_it.o(i.TIM8_BRK_TIM12_IRQHandler)
    TIM8_UP_TIM13_IRQHandler                 0x08004535   Thumb Code     6  stm32f4xx_it.o(i.TIM8_UP_TIM13_IRQHandler)
    TIM_Base_SetConfig                       0x08004541   Thumb Code   156  stm32f4xx_hal_tim.o(i.TIM_Base_SetConfig)
    TIM_CCxChannelCmd                        0x08004609   Thumb Code    26  stm32f4xx_hal_tim.o(i.TIM_CCxChannelCmd)
    TIM_ETR_SetConfig                        0x08004623   Thumb Code    20  stm32f4xx_hal_tim.o(i.TIM_ETR_SetConfig)
    TIM_OC2_SetConfig                        0x080046a9   Thumb Code    98  stm32f4xx_hal_tim.o(i.TIM_OC2_SetConfig)
    USART1_IRQHandler                        0x08004af1   Thumb Code     6  stm32f4xx_it.o(i.USART1_IRQHandler)
    USART3_IRQHandler                        0x08004afd   Thumb Code    18  stm32f4xx_it.o(i.USART3_IRQHandler)
    USART3_Init                              0x08004b15   Thumb Code    52  drv_usart.o(i.USART3_Init)
    USART3_rxDataHandler                     0x08004b51   Thumb Code   270  rc_potocal.o(i.USART3_rxDataHandler)
    USART6_IRQHandler                        0x08004c71   Thumb Code     6  stm32f4xx_it.o(i.USART6_IRQHandler)
    USART6_Init                              0x08004c7d   Thumb Code    52  drv_usart.o(i.USART6_Init)
    Update_data                              0x08004cb9   Thumb Code   156  judge.o(i.Update_data)
    UsageFault_Handler                       0x08004d61   Thumb Code     2  stm32f4xx_it.o(i.UsageFault_Handler)
    Verify_CRC16_Check_Sum                   0x08004d65   Thumb Code    54  crc.o(i.Verify_CRC16_Check_Sum)
    Verify_CRC8_Check_Sum                    0x08004da1   Thumb Code    38  crc.o(i.Verify_CRC8_Check_Sum)
    __hardfp_fabs                            0x08004de7   Thumb Code    20  fabs.o(i.__hardfp_fabs)
    main                                     0x08004e91   Thumb Code   108  main.o(i.main)
    osDelay                                  0x08004f0d   Thumb Code    14  cmsis_os.o(i.osDelay)
    osKernelStart                            0x08004f1b   Thumb Code    10  cmsis_os.o(i.osKernelStart)
    osThreadCreate                           0x08004f25   Thumb Code    84  cmsis_os.o(i.osThreadCreate)
    pid_calc                                 0x08004f79   Thumb Code   166  pid.o(i.pid_calc)
    pid_init                                 0x0800501f   Thumb Code     6  pid.o(i.pid_init)
    pvPortMalloc                             0x08005371   Thumb Code   216  heap_4.o(i.pvPortMalloc)
    pxPortInitialiseStack                    0x0800544d   Thumb Code    40  port.o(i.pxPortInitialiseStack)
    set_motor_voltage                        0x08005479   Thumb Code    86  pid.o(i.set_motor_voltage)
    set_motor_voltage_can_2                  0x080054d5   Thumb Code    86  pid.o(i.set_motor_voltage_can_2)
    uxListRemove                             0x080056ad   Thumb Code    38  list.o(i.uxListRemove)
    vApplicationGetIdleTaskMemory            0x080056d5   Thumb Code    16  freertos.o(i.vApplicationGetIdleTaskMemory)
    vListInitialise                          0x080056e9   Thumb Code    22  list.o(i.vListInitialise)
    vListInitialiseItem                      0x080056ff   Thumb Code     6  list.o(i.vListInitialiseItem)
    vListInsert                              0x08005705   Thumb Code    48  list.o(i.vListInsert)
    vListInsertEnd                           0x08005735   Thumb Code    24  list.o(i.vListInsertEnd)
    vPortEnterCritical                       0x0800574d   Thumb Code    54  port.o(i.vPortEnterCritical)
    vPortExitCritical                        0x0800578d   Thumb Code    34  port.o(i.vPortExitCritical)
    vPortFree                                0x080057b5   Thumb Code    94  heap_4.o(i.vPortFree)
    vPortSetupTimerInterrupt                 0x08005819   Thumb Code    32  port.o(i.vPortSetupTimerInterrupt)
    vTaskDelay                               0x0800583d   Thumb Code    66  tasks.o(i.vTaskDelay)
    vTaskStartScheduler                      0x08005889   Thumb Code    90  tasks.o(i.vTaskStartScheduler)
    vTaskSuspendAll                          0x080058f5   Thumb Code    10  tasks.o(i.vTaskSuspendAll)
    vTaskSwitchContext                       0x08005905   Thumb Code    82  tasks.o(i.vTaskSwitchContext)
    xPortStartScheduler                      0x08005961   Thumb Code   222  port.o(i.xPortStartScheduler)
    xTaskCreate                              0x08005a55   Thumb Code    90  tasks.o(i.xTaskCreate)
    xTaskCreateStatic                        0x08005aaf   Thumb Code    86  tasks.o(i.xTaskCreateStatic)
    xTaskIncrementTick                       0x08005b05   Thumb Code   194  tasks.o(i.xTaskIncrementTick)
    xTaskResumeAll                           0x08005bd1   Thumb Code   182  tasks.o(i.xTaskResumeAll)
    __aeabi_d2f                              0x08005c95   Thumb Code     0  d2f.o(x$fpl$d2f)
    _d2f                                     0x08005c95   Thumb Code    98  d2f.o(x$fpl$d2f)
    __aeabi_dadd                             0x08005cf9   Thumb Code     0  daddsub_clz.o(x$fpl$dadd)
    _dadd                                    0x08005cf9   Thumb Code   332  daddsub_clz.o(x$fpl$dadd)
    __fpl_dcmp_Inf                           0x08005e49   Thumb Code    24  dcmpi.o(x$fpl$dcmpinf)
    __aeabi_ddiv                             0x08005e61   Thumb Code     0  ddiv.o(x$fpl$ddiv)
    _ddiv                                    0x08005e61   Thumb Code   552  ddiv.o(x$fpl$ddiv)
    __aeabi_cdcmpeq                          0x08006111   Thumb Code     0  deqf.o(x$fpl$deqf)
    _dcmpeq                                  0x08006111   Thumb Code   120  deqf.o(x$fpl$deqf)
    __aeabi_d2iz                             0x08006189   Thumb Code     0  dfix.o(x$fpl$dfix)
    _dfix                                    0x08006189   Thumb Code    94  dfix.o(x$fpl$dfix)
    __aeabi_i2d                              0x080061e7   Thumb Code     0  dflt_clz.o(x$fpl$dflt)
    _dflt                                    0x080061e7   Thumb Code    46  dflt_clz.o(x$fpl$dflt)
    __aeabi_dmul                             0x08006215   Thumb Code     0  dmul.o(x$fpl$dmul)
    _dmul                                    0x08006215   Thumb Code   332  dmul.o(x$fpl$dmul)
    __fpl_dnaninf                            0x08006369   Thumb Code   156  dnaninf.o(x$fpl$dnaninf)
    __fpl_dretinf                            0x08006405   Thumb Code    12  dretinf.o(x$fpl$dretinf)
    __aeabi_dsub                             0x08006411   Thumb Code     0  daddsub_clz.o(x$fpl$dsub)
    _dsub                                    0x08006411   Thumb Code   464  daddsub_clz.o(x$fpl$dsub)
    __aeabi_f2d                              0x080065e5   Thumb Code     0  f2d.o(x$fpl$f2d)
    _f2d                                     0x080065e5   Thumb Code    86  f2d.o(x$fpl$f2d)
    __fpl_fnaninf                            0x0800663b   Thumb Code   140  fnaninf.o(x$fpl$fnaninf)
    _fp_init                                 0x080066c7   Thumb Code    10  fpinit.o(x$fpl$fpinit)
    __fplib_config_fpu_vfp                   0x080066cf   Thumb Code     0  fpinit.o(x$fpl$fpinit)
    __fplib_config_pureend_doubles           0x080066cf   Thumb Code     0  fpinit.o(x$fpl$fpinit)
    __fpl_fretinf                            0x080066d1   Thumb Code    10  fretinf.o(x$fpl$fretinf)
    __I$use$fp                               0x080066da   Number         0  usenofp.o(x$fpl$usenofp)
    AHBPrescTable                            0x08006754   Data          16  system_stm32f4xx.o(.constdata)
    APBPrescTable                            0x08006764   Data           8  system_stm32f4xx.o(.constdata)
    CRC8_TAB                                 0x0800676c   Data         256  crc.o(.constdata)
    wCRC_Table                               0x0800686c   Data         512  crc.o(.constdata)
    Region$$Table$$Base                      0x08006a9c   Number         0  anon$$obj.o(Region$$Table)
    Region$$Table$$Limit                     0x08006abc   Number         0  anon$$obj.o(Region$$Table)
    defaultTaskHandle                        0x20000000   Data           4  freertos.o(.data)
    chassisTaskHandle                        0x20000004   Data           4  freertos.o(.data)
    gantryTaskHandle                         0x20000008   Data           4  freertos.o(.data)
    checkTaskHandle                          0x2000000c   Data           4  freertos.o(.data)
    uwTickFreq                               0x20000014   Data           1  stm32f4xx_hal.o(.data)
    uwTickPrio                               0x20000018   Data           4  stm32f4xx_hal.o(.data)
    uwTick                                   0x2000001c   Data           4  stm32f4xx_hal.o(.data)
    SystemCoreClock                          0x20000020   Data           4  system_stm32f4xx.o(.data)
    pxCurrentTCB                             0x20000024   Data           4  tasks.o(.data)
    Gantry_PID                               0x2000008c   Data          20  gantry.o(.data)
    Vx                                       0x200000a0   Data           2  chassis_control.o(.data)
    Vy                                       0x200000a2   Data           2  chassis_control.o(.data)
    Wz                                       0x200000a4   Data           2  chassis_control.o(.data)
    Klimit                                   0x200000a8   Data           4  chassis_control.o(.data)
    Plimit                                   0x200000ac   Data           4  chassis_control.o(.data)
    Watch_Power_Max                          0x200000b0   Data           4  chassis_control.o(.data)
    Watch_Power                              0x200000b4   Data           4  chassis_control.o(.data)
    Watch_Buffer                             0x200000b8   Data           4  chassis_control.o(.data)
    Chassis_pidout_max                       0x200000bc   Data           4  chassis_control.o(.data)
    target_speed_can_2                       0x200000e0   Data           8  chassis_control.o(.data)
    Chassis_pidout                           0x200000e8   Data           8  chassis_control.o(.data)
    Chassis_PID                              0x200000f0   Data          20  chassis_control.o(.data)
    CRC_INIT                                 0x20000104   Data           2  crc.o(.data)
    judge_receive_length                     0x20000106   Data           1  drv_usart.o(.data)
    press_left                               0x20000108   Data           1  rc_potocal.o(.data)
    press_right                              0x20000109   Data           1  rc_potocal.o(.data)
    w_flag                                   0x2000010a   Data           2  rc_potocal.o(.data)
    s_flag                                   0x2000010c   Data           2  rc_potocal.o(.data)
    a_flag                                   0x2000010e   Data           2  rc_potocal.o(.data)
    d_flag                                   0x20000110   Data           2  rc_potocal.o(.data)
    q_flag                                   0x20000112   Data           2  rc_potocal.o(.data)
    e_flag                                   0x20000114   Data           2  rc_potocal.o(.data)
    shift_flag                               0x20000116   Data           2  rc_potocal.o(.data)
    ctrl_flag                                0x20000118   Data           2  rc_potocal.o(.data)
    r_flag                                   0x2000011a   Data           2  rc_potocal.o(.data)
    f_flag                                   0x2000011c   Data           2  rc_potocal.o(.data)
    g_flag                                   0x2000011e   Data           2  rc_potocal.o(.data)
    z_flag                                   0x20000120   Data           2  rc_potocal.o(.data)
    x_flag                                   0x20000122   Data           2  rc_potocal.o(.data)
    c_flag                                   0x20000124   Data           2  rc_potocal.o(.data)
    v_flag                                   0x20000126   Data           2  rc_potocal.o(.data)
    b_flag                                   0x20000128   Data           2  rc_potocal.o(.data)
    Flag_judge                               0x2000012c   Data           1  judge.o(.data)
    Flag_first                               0x2000012d   Data           1  judge.o(.data)
    Hero_level                               0x2000012e   Data           1  judge.o(.data)
    Hero_id                                  0x2000012f   Data           1  judge.o(.data)
    Flag_progress                            0x20000130   Data           1  judge.o(.data)
    Hero_42mm_speed_limit                    0x20000132   Data           2  judge.o(.data)
    Hero_chassis_power_limit                 0x20000134   Data           2  judge.o(.data)
    Hero_chassis_power_buffer                0x20000136   Data           2  judge.o(.data)
    Hero_chassis_power                       0x20000138   Data           4  judge.o(.data)
    Hero_42mm_speed                          0x2000013c   Data           4  judge.o(.data)
    target_speed                             0x20000140   Data          28  main.o(.bss)
    motor_info                               0x2000015c   Data          84  main.o(.bss)
    motor_info_can_2                         0x200001b0   Data          84  main.o(.bss)
    motor_pid                                0x20000204   Data         364  main.o(.bss)
    motor_pid_can_2                          0x20000370   Data         364  main.o(.bss)
    hcan1                                    0x20000730   Data          40  can.o(.bss)
    hcan2                                    0x20000758   Data          40  can.o(.bss)
    hi2c3                                    0x20000780   Data          84  i2c.o(.bss)
    hspi1                                    0x200007d4   Data          88  spi.o(.bss)
    hdma_spi1_tx                             0x2000082c   Data          96  spi.o(.bss)
    hdma_spi1_rx                             0x2000088c   Data          96  spi.o(.bss)
    htim1                                    0x200008ec   Data          72  tim.o(.bss)
    htim2                                    0x20000934   Data          72  tim.o(.bss)
    htim8                                    0x2000097c   Data          72  tim.o(.bss)
    htim9                                    0x200009c4   Data          72  tim.o(.bss)
    htim10                                   0x20000a0c   Data          72  tim.o(.bss)
    huart1                                   0x20000a54   Data          68  usart.o(.bss)
    huart3                                   0x20000a98   Data          68  usart.o(.bss)
    huart6                                   0x20000adc   Data          68  usart.o(.bss)
    hdma_usart1_tx                           0x20000b20   Data          96  usart.o(.bss)
    hdma_usart1_rx                           0x20000b80   Data          96  usart.o(.bss)
    hdma_usart3_rx                           0x20000be0   Data          96  usart.o(.bss)
    hdma_usart3_tx                           0x20000c40   Data          96  usart.o(.bss)
    hdma_usart6_rx                           0x20000ca0   Data          96  usart.o(.bss)
    hdma_usart6_tx                           0x20000d00   Data          96  usart.o(.bss)
    htim3                                    0x20000d60   Data          72  stm32f4xx_hal_timebase_tim.o(.bss)
    ramp                                     0x20004a98   Data          24  chassis_control.o(.bss)
    judge_dma_buffer                         0x20004ab0   Data         400  drv_usart.o(.bss)
    usart3_dma_rxbuf                         0x20004c40   Data          48  drv_usart.o(.bss)
    rc_ctrl                                  0x20004c70   Data          22  rc_potocal.o(.bss)
    Judge_Hero                               0x20004c86   Data         158  judge.o(.bss)
    __libspace_start                         0x20004d24   Data          96  libspace.o(.bss)
    __temporary_stack_top$libspace           0x20004d84   Data           0  libspace.o(.bss)



==============================================================================

Memory Map of the image

  Image Entry point : 0x08000189

  Load Region LR_IROM1 (Base: 0x08000000, Size: 0x00006bfc, Max: 0x00100000, ABSOLUTE, COMPRESSED[0x00006ae4])

    Execution Region ER_IROM1 (Exec base: 0x08000000, Load base: 0x08000000, Size: 0x00006abc, Max: 0x00100000, ABSOLUTE)

    Exec Addr    Load Addr    Size         Type   Attr      Idx    E Section Name        Object

    0x08000000   0x08000000   0x00000188   Data   RO            3    RESET               startup_stm32f407xx.o
    0x08000188   0x08000188   0x00000008   Code   RO         6219  * !!!main             c_w.l(__main.o)
    0x08000190   0x08000190   0x00000034   Code   RO         6437    !!!scatter          c_w.l(__scatter.o)
    0x080001c4   0x080001c4   0x0000005a   Code   RO         6435    !!dczerorl2         c_w.l(__dczerorl2.o)
    0x0800021e   0x0800021e   0x00000002   PAD
    0x08000220   0x08000220   0x0000001c   Code   RO         6439    !!handler_zi        c_w.l(__scatter_zi.o)
    0x0800023c   0x0800023c   0x00000002   Code   RO         6303    .ARM.Collect$$libinit$$00000000  c_w.l(libinit.o)
    0x0800023e   0x0800023e   0x00000004   Code   RO         6315    .ARM.Collect$$libinit$$00000001  c_w.l(libinit2.o)
    0x08000242   0x08000242   0x00000000   Code   RO         6318    .ARM.Collect$$libinit$$00000004  c_w.l(libinit2.o)
    0x08000242   0x08000242   0x00000000   Code   RO         6321    .ARM.Collect$$libinit$$0000000A  c_w.l(libinit2.o)
    0x08000242   0x08000242   0x00000000   Code   RO         6323    .ARM.Collect$$libinit$$0000000C  c_w.l(libinit2.o)
    0x08000242   0x08000242   0x00000000   Code   RO         6325    .ARM.Collect$$libinit$$0000000E  c_w.l(libinit2.o)
    0x08000242   0x08000242   0x00000000   Code   RO         6328    .ARM.Collect$$libinit$$00000011  c_w.l(libinit2.o)
    0x08000242   0x08000242   0x00000000   Code   RO         6330    .ARM.Collect$$libinit$$00000013  c_w.l(libinit2.o)
    0x08000242   0x08000242   0x00000000   Code   RO         6332    .ARM.Collect$$libinit$$00000015  c_w.l(libinit2.o)
    0x08000242   0x08000242   0x00000000   Code   RO         6334    .ARM.Collect$$libinit$$00000017  c_w.l(libinit2.o)
    0x08000242   0x08000242   0x00000000   Code   RO         6336    .ARM.Collect$$libinit$$00000019  c_w.l(libinit2.o)
    0x08000242   0x08000242   0x00000000   Code   RO         6338    .ARM.Collect$$libinit$$0000001B  c_w.l(libinit2.o)
    0x08000242   0x08000242   0x00000000   Code   RO         6340    .ARM.Collect$$libinit$$0000001D  c_w.l(libinit2.o)
    0x08000242   0x08000242   0x00000000   Code   RO         6342    .ARM.Collect$$libinit$$0000001F  c_w.l(libinit2.o)
    0x08000242   0x08000242   0x00000000   Code   RO         6344    .ARM.Collect$$libinit$$00000021  c_w.l(libinit2.o)
    0x08000242   0x08000242   0x00000000   Code   RO         6346    .ARM.Collect$$libinit$$00000023  c_w.l(libinit2.o)
    0x08000242   0x08000242   0x00000000   Code   RO         6348    .ARM.Collect$$libinit$$00000025  c_w.l(libinit2.o)
    0x08000242   0x08000242   0x00000000   Code   RO         6352    .ARM.Collect$$libinit$$0000002C  c_w.l(libinit2.o)
    0x08000242   0x08000242   0x00000000   Code   RO         6354    .ARM.Collect$$libinit$$0000002E  c_w.l(libinit2.o)
    0x08000242   0x08000242   0x00000000   Code   RO         6356    .ARM.Collect$$libinit$$00000030  c_w.l(libinit2.o)
    0x08000242   0x08000242   0x00000000   Code   RO         6358    .ARM.Collect$$libinit$$00000032  c_w.l(libinit2.o)
    0x08000242   0x08000242   0x00000002   Code   RO         6359    .ARM.Collect$$libinit$$00000033  c_w.l(libinit2.o)
    0x08000244   0x08000244   0x00000002   Code   RO         6390    .ARM.Collect$$libshutdown$$00000000  c_w.l(libshutdown.o)
    0x08000246   0x08000246   0x00000000   Code   RO         6416    .ARM.Collect$$libshutdown$$00000002  c_w.l(libshutdown2.o)
    0x08000246   0x08000246   0x00000000   Code   RO         6418    .ARM.Collect$$libshutdown$$00000004  c_w.l(libshutdown2.o)
    0x08000246   0x08000246   0x00000000   Code   RO         6420    .ARM.Collect$$libshutdown$$00000006  c_w.l(libshutdown2.o)
    0x08000246   0x08000246   0x00000000   Code   RO         6423    .ARM.Collect$$libshutdown$$00000009  c_w.l(libshutdown2.o)
    0x08000246   0x08000246   0x00000000   Code   RO         6426    .ARM.Collect$$libshutdown$$0000000C  c_w.l(libshutdown2.o)
    0x08000246   0x08000246   0x00000000   Code   RO         6428    .ARM.Collect$$libshutdown$$0000000E  c_w.l(libshutdown2.o)
    0x08000246   0x08000246   0x00000000   Code   RO         6431    .ARM.Collect$$libshutdown$$00000011  c_w.l(libshutdown2.o)
    0x08000246   0x08000246   0x00000002   Code   RO         6432    .ARM.Collect$$libshutdown$$00000012  c_w.l(libshutdown2.o)
    0x08000248   0x08000248   0x00000000   Code   RO         6255    .ARM.Collect$$rtentry$$00000000  c_w.l(__rtentry.o)
    0x08000248   0x08000248   0x00000000   Code   RO         6274    .ARM.Collect$$rtentry$$00000002  c_w.l(__rtentry2.o)
    0x08000248   0x08000248   0x00000006   Code   RO         6286    .ARM.Collect$$rtentry$$00000004  c_w.l(__rtentry4.o)
    0x0800024e   0x0800024e   0x00000000   Code   RO         6276    .ARM.Collect$$rtentry$$00000009  c_w.l(__rtentry2.o)
    0x0800024e   0x0800024e   0x00000004   Code   RO         6277    .ARM.Collect$$rtentry$$0000000A  c_w.l(__rtentry2.o)
    0x08000252   0x08000252   0x00000000   Code   RO         6279    .ARM.Collect$$rtentry$$0000000C  c_w.l(__rtentry2.o)
    0x08000252   0x08000252   0x00000008   Code   RO         6280    .ARM.Collect$$rtentry$$0000000D  c_w.l(__rtentry2.o)
    0x0800025a   0x0800025a   0x00000002   Code   RO         6307    .ARM.Collect$$rtexit$$00000000  c_w.l(rtexit.o)
    0x0800025c   0x0800025c   0x00000000   Code   RO         6363    .ARM.Collect$$rtexit$$00000002  c_w.l(rtexit2.o)
    0x0800025c   0x0800025c   0x00000004   Code   RO         6364    .ARM.Collect$$rtexit$$00000003  c_w.l(rtexit2.o)
    0x08000260   0x08000260   0x00000006   Code   RO         6365    .ARM.Collect$$rtexit$$00000004  c_w.l(rtexit2.o)
    0x08000266   0x08000266   0x00000002   PAD
    0x08000268   0x08000268   0x000000be   Code   RO         5639    .emb_text           port.o
    0x08000326   0x08000326   0x00000002   PAD
    0x08000328   0x08000328   0x00000040   Code   RO            4    .text               startup_stm32f407xx.o
    0x08000368   0x08000368   0x000000ee   Code   RO         6207    .text               c_w.l(lludivv7m.o)
    0x08000456   0x08000456   0x0000008a   Code   RO         6209    .text               c_w.l(rt_memcpy_v6.o)
    0x080004e0   0x080004e0   0x00000064   Code   RO         6211    .text               c_w.l(rt_memcpy_w.o)
    0x08000544   0x08000544   0x0000004e   Code   RO         6215    .text               c_w.l(rt_memclr_w.o)
    0x08000592   0x08000592   0x00000006   Code   RO         6217    .text               c_w.l(heapauxi.o)
    0x08000598   0x08000598   0x0000004a   Code   RO         6290    .text               c_w.l(sys_stackheap_outer.o)
    0x080005e2   0x080005e2   0x00000012   Code   RO         6292    .text               c_w.l(exit.o)
    0x080005f4   0x080005f4   0x00000008   Code   RO         6304    .text               c_w.l(libspace.o)
    0x080005fc   0x080005fc   0x0000000c   Code   RO         6360    .text               c_w.l(sys_exit.o)
    0x08000608   0x08000608   0x00000002   Code   RO         6379    .text               c_w.l(use_no_semi.o)
    0x0800060a   0x0800060a   0x00000000   Code   RO         6381    .text               c_w.l(indicate_semi.o)
    0x0800060a   0x0800060a   0x00000002   Code   RO          651    i.BusFault_Handler  stm32f4xx_it.o
    0x0800060c   0x0800060c   0x0000003c   Code   RO         6093    i.CAN1_Init         drv_can.o
    0x08000648   0x08000648   0x0000000c   Code   RO          652    i.CAN1_RX0_IRQHandler  stm32f4xx_it.o
    0x08000654   0x08000654   0x0000000c   Code   RO          653    i.CAN1_TX_IRQHandler  stm32f4xx_it.o
    0x08000660   0x08000660   0x0000003c   Code   RO         6094    i.CAN2_Init         drv_can.o
    0x0800069c   0x0800069c   0x0000000c   Code   RO          654    i.CAN2_RX0_IRQHandler  stm32f4xx_it.o
    0x080006a8   0x080006a8   0x0000000c   Code   RO          655    i.CAN2_TX_IRQHandler  stm32f4xx_it.o
    0x080006b4   0x080006b4   0x00000340   Code   RO         5783    i.Chassis_Power_Limit  chassis_control.o
    0x080009f4   0x080009f4   0x000000e0   Code   RO         5784    i.Chassis_keyboard_mode_2  chassis_control.o
    0x08000ad4   0x08000ad4   0x00000200   Code   RO         5785    i.Chassis_mode      chassis_control.o
    0x08000cd4   0x08000cd4   0x0000003c   Code   RO         5786    i.Chassis_motol_speed_calculate  chassis_control.o
    0x08000d10   0x08000d10   0x0000000c   Code   RO          656    i.DMA1_Stream1_IRQHandler  stm32f4xx_it.o
    0x08000d1c   0x08000d1c   0x0000000c   Code   RO          657    i.DMA1_Stream3_IRQHandler  stm32f4xx_it.o
    0x08000d28   0x08000d28   0x0000000c   Code   RO          658    i.DMA2_Stream0_IRQHandler  stm32f4xx_it.o
    0x08000d34   0x08000d34   0x0000001c   Code   RO          659    i.DMA2_Stream1_IRQHandler  stm32f4xx_it.o
    0x08000d50   0x08000d50   0x0000000c   Code   RO          660    i.DMA2_Stream2_IRQHandler  stm32f4xx_it.o
    0x08000d5c   0x08000d5c   0x0000000c   Code   RO          661    i.DMA2_Stream3_IRQHandler  stm32f4xx_it.o
    0x08000d68   0x08000d68   0x0000000c   Code   RO          662    i.DMA2_Stream6_IRQHandler  stm32f4xx_it.o
    0x08000d74   0x08000d74   0x0000000c   Code   RO          663    i.DMA2_Stream7_IRQHandler  stm32f4xx_it.o
    0x08000d80   0x08000d80   0x00000244   Code   RO         6026    i.DMAEx_MultiBufferStart_NoIT  drv_usart.o
    0x08000fc4   0x08000fc4   0x00000028   Code   RO         1609    i.DMA_CalcBaseAndBitshift  stm32f4xx_hal_dma.o
    0x08000fec   0x08000fec   0x00000054   Code   RO         1610    i.DMA_CheckFifoParam  stm32f4xx_hal_dma.o
    0x08001040   0x08001040   0x00000028   Code   RO         1611    i.DMA_SetConfig     stm32f4xx_hal_dma.o
    0x08001068   0x08001068   0x00000014   Code   RO         6027    i.DRV_USART3_IRQHandler  drv_usart.o
    0x0800107c   0x0800107c   0x00000014   Code   RO         6028    i.DRV_USART6_IRQHandler  drv_usart.o
    0x08001090   0x08001090   0x00000002   Code   RO          664    i.DebugMon_Handler  stm32f4xx_it.o
    0x08001092   0x08001092   0x00000006   Code   RO          665    i.EXTI3_IRQHandler  stm32f4xx_it.o
    0x08001098   0x08001098   0x00000006   Code   RO          666    i.EXTI4_IRQHandler  stm32f4xx_it.o
    0x0800109e   0x0800109e   0x00000006   Code   RO          667    i.EXTI9_5_IRQHandler  stm32f4xx_it.o
    0x080010a4   0x080010a4   0x00000004   Code   RO           13    i.Error_Handler     main.o
    0x080010a8   0x080010a8   0x00000064   Code   RO         5719    i.Gantry_Mode       gantry.o
    0x0800110c   0x0800110c   0x00000068   Code   RO         5720    i.Gantry_Slow       gantry.o
    0x08001174   0x08001174   0x0000002c   Code   RO         5848    i.Get_CRC16_Check_Sum  crc.o
    0x080011a0   0x080011a0   0x0000001c   Code   RO         5849    i.Get_CRC8_Check_Sum  crc.o
    0x080011bc   0x080011bc   0x00000024   Code   RO          917    i.HAL_CAN_ActivateNotification  stm32f4xx_hal_can.o
    0x080011e0   0x080011e0   0x000000dc   Code   RO          918    i.HAL_CAN_AddTxMessage  stm32f4xx_hal_can.o
    0x080012bc   0x080012bc   0x0000010c   Code   RO          919    i.HAL_CAN_ConfigFilter  stm32f4xx_hal_can.o
    0x080013c8   0x080013c8   0x00000002   Code   RO          922    i.HAL_CAN_ErrorCallback  stm32f4xx_hal_can.o
    0x080013ca   0x080013ca   0x000000e8   Code   RO          925    i.HAL_CAN_GetRxMessage  stm32f4xx_hal_can.o
    0x080014b2   0x080014b2   0x000001fc   Code   RO          929    i.HAL_CAN_IRQHandler  stm32f4xx_hal_can.o
    0x080016ae   0x080016ae   0x0000011a   Code   RO          930    i.HAL_CAN_Init      stm32f4xx_hal_can.o
    0x080017c8   0x080017c8   0x0000011c   Code   RO          365    i.HAL_CAN_MspInit   can.o
    0x080018e4   0x080018e4   0x00000002   Code   RO          937    i.HAL_CAN_RxFifo0FullCallback  stm32f4xx_hal_can.o
    0x080018e6   0x080018e6   0x00000002   PAD
    0x080018e8   0x080018e8   0x000000ac   Code   RO         6095    i.HAL_CAN_RxFifo0MsgPendingCallback  drv_can.o
    0x08001994   0x08001994   0x00000002   Code   RO          939    i.HAL_CAN_RxFifo1FullCallback  stm32f4xx_hal_can.o
    0x08001996   0x08001996   0x00000002   Code   RO          940    i.HAL_CAN_RxFifo1MsgPendingCallback  stm32f4xx_hal_can.o
    0x08001998   0x08001998   0x00000002   Code   RO          941    i.HAL_CAN_SleepCallback  stm32f4xx_hal_can.o
    0x0800199a   0x0800199a   0x00000002   PAD
    0x0800199c   0x0800199c   0x00000058   Code   RO          942    i.HAL_CAN_Start     stm32f4xx_hal_can.o
    0x080019f4   0x080019f4   0x00000002   Code   RO          944    i.HAL_CAN_TxMailbox0AbortCallback  stm32f4xx_hal_can.o
    0x080019f6   0x080019f6   0x00000002   Code   RO          945    i.HAL_CAN_TxMailbox0CompleteCallback  stm32f4xx_hal_can.o
    0x080019f8   0x080019f8   0x00000002   Code   RO          946    i.HAL_CAN_TxMailbox1AbortCallback  stm32f4xx_hal_can.o
    0x080019fa   0x080019fa   0x00000002   Code   RO          947    i.HAL_CAN_TxMailbox1CompleteCallback  stm32f4xx_hal_can.o
    0x080019fc   0x080019fc   0x00000002   Code   RO          948    i.HAL_CAN_TxMailbox2AbortCallback  stm32f4xx_hal_can.o
    0x080019fe   0x080019fe   0x00000002   Code   RO          949    i.HAL_CAN_TxMailbox2CompleteCallback  stm32f4xx_hal_can.o
    0x08001a00   0x08001a00   0x00000002   Code   RO          951    i.HAL_CAN_WakeUpFromRxMsgCallback  stm32f4xx_hal_can.o
    0x08001a02   0x08001a02   0x00000092   Code   RO         1612    i.HAL_DMA_Abort     stm32f4xx_hal_dma.o
    0x08001a94   0x08001a94   0x00000024   Code   RO         1613    i.HAL_DMA_Abort_IT  stm32f4xx_hal_dma.o
    0x08001ab8   0x08001ab8   0x000001a0   Code   RO         1617    i.HAL_DMA_IRQHandler  stm32f4xx_hal_dma.o
    0x08001c58   0x08001c58   0x000000d4   Code   RO         1618    i.HAL_DMA_Init      stm32f4xx_hal_dma.o
    0x08001d2c   0x08001d2c   0x0000006e   Code   RO         1622    i.HAL_DMA_Start_IT  stm32f4xx_hal_dma.o
    0x08001d9a   0x08001d9a   0x00000002   Code   RO         1503    i.HAL_GPIO_EXTI_Callback  stm32f4xx_hal_gpio.o
    0x08001d9c   0x08001d9c   0x00000018   Code   RO         1504    i.HAL_GPIO_EXTI_IRQHandler  stm32f4xx_hal_gpio.o
    0x08001db4   0x08001db4   0x000001f0   Code   RO         1505    i.HAL_GPIO_Init     stm32f4xx_hal_gpio.o
    0x08001fa4   0x08001fa4   0x00000010   Code   RO         1508    i.HAL_GPIO_TogglePin  stm32f4xx_hal_gpio.o
    0x08001fb4   0x08001fb4   0x0000000a   Code   RO         1509    i.HAL_GPIO_WritePin  stm32f4xx_hal_gpio.o
    0x08001fbe   0x08001fbe   0x00000002   PAD
    0x08001fc0   0x08001fc0   0x0000000c   Code   RO         2037    i.HAL_GetTick       stm32f4xx_hal.o
    0x08001fcc   0x08001fcc   0x00000188   Code   RO         2293    i.HAL_I2C_Init      stm32f4xx_hal_i2c.o
    0x08002154   0x08002154   0x00000094   Code   RO          438    i.HAL_I2C_MspInit   i2c.o
    0x080021e8   0x080021e8   0x00000010   Code   RO         2043    i.HAL_IncTick       stm32f4xx_hal.o
    0x080021f8   0x080021f8   0x00000034   Code   RO         2044    i.HAL_Init          stm32f4xx_hal.o
    0x0800222c   0x0800222c   0x00000098   Code   RO          877    i.HAL_InitTick      stm32f4xx_hal_timebase_tim.o
    0x080022c4   0x080022c4   0x00000048   Code   RO          853    i.HAL_MspInit       stm32f4xx_hal_msp.o
    0x0800230c   0x0800230c   0x0000001a   Code   RO         1894    i.HAL_NVIC_EnableIRQ  stm32f4xx_hal_cortex.o
    0x08002326   0x08002326   0x00000002   PAD
    0x08002328   0x08002328   0x00000040   Code   RO         1900    i.HAL_NVIC_SetPriority  stm32f4xx_hal_cortex.o
    0x08002368   0x08002368   0x00000024   Code   RO         1901    i.HAL_NVIC_SetPriorityGrouping  stm32f4xx_hal_cortex.o
    0x0800238c   0x0800238c   0x00000134   Code   RO         1151    i.HAL_RCC_ClockConfig  stm32f4xx_hal_rcc.o
    0x080024c0   0x080024c0   0x00000040   Code   RO         1155    i.HAL_RCC_GetClockConfig  stm32f4xx_hal_rcc.o
    0x08002500   0x08002500   0x00000020   Code   RO         1158    i.HAL_RCC_GetPCLK1Freq  stm32f4xx_hal_rcc.o
    0x08002520   0x08002520   0x00000020   Code   RO         1159    i.HAL_RCC_GetPCLK2Freq  stm32f4xx_hal_rcc.o
    0x08002540   0x08002540   0x00000064   Code   RO         1160    i.HAL_RCC_GetSysClockFreq  stm32f4xx_hal_rcc.o
    0x080025a4   0x080025a4   0x0000036c   Code   RO         1163    i.HAL_RCC_OscConfig  stm32f4xx_hal_rcc.o
    0x08002910   0x08002910   0x00000002   Code   RO         2739    i.HAL_SPI_ErrorCallback  stm32f4xx_hal_spi.o
    0x08002912   0x08002912   0x00000002   PAD
    0x08002914   0x08002914   0x000000fc   Code   RO         2742    i.HAL_SPI_IRQHandler  stm32f4xx_hal_spi.o
    0x08002a10   0x08002a10   0x000000bc   Code   RO         2743    i.HAL_SPI_Init      stm32f4xx_hal_spi.o
    0x08002acc   0x08002acc   0x0000010c   Code   RO          480    i.HAL_SPI_MspInit   spi.o
    0x08002bd8   0x08002bd8   0x00000002   Code   RO         3760    i.HAL_TIMEx_BreakCallback  stm32f4xx_hal_tim_ex.o
    0x08002bda   0x08002bda   0x00000002   Code   RO         3761    i.HAL_TIMEx_CommutCallback  stm32f4xx_hal_tim_ex.o
    0x08002bdc   0x08002bdc   0x00000054   Code   RO         3763    i.HAL_TIMEx_ConfigBreakDeadTime  stm32f4xx_hal_tim_ex.o
    0x08002c30   0x08002c30   0x00000090   Code   RO         3779    i.HAL_TIMEx_MasterConfigSynchronization  stm32f4xx_hal_tim_ex.o
    0x08002cc0   0x08002cc0   0x0000005a   Code   RO         3056    i.HAL_TIM_Base_Init  stm32f4xx_hal_tim.o
    0x08002d1a   0x08002d1a   0x00000002   PAD
    0x08002d1c   0x08002d1c   0x000000d0   Code   RO          522    i.HAL_TIM_Base_MspInit  tim.o
    0x08002dec   0x08002dec   0x00000080   Code   RO         3061    i.HAL_TIM_Base_Start_IT  stm32f4xx_hal_tim.o
    0x08002e6c   0x08002e6c   0x000000dc   Code   RO         3065    i.HAL_TIM_ConfigClockSource  stm32f4xx_hal_tim.o
    0x08002f48   0x08002f48   0x00000002   Code   RO         3090    i.HAL_TIM_IC_CaptureCallback  stm32f4xx_hal_tim.o
    0x08002f4a   0x08002f4a   0x00000166   Code   RO         3104    i.HAL_TIM_IRQHandler  stm32f4xx_hal_tim.o
    0x080030b0   0x080030b0   0x00000080   Code   RO          523    i.HAL_TIM_MspPostInit  tim.o
    0x08003130   0x08003130   0x00000002   Code   RO         3107    i.HAL_TIM_OC_DelayElapsedCallback  stm32f4xx_hal_tim.o
    0x08003132   0x08003132   0x000000cc   Code   RO         3128    i.HAL_TIM_PWM_ConfigChannel  stm32f4xx_hal_tim.o
    0x080031fe   0x080031fe   0x0000005a   Code   RO         3131    i.HAL_TIM_PWM_Init  stm32f4xx_hal_tim.o
    0x08003258   0x08003258   0x00000002   Code   RO         3133    i.HAL_TIM_PWM_MspInit  stm32f4xx_hal_tim.o
    0x0800325a   0x0800325a   0x00000002   Code   RO         3134    i.HAL_TIM_PWM_PulseFinishedCallback  stm32f4xx_hal_tim.o
    0x0800325c   0x0800325c   0x000000c8   Code   RO         3136    i.HAL_TIM_PWM_Start  stm32f4xx_hal_tim.o
    0x08003324   0x08003324   0x00000014   Code   RO           14    i.HAL_TIM_PeriodElapsedCallback  main.o
    0x08003338   0x08003338   0x00000002   Code   RO         3147    i.HAL_TIM_TriggerCallback  stm32f4xx_hal_tim.o
    0x0800333a   0x0800333a   0x00000002   Code   RO         4038    i.HAL_UARTEx_RxEventCallback  stm32f4xx_hal_uart.o
    0x0800333c   0x0800333c   0x00000002   Code   RO         4052    i.HAL_UART_ErrorCallback  stm32f4xx_hal_uart.o
    0x0800333e   0x0800333e   0x00000002   PAD
    0x08003340   0x08003340   0x00000268   Code   RO         4055    i.HAL_UART_IRQHandler  stm32f4xx_hal_uart.o
    0x080035a8   0x080035a8   0x00000062   Code   RO         4056    i.HAL_UART_Init     stm32f4xx_hal_uart.o
    0x0800360a   0x0800360a   0x00000002   PAD
    0x0800360c   0x0800360c   0x000002c4   Code   RO          594    i.HAL_UART_MspInit  usart.o
    0x080038d0   0x080038d0   0x00000002   Code   RO         4062    i.HAL_UART_RxCpltCallback  stm32f4xx_hal_uart.o
    0x080038d2   0x080038d2   0x00000002   PAD
    0x080038d4   0x080038d4   0x0000008c   Code   RO         4065    i.HAL_UART_Transmit_DMA  stm32f4xx_hal_uart.o
    0x08003960   0x08003960   0x00000002   Code   RO         4067    i.HAL_UART_TxCpltCallback  stm32f4xx_hal_uart.o
    0x08003962   0x08003962   0x00000002   Code   RO         4068    i.HAL_UART_TxHalfCpltCallback  stm32f4xx_hal_uart.o
    0x08003964   0x08003964   0x00000002   Code   RO          668    i.HardFault_Handler  stm32f4xx_it.o
    0x08003966   0x08003966   0x00000002   PAD
    0x08003968   0x08003968   0x000001a4   Code   RO         6170    i.JUDGE_Receive     judge.o
    0x08003b0c   0x08003b0c   0x00000044   Code   RO          366    i.MX_CAN1_Init      can.o
    0x08003b50   0x08003b50   0x00000044   Code   RO          367    i.MX_CAN2_Init      can.o
    0x08003b94   0x08003b94   0x000000ac   Code   RO          413    i.MX_DMA_Init       dma.o
    0x08003c40   0x08003c40   0x00000068   Code   RO          295    i.MX_FREERTOS_Init  freertos.o
    0x08003ca8   0x08003ca8   0x000001d0   Code   RO          267    i.MX_GPIO_Init      gpio.o
    0x08003e78   0x08003e78   0x00000040   Code   RO          439    i.MX_I2C3_Init      i2c.o
    0x08003eb8   0x08003eb8   0x00000048   Code   RO          481    i.MX_SPI1_Init      spi.o
    0x08003f00   0x08003f00   0x00000064   Code   RO          524    i.MX_TIM10_Init     tim.o
    0x08003f64   0x08003f64   0x000000cc   Code   RO          525    i.MX_TIM1_Init      tim.o
    0x08004030   0x08004030   0x00000064   Code   RO          526    i.MX_TIM2_Init      tim.o
    0x08004094   0x08004094   0x00000068   Code   RO          527    i.MX_TIM8_Init      tim.o
    0x080040fc   0x080040fc   0x0000004c   Code   RO          528    i.MX_TIM9_Init      tim.o
    0x08004148   0x08004148   0x00000038   Code   RO          595    i.MX_USART1_UART_Init  usart.o
    0x08004180   0x08004180   0x0000003c   Code   RO          596    i.MX_USART3_UART_Init  usart.o
    0x080041bc   0x080041bc   0x00000038   Code   RO          597    i.MX_USART6_UART_Init  usart.o
    0x080041f4   0x080041f4   0x00000002   Code   RO          669    i.MemManage_Handler  stm32f4xx_it.o
    0x080041f6   0x080041f6   0x00000002   PAD
    0x080041f8   0x080041f8   0x0000007e   Code   RO         5787    i.Motor_Speed_limiting  chassis_control.o
    0x08004276   0x08004276   0x00000002   Code   RO          670    i.NMI_Handler       stm32f4xx_it.o
    0x08004278   0x08004278   0x0000000c   Code   RO          671    i.SPI1_IRQHandler   stm32f4xx_it.o
    0x08004284   0x08004284   0x00000010   Code   RO         2770    i.SPI_DMAAbortOnError  stm32f4xx_hal_spi.o
    0x08004294   0x08004294   0x00000094   Code   RO         5788    i.StartChassisTask  chassis_control.o
    0x08004328   0x08004328   0x00000008   Code   RO         5759    i.StartCheckTask    rc_check.o
    0x08004330   0x08004330   0x00000018   Code   RO          296    i.StartDefaultTask  freertos.o
    0x08004348   0x08004348   0x000000dc   Code   RO         5721    i.StartGantryTask   gantry.o
    0x08004424   0x08004424   0x0000002c   Code   RO         5640    i.SysTick_Handler   port.o
    0x08004450   0x08004450   0x00000094   Code   RO           15    i.SystemClock_Config  main.o
    0x080044e4   0x080044e4   0x00000010   Code   RO         4385    i.SystemInit        system_stm32f4xx.o
    0x080044f4   0x080044f4   0x0000001c   Code   RO          672    i.TIM1_BRK_TIM9_IRQHandler  stm32f4xx_it.o
    0x08004510   0x08004510   0x0000000c   Code   RO          673    i.TIM2_IRQHandler   stm32f4xx_it.o
    0x0800451c   0x0800451c   0x0000000c   Code   RO          674    i.TIM3_IRQHandler   stm32f4xx_it.o
    0x08004528   0x08004528   0x0000000c   Code   RO          675    i.TIM8_BRK_TIM12_IRQHandler  stm32f4xx_it.o
    0x08004534   0x08004534   0x0000000c   Code   RO          676    i.TIM8_UP_TIM13_IRQHandler  stm32f4xx_it.o
    0x08004540   0x08004540   0x000000c8   Code   RO         3149    i.TIM_Base_SetConfig  stm32f4xx_hal_tim.o
    0x08004608   0x08004608   0x0000001a   Code   RO         3150    i.TIM_CCxChannelCmd  stm32f4xx_hal_tim.o
    0x08004622   0x08004622   0x00000014   Code   RO         3160    i.TIM_ETR_SetConfig  stm32f4xx_hal_tim.o
    0x08004636   0x08004636   0x00000010   Code   RO         3161    i.TIM_ITRx_SetConfig  stm32f4xx_hal_tim.o
    0x08004646   0x08004646   0x00000002   PAD
    0x08004648   0x08004648   0x00000060   Code   RO         3162    i.TIM_OC1_SetConfig  stm32f4xx_hal_tim.o
    0x080046a8   0x080046a8   0x0000006c   Code   RO         3163    i.TIM_OC2_SetConfig  stm32f4xx_hal_tim.o
    0x08004714   0x08004714   0x00000068   Code   RO         3164    i.TIM_OC3_SetConfig  stm32f4xx_hal_tim.o
    0x0800477c   0x0800477c   0x00000050   Code   RO         3165    i.TIM_OC4_SetConfig  stm32f4xx_hal_tim.o
    0x080047cc   0x080047cc   0x00000022   Code   RO         3167    i.TIM_TI1_ConfigInputStage  stm32f4xx_hal_tim.o
    0x080047ee   0x080047ee   0x00000024   Code   RO         3169    i.TIM_TI2_ConfigInputStage  stm32f4xx_hal_tim.o
    0x08004812   0x08004812   0x00000010   Code   RO         4069    i.UART_DMAAbortOnError  stm32f4xx_hal_uart.o
    0x08004822   0x08004822   0x0000004a   Code   RO         4070    i.UART_DMAError     stm32f4xx_hal_uart.o
    0x0800486c   0x0800486c   0x00000042   Code   RO         4075    i.UART_DMATransmitCplt  stm32f4xx_hal_uart.o
    0x080048ae   0x080048ae   0x0000000a   Code   RO         4077    i.UART_DMATxHalfCplt  stm32f4xx_hal_uart.o
    0x080048b8   0x080048b8   0x0000004e   Code   RO         4079    i.UART_EndRxTransfer  stm32f4xx_hal_uart.o
    0x08004906   0x08004906   0x0000001c   Code   RO         4080    i.UART_EndTxTransfer  stm32f4xx_hal_uart.o
    0x08004922   0x08004922   0x000000c0   Code   RO         4081    i.UART_Receive_IT   stm32f4xx_hal_uart.o
    0x080049e2   0x080049e2   0x00000002   PAD
    0x080049e4   0x080049e4   0x0000010c   Code   RO         4082    i.UART_SetConfig    stm32f4xx_hal_uart.o
    0x08004af0   0x08004af0   0x0000000c   Code   RO          677    i.USART1_IRQHandler  stm32f4xx_it.o
    0x08004afc   0x08004afc   0x00000018   Code   RO          678    i.USART3_IRQHandler  stm32f4xx_it.o
    0x08004b14   0x08004b14   0x0000003c   Code   RO         6029    i.USART3_Init       drv_usart.o
    0x08004b50   0x08004b50   0x00000120   Code   RO         6137    i.USART3_rxDataHandler  rc_potocal.o
    0x08004c70   0x08004c70   0x0000000c   Code   RO          679    i.USART6_IRQHandler  stm32f4xx_it.o
    0x08004c7c   0x08004c7c   0x0000003c   Code   RO         6030    i.USART6_Init       drv_usart.o
    0x08004cb8   0x08004cb8   0x000000a8   Code   RO         6171    i.Update_data       judge.o
    0x08004d60   0x08004d60   0x00000002   Code   RO          680    i.UsageFault_Handler  stm32f4xx_it.o
    0x08004d62   0x08004d62   0x00000002   PAD
    0x08004d64   0x08004d64   0x0000003c   Code   RO         5850    i.Verify_CRC16_Check_Sum  crc.o
    0x08004da0   0x08004da0   0x00000026   Code   RO         5851    i.Verify_CRC8_Check_Sum  crc.o
    0x08004dc6   0x08004dc6   0x00000020   Code   RO         1907    i.__NVIC_SetPriority  stm32f4xx_hal_cortex.o
    0x08004de6   0x08004de6   0x00000014   Code   RO         6249    i.__hardfp_fabs     m_wm.l(fabs.o)
    0x08004dfa   0x08004dfa   0x00000002   PAD
    0x08004dfc   0x08004dfc   0x0000004c   Code   RO         6031    i.dma_m0_rxcplt_callback  drv_usart.o
    0x08004e48   0x08004e48   0x00000048   Code   RO         6032    i.dma_m1_rxcplt_callback  drv_usart.o
    0x08004e90   0x08004e90   0x00000070   Code   RO           16    i.main              main.o
    0x08004f00   0x08004f00   0x0000000c   Code   RO         5205    i.makeFreeRtosPriority  cmsis_os.o
    0x08004f0c   0x08004f0c   0x0000000e   Code   RO         5207    i.osDelay           cmsis_os.o
    0x08004f1a   0x08004f1a   0x0000000a   Code   RO         5210    i.osKernelStart     cmsis_os.o
    0x08004f24   0x08004f24   0x00000054   Code   RO         5244    i.osThreadCreate    cmsis_os.o
    0x08004f78   0x08004f78   0x000000a6   Code   RO         5983    i.pid_calc          pid.o
    0x0800501e   0x0800501e   0x00000006   Code   RO         5984    i.pid_init          pid.o
    0x08005024   0x08005024   0x00000070   Code   RO         4887    i.prvAddCurrentTaskToDelayedList  tasks.o
    0x08005094   0x08005094   0x000000d0   Code   RO         4888    i.prvAddNewTaskToReadyList  tasks.o
    0x08005164   0x08005164   0x00000034   Code   RO         4889    i.prvDeleteTCB      tasks.o
    0x08005198   0x08005198   0x0000004c   Code   RO         5572    i.prvHeapInit       heap_4.o
    0x080051e4   0x080051e4   0x00000060   Code   RO         4890    i.prvIdleTask       tasks.o
    0x08005244   0x08005244   0x00000098   Code   RO         4891    i.prvInitialiseNewTask  tasks.o
    0x080052dc   0x080052dc   0x0000004c   Code   RO         5573    i.prvInsertBlockIntoFreeList  heap_4.o
    0x08005328   0x08005328   0x00000020   Code   RO         4892    i.prvResetNextTaskUnblockTime  tasks.o
    0x08005348   0x08005348   0x00000028   Code   RO         5641    i.prvTaskExitError  port.o
    0x08005370   0x08005370   0x000000dc   Code   RO         5574    i.pvPortMalloc      heap_4.o
    0x0800544c   0x0800544c   0x0000002c   Code   RO         5642    i.pxPortInitialiseStack  port.o
    0x08005478   0x08005478   0x0000005c   Code   RO         5985    i.set_motor_voltage  pid.o
    0x080054d4   0x080054d4   0x0000005c   Code   RO         5986    i.set_motor_voltage_can_2  pid.o
    0x08005530   0x08005530   0x000000e0   Code   RO         5789    i.speed_ramp        chassis_control.o
    0x08005610   0x08005610   0x0000009c   Code   RO         6033    i.uart_rx_idle_callback  drv_usart.o
    0x080056ac   0x080056ac   0x00000026   Code   RO         4523    i.uxListRemove      list.o
    0x080056d2   0x080056d2   0x00000002   PAD
    0x080056d4   0x080056d4   0x00000014   Code   RO          297    i.vApplicationGetIdleTaskMemory  freertos.o
    0x080056e8   0x080056e8   0x00000016   Code   RO         4524    i.vListInitialise   list.o
    0x080056fe   0x080056fe   0x00000006   Code   RO         4525    i.vListInitialiseItem  list.o
    0x08005704   0x08005704   0x00000030   Code   RO         4526    i.vListInsert       list.o
    0x08005734   0x08005734   0x00000018   Code   RO         4527    i.vListInsertEnd    list.o
    0x0800574c   0x0800574c   0x00000040   Code   RO         5644    i.vPortEnterCritical  port.o
    0x0800578c   0x0800578c   0x00000028   Code   RO         5645    i.vPortExitCritical  port.o
    0x080057b4   0x080057b4   0x00000064   Code   RO         5575    i.vPortFree         heap_4.o
    0x08005818   0x08005818   0x00000024   Code   RO         5646    i.vPortSetupTimerInterrupt  port.o
    0x0800583c   0x0800583c   0x0000004c   Code   RO         4901    i.vTaskDelay        tasks.o
    0x08005888   0x08005888   0x0000006c   Code   RO         4914    i.vTaskStartScheduler  tasks.o
    0x080058f4   0x080058f4   0x00000010   Code   RO         4916    i.vTaskSuspendAll   tasks.o
    0x08005904   0x08005904   0x0000005c   Code   RO         4917    i.vTaskSwitchContext  tasks.o
    0x08005960   0x08005960   0x000000f4   Code   RO         5648    i.xPortStartScheduler  port.o
    0x08005a54   0x08005a54   0x0000005a   Code   RO         4920    i.xTaskCreate       tasks.o
    0x08005aae   0x08005aae   0x00000056   Code   RO         4921    i.xTaskCreateStatic  tasks.o
    0x08005b04   0x08005b04   0x000000cc   Code   RO         4928    i.xTaskIncrementTick  tasks.o
    0x08005bd0   0x08005bd0   0x000000c4   Code   RO         4934    i.xTaskResumeAll    tasks.o
    0x08005c94   0x08005c94   0x00000062   Code   RO         6221    x$fpl$d2f           fz_wm.l(d2f.o)
    0x08005cf6   0x08005cf6   0x00000002   PAD
    0x08005cf8   0x08005cf8   0x00000150   Code   RO         6223    x$fpl$dadd          fz_wm.l(daddsub_clz.o)
    0x08005e48   0x08005e48   0x00000018   Code   RO         6262    x$fpl$dcmpinf       fz_wm.l(dcmpi.o)
    0x08005e60   0x08005e60   0x000002b0   Code   RO         6230    x$fpl$ddiv          fz_wm.l(ddiv.o)
    0x08006110   0x08006110   0x00000078   Code   RO         6233    x$fpl$deqf          fz_wm.l(deqf.o)
    0x08006188   0x08006188   0x0000005e   Code   RO         6235    x$fpl$dfix          fz_wm.l(dfix.o)
    0x080061e6   0x080061e6   0x0000002e   Code   RO         6240    x$fpl$dflt          fz_wm.l(dflt_clz.o)
    0x08006214   0x08006214   0x00000154   Code   RO         6245    x$fpl$dmul          fz_wm.l(dmul.o)
    0x08006368   0x08006368   0x0000009c   Code   RO         6264    x$fpl$dnaninf       fz_wm.l(dnaninf.o)
    0x08006404   0x08006404   0x0000000c   Code   RO         6266    x$fpl$dretinf       fz_wm.l(dretinf.o)
    0x08006410   0x08006410   0x000001d4   Code   RO         6225    x$fpl$dsub          fz_wm.l(daddsub_clz.o)
    0x080065e4   0x080065e4   0x00000056   Code   RO         6247    x$fpl$f2d           fz_wm.l(f2d.o)
    0x0800663a   0x0800663a   0x0000008c   Code   RO         6268    x$fpl$fnaninf       fz_wm.l(fnaninf.o)
    0x080066c6   0x080066c6   0x0000000a   Code   RO         6375    x$fpl$fpinit        fz_wm.l(fpinit.o)
    0x080066d0   0x080066d0   0x0000000a   Code   RO         6270    x$fpl$fretinf       fz_wm.l(fretinf.o)
    0x080066da   0x080066da   0x00000000   Code   RO         6272    x$fpl$usenofp       fz_wm.l(usenofp.o)
    0x080066da   0x080066da   0x00000002   PAD
    0x080066dc   0x080066dc   0x00000070   Data   RO          299    .constdata          freertos.o
    0x0800674c   0x0800674c   0x00000008   Data   RO         1624    .constdata          stm32f4xx_hal_dma.o
    0x08006754   0x08006754   0x00000010   Data   RO         4386    .constdata          system_stm32f4xx.o
    0x08006764   0x08006764   0x00000008   Data   RO         4387    .constdata          system_stm32f4xx.o
    0x0800676c   0x0800676c   0x00000300   Data   RO         5853    .constdata          crc.o
    0x08006a6c   0x08006a6c   0x0000002f   Data   RO          300    .conststring        freertos.o
    0x08006a9b   0x08006a9b   0x00000001   PAD
    0x08006a9c   0x08006a9c   0x00000020   Data   RO         6433    Region$$Table       anon$$obj.o


    Execution Region RW_IRAM1 (Exec base: 0x20000000, Load base: 0x08006abc, Size: 0x00005388, Max: 0x0001c000, ABSOLUTE, COMPRESSED[0x00000028])

    Exec Addr    Load Addr    Size         Type   Attr      Idx    E Section Name        Object

    0x20000000   COMPRESSED   0x00000010   Data   RW          301    .data               freertos.o
    0x20000010   COMPRESSED   0x00000004   Data   RW          369    .data               can.o
    0x20000014   COMPRESSED   0x0000000c   Data   RW         2051    .data               stm32f4xx_hal.o
    0x20000020   COMPRESSED   0x00000004   Data   RW         4388    .data               system_stm32f4xx.o
    0x20000024   COMPRESSED   0x0000003c   Data   RW         4937    .data               tasks.o
    0x20000060   COMPRESSED   0x00000020   Data   RW         5581    .data               heap_4.o
    0x20000080   COMPRESSED   0x0000000c   Data   RW         5649    .data               port.o
    0x2000008c   COMPRESSED   0x00000014   Data   RW         5722    .data               gantry.o
    0x200000a0   COMPRESSED   0x00000064   Data   RW         5791    .data               chassis_control.o
    0x20000104   COMPRESSED   0x00000002   Data   RW         5854    .data               crc.o
    0x20000106   COMPRESSED   0x00000001   Data   RW         6035    .data               drv_usart.o
    0x20000107   COMPRESSED   0x00000001   PAD
    0x20000108   COMPRESSED   0x00000022   Data   RW         6139    .data               rc_potocal.o
    0x2000012a   COMPRESSED   0x00000002   PAD
    0x2000012c   COMPRESSED   0x00000014   Data   RW         6173    .data               judge.o
    0x20000140        -       0x0000001c   Zero   RW           17    .bss                main.o
    0x2000015c        -       0x00000054   Zero   RW           18    .bss                main.o
    0x200001b0        -       0x00000054   Zero   RW           19    .bss                main.o
    0x20000204        -       0x0000016c   Zero   RW           20    .bss                main.o
    0x20000370        -       0x0000016c   Zero   RW           21    .bss                main.o
    0x200004dc        -       0x00000254   Zero   RW          298    .bss                freertos.o
    0x20000730        -       0x00000050   Zero   RW          368    .bss                can.o
    0x20000780        -       0x00000054   Zero   RW          440    .bss                i2c.o
    0x200007d4        -       0x00000118   Zero   RW          482    .bss                spi.o
    0x200008ec        -       0x00000168   Zero   RW          529    .bss                tim.o
    0x20000a54        -       0x0000030c   Zero   RW          598    .bss                usart.o
    0x20000d60        -       0x00000048   Zero   RW          880    .bss                stm32f4xx_hal_timebase_tim.o
    0x20000da8        -       0x000000f0   Zero   RW         4936    .bss                tasks.o
    0x20000e98        -       0x00003c00   Zero   RW         5580    .bss                heap_4.o
    0x20004a98        -       0x00000018   Zero   RW         5790    .bss                chassis_control.o
    0x20004ab0        -       0x000001c0   Zero   RW         6034    .bss                drv_usart.o
    0x20004c70        -       0x00000016   Zero   RW         6138    .bss                rc_potocal.o
    0x20004c86        -       0x0000009e   Zero   RW         6172    .bss                judge.o
    0x20004d24        -       0x00000060   Zero   RW         6305    .bss                c_w.l(libspace.o)
    0x20004d84   COMPRESSED   0x00000004   PAD
    0x20004d88        -       0x00000200   Zero   RW            2    HEAP                startup_stm32f407xx.o
    0x20004f88        -       0x00000400   Zero   RW            1    STACK               startup_stm32f407xx.o


    Execution Region RW_IRAM2 (Exec base: 0x2001c000, Load base: 0x08006ae4, Size: 0x00000000, Max: 0x00004000, ABSOLUTE)

    **** No section assigned to this execution region ****


==============================================================================

Image component sizes


      Code (inc. data)   RO Data    RW Data    ZI Data      Debug   Object Name

       420         42          0          4         80       2530   can.o
      2126        228          0        100         24       7057   chassis_control.o
       120          0          0          0          0      23345   cmsis_os.o
       170         16        768          2          0     596735   crc.o
       172          4          0          0          0        878   dma.o
       292         26          0          0          0       2497   drv_can.o
      1044         84          0          1        448       6052   drv_usart.o
         0          0          0          0          0      16916   event_groups.o
       148         18        159         16        596       3005   freertos.o
       424         78          0         20          0       2719   gantry.o
       464         24          0          0          0       3221   gpio.o
       472         24          0         32      15360       7455   heap_4.o
       212         32          0          0         84       1753   i2c.o
       588         26          0         20        158       7196   judge.o
       138          0          0          0          0       3582   list.o
       284         18          0          0        924     753404   main.o
       356         12          0          0          0       3486   pid.o
       702         72          0         12          0      11056   port.o
         8          0          0          0          0        493   rc_check.o
       288         18          0         34         22       2548   rc_potocal.o
       340         34          0          0        280       1939   spi.o
        64         26        392          0       1536        848   startup_stm32f407xx.o
        80         14          0         12          0       8114   stm32f4xx_hal.o
      1658          6          0          0          0      14383   stm32f4xx_hal_can.o
       158         14          0          0          0      33186   stm32f4xx_hal_cortex.o
      1084         16          8          0          0       7402   stm32f4xx_hal_dma.o
       548         52          0          0          0       4049   stm32f4xx_hal_gpio.o
       392         16          0          0          0       3127   stm32f4xx_hal_i2c.o
        72          6          0          0          0        886   stm32f4xx_hal_msp.o
      1412         86          0          0          0       5941   stm32f4xx_hal_rcc.o
       458          6          0          0          0       3460   stm32f4xx_hal_spi.o
      2020        136          0          0          0      17050   stm32f4xx_hal_tim.o
       232         28          0          0          0       3309   stm32f4xx_hal_tim_ex.o
       152         20          0          0         72       1499   stm32f4xx_hal_timebase_tim.o
      1596         30          0          0          0      12322   stm32f4xx_hal_uart.o
       326        134          0          0          0      14466   stm32f4xx_it.o
         0          0          0          0          0        392   stream_buffer.o
        16          4         24          4          0       1147   system_stm32f4xx.o
      1520        112          0         60        240      19578   tasks.o
       920         78          0          0        360       5338   tim.o
       880         80          0          0        780       3802   usart.o

    ----------------------------------------------------------------------
     22388       1620       1384        320      20964    1618166   Object Totals
         0          0         32          0          0          0   (incl. Generated)
        32          0          1          3          0          0   (incl. Padding)

    ----------------------------------------------------------------------

      Code (inc. data)   RO Data    RW Data    ZI Data      Debug   Library Member Name

        90          0          0          0          0          0   __dczerorl2.o
         8          0          0          0          0         68   __main.o
         0          0          0          0          0          0   __rtentry.o
        12          0          0          0          0          0   __rtentry2.o
         6          0          0          0          0          0   __rtentry4.o
        52          8          0          0          0          0   __scatter.o
        28          0          0          0          0          0   __scatter_zi.o
        18          0          0          0          0         80   exit.o
         6          0          0          0          0        152   heapauxi.o
         0          0          0          0          0          0   indicate_semi.o
         2          0          0          0          0          0   libinit.o
         6          0          0          0          0          0   libinit2.o
         2          0          0          0          0          0   libshutdown.o
         2          0          0          0          0          0   libshutdown2.o
         8          4          0          0         96         68   libspace.o
       238          0          0          0          0        100   lludivv7m.o
        78          0          0          0          0         80   rt_memclr_w.o
       138          0          0          0          0         68   rt_memcpy_v6.o
       100          0          0          0          0         80   rt_memcpy_w.o
         2          0          0          0          0          0   rtexit.o
        10          0          0          0          0          0   rtexit2.o
        12          4          0          0          0         68   sys_exit.o
        74          0          0          0          0         80   sys_stackheap_outer.o
         2          0          0          0          0         68   use_no_semi.o
        98          4          0          0          0        140   d2f.o
       804         16          0          0          0        368   daddsub_clz.o
        24          0          0          0          0        116   dcmpi.o
       688        140          0          0          0        256   ddiv.o
       120          4          0          0          0        140   deqf.o
        94          4          0          0          0        140   dfix.o
        46          0          0          0          0        116   dflt_clz.o
       340         12          0          0          0        152   dmul.o
       156          4          0          0          0        140   dnaninf.o
        12          0          0          0          0        116   dretinf.o
        86          4          0          0          0        132   f2d.o
       140          4          0          0          0        132   fnaninf.o
        10          0          0          0          0        116   fpinit.o
        10          0          0          0          0        116   fretinf.o
         0          0          0          0          0          0   usenofp.o
        20          0          0          0          0        124   fabs.o

    ----------------------------------------------------------------------
      3552        208          0          0        100       3216   Library Totals
        10          0          0          0          4          0   (incl. Padding)

    ----------------------------------------------------------------------

      Code (inc. data)   RO Data    RW Data    ZI Data      Debug   Library Name

       894         16          0          0         96        912   c_w.l
      2628        192          0          0          0       2180   fz_wm.l
        20          0          0          0          0        124   m_wm.l

    ----------------------------------------------------------------------
      3552        208          0          0        100       3216   Library Totals

    ----------------------------------------------------------------------

==============================================================================


      Code (inc. data)   RO Data    RW Data    ZI Data      Debug   

     25940       1828       1384        320      21064    1598218   Grand Totals
     25940       1828       1384         40      21064    1598218   ELF Image Totals (compressed)
     25940       1828       1384         40          0          0   ROM Totals

==============================================================================

    Total RO  Size (Code + RO Data)                27324 (  26.68kB)
    Total RW  Size (RW Data + ZI Data)             21384 (  20.88kB)
    Total ROM Size (Code + RO Data + RW Data)      27364 (  26.72kB)

==============================================================================

