<html>
<body>
<pre>
<h1>礦ision Build Log</h1>
<h2>Tool Versions:</h2>
IDE-Version: μVision V5.38.0.0
Copyright (C) 2022 ARM Ltd and ARM Germany GmbH. All rights reserved.
License Information: J Juiklo, 123, LIC=1WSKC-71EUE-KU84L-0E9ZG-9ZMPS-A6WYV
 
Tool Versions:
Toolchain:       MDK-ARM Professional  Version: 5.38.0.0
Toolchain Path:  E:\Keil_MDK\ARM\ARMCC\Bin
C Compiler:      Armcc.exe V5.06 update 7 (build 960)
Assembler:       Armasm.exe V5.06 update 7 (build 960)
Linker/Locator:  ArmLink.exe V5.06 update 7 (build 960)
Library Manager: ArmAr.exe V5.06 update 7 (build 960)
Hex Converter:   FromElf.exe V5.06 update 7 (build 960)
CPU DLL:         SARMCM3.DLL V5.38.0.0
Dialog DLL:      DCM.DLL V1.17.5.0
Target DLL:      STLink\ST-LINKIII-KEIL_SWO.dll V3.1.0.0
Dialog DLL:      TCM.DLL V1.56.4.0
 
<h2>Project:</h2>
E:\NewRM\Programma-RM\Programma-RM\GC_DOWN\MDK-ARM\GC_2.0_main_1.uvprojx
Project File Date:  02/22/2024

<h2>Output:</h2>
*** Using Compiler 'V5.06 update 7 (build 960)', folder: 'E:\Keil_MDK\ARM\ARMCC\Bin'
Build target 'GC_2.0_main_1'
assembling startup_stm32f407xx.s...
compiling stm32f4xx_hal_msp.c...
../Drivers/CMSIS/Device/ST/STM32F4xx/Include/stm32f407xx.h(51): warning:  #47-D: incompatible redefinition of macro "__FPU_PRESENT" 
  #define __FPU_PRESENT             1U       /*!< FPU present                                   */
../Drivers/CMSIS/Include/core_cm4.h(79): warning:  #47-D: incompatible redefinition of macro "__FPU_USED" 
        #define __FPU_USED       1U
../Core/Src/stm32f4xx_hal_msp.c: 2 warnings, 0 errors
compiling stm32f4xx_hal_timebase_tim.c...
../Drivers/CMSIS/Device/ST/STM32F4xx/Include/stm32f407xx.h(51): warning:  #47-D: incompatible redefinition of macro "__FPU_PRESENT" 
  #define __FPU_PRESENT             1U       /*!< FPU present                                   */
../Drivers/CMSIS/Include/core_cm4.h(79): warning:  #47-D: incompatible redefinition of macro "__FPU_USED" 
        #define __FPU_USED       1U
../Core/Src/stm32f4xx_hal_timebase_tim.c: 2 warnings, 0 errors
compiling i2c.c...
../Drivers/CMSIS/Device/ST/STM32F4xx/Include/stm32f407xx.h(51): warning:  #47-D: incompatible redefinition of macro "__FPU_PRESENT" 
  #define __FPU_PRESENT             1U       /*!< FPU present                                   */
../Drivers/CMSIS/Include/core_cm4.h(79): warning:  #47-D: incompatible redefinition of macro "__FPU_USED" 
        #define __FPU_USED       1U
../Core/Src/i2c.c: 2 warnings, 0 errors
compiling stm32f4xx_it.c...
../Drivers/CMSIS/Device/ST/STM32F4xx/Include/stm32f407xx.h(51): warning:  #47-D: incompatible redefinition of macro "__FPU_PRESENT" 
  #define __FPU_PRESENT             1U       /*!< FPU present                                   */
../Drivers/CMSIS/Include/core_cm4.h(79): warning:  #47-D: incompatible redefinition of macro "__FPU_USED" 
        #define __FPU_USED       1U
../Core/Src/stm32f4xx_it.c(355): warning:  #223-D: function "DRV_USART3_IRQHandler" declared implicitly
  	DRV_USART3_IRQHandler(&huart3);
../Core/Src/stm32f4xx_it.c(411): warning:  #223-D: function "DRV_USART6_IRQHandler" declared implicitly
    DRV_USART6_IRQHandler(&huart6);
../Core/Src/stm32f4xx_it.c: 4 warnings, 0 errors
compiling tim.c...
../Drivers/CMSIS/Device/ST/STM32F4xx/Include/stm32f407xx.h(51): warning:  #47-D: incompatible redefinition of macro "__FPU_PRESENT" 
  #define __FPU_PRESENT             1U       /*!< FPU present                                   */
../Drivers/CMSIS/Include/core_cm4.h(79): warning:  #47-D: incompatible redefinition of macro "__FPU_USED" 
        #define __FPU_USED       1U
../Core/Src/tim.c: 2 warnings, 0 errors
compiling stm32f4xx_hal_rcc_ex.c...
../Drivers/CMSIS/Device/ST/STM32F4xx/Include/stm32f407xx.h(51): warning:  #47-D: incompatible redefinition of macro "__FPU_PRESENT" 
  #define __FPU_PRESENT             1U       /*!< FPU present                                   */
../Drivers/CMSIS/Include/core_cm4.h(79): warning:  #47-D: incompatible redefinition of macro "__FPU_USED" 
        #define __FPU_USED       1U
../Drivers/STM32F4xx_HAL_Driver/Src/stm32f4xx_hal_rcc_ex.c: 2 warnings, 0 errors
compiling can.c...
../Drivers/CMSIS/Device/ST/STM32F4xx/Include/stm32f407xx.h(51): warning:  #47-D: incompatible redefinition of macro "__FPU_PRESENT" 
  #define __FPU_PRESENT             1U       /*!< FPU present                                   */
../Drivers/CMSIS/Include/core_cm4.h(79): warning:  #47-D: incompatible redefinition of macro "__FPU_USED" 
        #define __FPU_USED       1U
../Core/Src/can.c: 2 warnings, 0 errors
compiling stm32f4xx_hal_rcc.c...
../Drivers/CMSIS/Device/ST/STM32F4xx/Include/stm32f407xx.h(51): warning:  #47-D: incompatible redefinition of macro "__FPU_PRESENT" 
  #define __FPU_PRESENT             1U       /*!< FPU present                                   */
../Drivers/CMSIS/Include/core_cm4.h(79): warning:  #47-D: incompatible redefinition of macro "__FPU_USED" 
        #define __FPU_USED       1U
../Drivers/STM32F4xx_HAL_Driver/Src/stm32f4xx_hal_rcc.c: 2 warnings, 0 errors
compiling usart.c...
../Drivers/CMSIS/Device/ST/STM32F4xx/Include/stm32f407xx.h(51): warning:  #47-D: incompatible redefinition of macro "__FPU_PRESENT" 
  #define __FPU_PRESENT             1U       /*!< FPU present                                   */
../Drivers/CMSIS/Include/core_cm4.h(79): warning:  #47-D: incompatible redefinition of macro "__FPU_USED" 
        #define __FPU_USED       1U
../Core/Src/usart.c: 2 warnings, 0 errors
compiling stm32f4xx_hal_flash.c...
../Drivers/CMSIS/Device/ST/STM32F4xx/Include/stm32f407xx.h(51): warning:  #47-D: incompatible redefinition of macro "__FPU_PRESENT" 
  #define __FPU_PRESENT             1U       /*!< FPU present                                   */
../Drivers/CMSIS/Include/core_cm4.h(79): warning:  #47-D: incompatible redefinition of macro "__FPU_USED" 
        #define __FPU_USED       1U
../Drivers/STM32F4xx_HAL_Driver/Src/stm32f4xx_hal_flash.c: 2 warnings, 0 errors
compiling freertos.c...
../Drivers/CMSIS/Device/ST/STM32F4xx/Include/stm32f407xx.h(51): warning:  #47-D: incompatible redefinition of macro "__FPU_PRESENT" 
  #define __FPU_PRESENT             1U       /*!< FPU present                                   */
../Drivers/CMSIS/Include/core_cm4.h(79): warning:  #47-D: incompatible redefinition of macro "__FPU_USED" 
        #define __FPU_USED       1U
..\ROTS_task\chassis_control.h(6): warning:  #1-D: last line of file ends without a newline
  #endif
..\User\DriverLayer\drv_can.h(13): warning:  #1-D: last line of file ends without a newline
  #endif
..\User\PotocaLayer\rc_potocal.h(55): warning:  #1-D: last line of file ends without a newline
  #endif
..\User\AlgorithmLayer\PID.h(14): warning:  #1295-D: Deprecated declaration down_inherit - give arg types
  void down_inherit();//速度继承							
..\User\AlgorithmLayer\PID.h(16): warning:  #1-D: last line of file ends without a newline
  							
../Core/Src/freertos.c: 7 warnings, 0 errors
compiling gpio.c...
../Drivers/CMSIS/Device/ST/STM32F4xx/Include/stm32f407xx.h(51): warning:  #47-D: incompatible redefinition of macro "__FPU_PRESENT" 
  #define __FPU_PRESENT             1U       /*!< FPU present                                   */
../Drivers/CMSIS/Include/core_cm4.h(79): warning:  #47-D: incompatible redefinition of macro "__FPU_USED" 
        #define __FPU_USED       1U
../Core/Src/gpio.c: 2 warnings, 0 errors
compiling spi.c...
../Drivers/CMSIS/Device/ST/STM32F4xx/Include/stm32f407xx.h(51): warning:  #47-D: incompatible redefinition of macro "__FPU_PRESENT" 
  #define __FPU_PRESENT             1U       /*!< FPU present                                   */
../Drivers/CMSIS/Include/core_cm4.h(79): warning:  #47-D: incompatible redefinition of macro "__FPU_USED" 
        #define __FPU_USED       1U
../Core/Src/spi.c: 2 warnings, 0 errors
compiling stm32f4xx_hal_can.c...
../Drivers/CMSIS/Device/ST/STM32F4xx/Include/stm32f407xx.h(51): warning:  #47-D: incompatible redefinition of macro "__FPU_PRESENT" 
  #define __FPU_PRESENT             1U       /*!< FPU present                                   */
../Drivers/CMSIS/Include/core_cm4.h(79): warning:  #47-D: incompatible redefinition of macro "__FPU_USED" 
        #define __FPU_USED       1U
../Drivers/STM32F4xx_HAL_Driver/Src/stm32f4xx_hal_can.c: 2 warnings, 0 errors
compiling main.c...
../Drivers/CMSIS/Device/ST/STM32F4xx/Include/stm32f407xx.h(51): warning:  #47-D: incompatible redefinition of macro "__FPU_PRESENT" 
  #define __FPU_PRESENT             1U       /*!< FPU present                                   */
../Drivers/CMSIS/Include/core_cm4.h(79): warning:  #47-D: incompatible redefinition of macro "__FPU_USED" 
        #define __FPU_USED       1U
..\ROTS_task\chassis_control.h(6): warning:  #1-D: last line of file ends without a newline
  #endif
..\User\DriverLayer\drv_can.h(13): warning:  #1-D: last line of file ends without a newline
  #endif
..\User\PotocaLayer\rc_potocal.h(55): warning:  #1-D: last line of file ends without a newline
  #endif
..\User\DriverLayer\drv_usart.h(17): warning:  #1-D: last line of file ends without a newline
  #endif
../Core/Src/main.c: 6 warnings, 0 errors
compiling dma.c...
../Drivers/CMSIS/Device/ST/STM32F4xx/Include/stm32f407xx.h(51): warning:  #47-D: incompatible redefinition of macro "__FPU_PRESENT" 
  #define __FPU_PRESENT             1U       /*!< FPU present                                   */
../Drivers/CMSIS/Include/core_cm4.h(79): warning:  #47-D: incompatible redefinition of macro "__FPU_USED" 
        #define __FPU_USED       1U
../Core/Src/dma.c: 2 warnings, 0 errors
compiling stm32f4xx_hal_exti.c...
../Drivers/CMSIS/Device/ST/STM32F4xx/Include/stm32f407xx.h(51): warning:  #47-D: incompatible redefinition of macro "__FPU_PRESENT" 
  #define __FPU_PRESENT             1U       /*!< FPU present                                   */
../Drivers/CMSIS/Include/core_cm4.h(79): warning:  #47-D: incompatible redefinition of macro "__FPU_USED" 
        #define __FPU_USED       1U
../Drivers/STM32F4xx_HAL_Driver/Src/stm32f4xx_hal_exti.c: 2 warnings, 0 errors
compiling stm32f4xx_hal_pwr_ex.c...
../Drivers/CMSIS/Device/ST/STM32F4xx/Include/stm32f407xx.h(51): warning:  #47-D: incompatible redefinition of macro "__FPU_PRESENT" 
  #define __FPU_PRESENT             1U       /*!< FPU present                                   */
../Drivers/CMSIS/Include/core_cm4.h(79): warning:  #47-D: incompatible redefinition of macro "__FPU_USED" 
        #define __FPU_USED       1U
../Drivers/STM32F4xx_HAL_Driver/Src/stm32f4xx_hal_pwr_ex.c: 2 warnings, 0 errors
compiling stm32f4xx_hal_cortex.c...
../Drivers/CMSIS/Device/ST/STM32F4xx/Include/stm32f407xx.h(51): warning:  #47-D: incompatible redefinition of macro "__FPU_PRESENT" 
  #define __FPU_PRESENT             1U       /*!< FPU present                                   */
../Drivers/CMSIS/Include/core_cm4.h(79): warning:  #47-D: incompatible redefinition of macro "__FPU_USED" 
        #define __FPU_USED       1U
../Drivers/STM32F4xx_HAL_Driver/Src/stm32f4xx_hal_cortex.c: 2 warnings, 0 errors
compiling stm32f4xx_hal_dma_ex.c...
../Drivers/CMSIS/Device/ST/STM32F4xx/Include/stm32f407xx.h(51): warning:  #47-D: incompatible redefinition of macro "__FPU_PRESENT" 
  #define __FPU_PRESENT             1U       /*!< FPU present                                   */
../Drivers/CMSIS/Include/core_cm4.h(79): warning:  #47-D: incompatible redefinition of macro "__FPU_USED" 
        #define __FPU_USED       1U
../Drivers/STM32F4xx_HAL_Driver/Src/stm32f4xx_hal_dma_ex.c: 2 warnings, 0 errors
compiling stm32f4xx_hal_i2c_ex.c...
../Drivers/CMSIS/Device/ST/STM32F4xx/Include/stm32f407xx.h(51): warning:  #47-D: incompatible redefinition of macro "__FPU_PRESENT" 
  #define __FPU_PRESENT             1U       /*!< FPU present                                   */
../Drivers/CMSIS/Include/core_cm4.h(79): warning:  #47-D: incompatible redefinition of macro "__FPU_USED" 
        #define __FPU_USED       1U
../Drivers/STM32F4xx_HAL_Driver/Src/stm32f4xx_hal_i2c_ex.c: 2 warnings, 0 errors
compiling croutine.c...
compiling stm32f4xx_hal_flash_ramfunc.c...
../Drivers/CMSIS/Device/ST/STM32F4xx/Include/stm32f407xx.h(51): warning:  #47-D: incompatible redefinition of macro "__FPU_PRESENT" 
  #define __FPU_PRESENT             1U       /*!< FPU present                                   */
../Drivers/CMSIS/Include/core_cm4.h(79): warning:  #47-D: incompatible redefinition of macro "__FPU_USED" 
        #define __FPU_USED       1U
../Drivers/STM32F4xx_HAL_Driver/Src/stm32f4xx_hal_flash_ramfunc.c: 2 warnings, 0 errors
compiling event_groups.c...
compiling list.c...
compiling stream_buffer.c...
compiling queue.c...
compiling timers.c...
compiling tasks.c...
compiling heap_4.c...
compiling cmsis_os.c...
compiling stm32f4xx_hal_dma.c...
../Drivers/CMSIS/Device/ST/STM32F4xx/Include/stm32f407xx.h(51): warning:  #47-D: incompatible redefinition of macro "__FPU_PRESENT" 
  #define __FPU_PRESENT             1U       /*!< FPU present                                   */
../Drivers/CMSIS/Include/core_cm4.h(79): warning:  #47-D: incompatible redefinition of macro "__FPU_USED" 
        #define __FPU_USED       1U
../Drivers/STM32F4xx_HAL_Driver/Src/stm32f4xx_hal_dma.c: 2 warnings, 0 errors
compiling port.c...
compiling stm32f4xx_hal_flash_ex.c...
../Drivers/CMSIS/Device/ST/STM32F4xx/Include/stm32f407xx.h(51): warning:  #47-D: incompatible redefinition of macro "__FPU_PRESENT" 
  #define __FPU_PRESENT             1U       /*!< FPU present                                   */
../Drivers/CMSIS/Include/core_cm4.h(79): warning:  #47-D: incompatible redefinition of macro "__FPU_USED" 
        #define __FPU_USED       1U
../Drivers/STM32F4xx_HAL_Driver/Src/stm32f4xx_hal_flash_ex.c: 2 warnings, 0 errors
compiling stm32f4xx_hal_gpio.c...
../Drivers/CMSIS/Device/ST/STM32F4xx/Include/stm32f407xx.h(51): warning:  #47-D: incompatible redefinition of macro "__FPU_PRESENT" 
  #define __FPU_PRESENT             1U       /*!< FPU present                                   */
../Drivers/CMSIS/Include/core_cm4.h(79): warning:  #47-D: incompatible redefinition of macro "__FPU_USED" 
        #define __FPU_USED       1U
../Drivers/STM32F4xx_HAL_Driver/Src/stm32f4xx_hal_gpio.c: 2 warnings, 0 errors
compiling stm32f4xx_hal_pwr.c...
../Drivers/CMSIS/Device/ST/STM32F4xx/Include/stm32f407xx.h(51): warning:  #47-D: incompatible redefinition of macro "__FPU_PRESENT" 
  #define __FPU_PRESENT             1U       /*!< FPU present                                   */
../Drivers/CMSIS/Include/core_cm4.h(79): warning:  #47-D: incompatible redefinition of macro "__FPU_USED" 
        #define __FPU_USED       1U
../Drivers/STM32F4xx_HAL_Driver/Src/stm32f4xx_hal_pwr.c: 2 warnings, 0 errors
compiling stm32f4xx_hal_tim_ex.c...
../Drivers/CMSIS/Device/ST/STM32F4xx/Include/stm32f407xx.h(51): warning:  #47-D: incompatible redefinition of macro "__FPU_PRESENT" 
  #define __FPU_PRESENT             1U       /*!< FPU present                                   */
../Drivers/CMSIS/Include/core_cm4.h(79): warning:  #47-D: incompatible redefinition of macro "__FPU_USED" 
        #define __FPU_USED       1U
../Drivers/STM32F4xx_HAL_Driver/Src/stm32f4xx_hal_tim_ex.c: 2 warnings, 0 errors
compiling stm32f4xx_hal.c...
../Drivers/CMSIS/Device/ST/STM32F4xx/Include/stm32f407xx.h(51): warning:  #47-D: incompatible redefinition of macro "__FPU_PRESENT" 
  #define __FPU_PRESENT             1U       /*!< FPU present                                   */
../Drivers/CMSIS/Include/core_cm4.h(79): warning:  #47-D: incompatible redefinition of macro "__FPU_USED" 
        #define __FPU_USED       1U
../Drivers/STM32F4xx_HAL_Driver/Src/stm32f4xx_hal.c: 2 warnings, 0 errors
compiling stm32f4xx_hal_uart.c...
../Drivers/CMSIS/Device/ST/STM32F4xx/Include/stm32f407xx.h(51): warning:  #47-D: incompatible redefinition of macro "__FPU_PRESENT" 
  #define __FPU_PRESENT             1U       /*!< FPU present                                   */
../Drivers/CMSIS/Include/core_cm4.h(79): warning:  #47-D: incompatible redefinition of macro "__FPU_USED" 
        #define __FPU_USED       1U
../Drivers/STM32F4xx_HAL_Driver/Src/stm32f4xx_hal_uart.c: 2 warnings, 0 errors
compiling stm32f4xx_hal_spi.c...
../Drivers/CMSIS/Device/ST/STM32F4xx/Include/stm32f407xx.h(51): warning:  #47-D: incompatible redefinition of macro "__FPU_PRESENT" 
  #define __FPU_PRESENT             1U       /*!< FPU present                                   */
../Drivers/CMSIS/Include/core_cm4.h(79): warning:  #47-D: incompatible redefinition of macro "__FPU_USED" 
        #define __FPU_USED       1U
../Drivers/STM32F4xx_HAL_Driver/Src/stm32f4xx_hal_spi.c: 2 warnings, 0 errors
compiling stm32f4xx_hal_i2c.c...
../Drivers/CMSIS/Device/ST/STM32F4xx/Include/stm32f407xx.h(51): warning:  #47-D: incompatible redefinition of macro "__FPU_PRESENT" 
  #define __FPU_PRESENT             1U       /*!< FPU present                                   */
../Drivers/CMSIS/Include/core_cm4.h(79): warning:  #47-D: incompatible redefinition of macro "__FPU_USED" 
        #define __FPU_USED       1U
../Drivers/STM32F4xx_HAL_Driver/Src/stm32f4xx_hal_i2c.c: 2 warnings, 0 errors
compiling stm32f4xx_hal_tim.c...
../Drivers/CMSIS/Device/ST/STM32F4xx/Include/stm32f407xx.h(51): warning:  #47-D: incompatible redefinition of macro "__FPU_PRESENT" 
  #define __FPU_PRESENT             1U       /*!< FPU present                                   */
../Drivers/CMSIS/Include/core_cm4.h(79): warning:  #47-D: incompatible redefinition of macro "__FPU_USED" 
        #define __FPU_USED       1U
../Drivers/STM32F4xx_HAL_Driver/Src/stm32f4xx_hal_tim.c: 2 warnings, 0 errors
compiling system_stm32f4xx.c...
../Drivers/CMSIS/Device/ST/STM32F4xx/Include/stm32f407xx.h(51): warning:  #47-D: incompatible redefinition of macro "__FPU_PRESENT" 
  #define __FPU_PRESENT             1U       /*!< FPU present                                   */
../Drivers/CMSIS/Include/core_cm4.h(79): warning:  #47-D: incompatible redefinition of macro "__FPU_USED" 
        #define __FPU_USED       1U
../Core/Src/system_stm32f4xx.c: 2 warnings, 0 errors
compiling rc_potocal.c...
..\ROTS_task\chassis_control.h(6): warning:  #1-D: last line of file ends without a newline
  #endif
..\User\DriverLayer\drv_can.h(13): warning:  #1-D: last line of file ends without a newline
  #endif
../Drivers/CMSIS/Device/ST/STM32F4xx/Include/stm32f407xx.h(51): warning:  #47-D: incompatible redefinition of macro "__FPU_PRESENT" 
  #define __FPU_PRESENT             1U       /*!< FPU present                                   */
../Drivers/CMSIS/Include/core_cm4.h(79): warning:  #47-D: incompatible redefinition of macro "__FPU_USED" 
        #define __FPU_USED       1U
..\User\PotocaLayer\rc_potocal.h(55): warning:  #1-D: last line of file ends without a newline
  #endif
..\User\PotocaLayer\rc_potocal.c(73): warning:  #1-D: last line of file ends without a newline
  }
..\User\PotocaLayer\rc_potocal.c: 6 warnings, 0 errors
compiling CRC.c...
../Drivers/CMSIS/Device/ST/STM32F4xx/Include/stm32f407xx.h(51): warning:  #47-D: incompatible redefinition of macro "__FPU_PRESENT" 
  #define __FPU_PRESENT             1U       /*!< FPU present                                   */
../Drivers/CMSIS/Include/core_cm4.h(79): warning:  #47-D: incompatible redefinition of macro "__FPU_USED" 
        #define __FPU_USED       1U
..\User\AlgorithmLayer\CRC.c(145): warning:  #1-D: last line of file ends without a newline
  }
..\User\AlgorithmLayer\CRC.c: 3 warnings, 0 errors
compiling judge.c...
../Drivers/CMSIS/Device/ST/STM32F4xx/Include/stm32f407xx.h(51): warning:  #47-D: incompatible redefinition of macro "__FPU_PRESENT" 
  #define __FPU_PRESENT             1U       /*!< FPU present                                   */
../Drivers/CMSIS/Include/core_cm4.h(79): warning:  #47-D: incompatible redefinition of macro "__FPU_USED" 
        #define __FPU_USED       1U
..\User\DriverLayer\drv_usart.h(17): warning:  #1-D: last line of file ends without a newline
  #endif
..\User\PotocaLayer\judge.h(280): warning:  #1-D: last line of file ends without a newline
  #endif
..\ROTS_task\chassis_control.h(6): warning:  #1-D: last line of file ends without a newline
  #endif
..\User\DriverLayer\drv_can.h(13): warning:  #1-D: last line of file ends without a newline
  #endif
..\User\PotocaLayer\judge.c(22): warning:  #1295-D: Deprecated declaration Update_data - give arg types
  void Update_data();//定义一些需要用到的变量并实时更新数值方便其他文件调用
..\User\PotocaLayer\judge.c(33): warning:  #167-D: argument of type "volatile uint8_t *" is incompatible with parameter of type "unsigned char *"
              if(Verify_CRC8_Check_Sum(&databuffer[pos],5))
..\User\PotocaLayer\judge.c(40): warning:  #167-D: argument of type "volatile uint8_t *" is incompatible with parameter of type "uint8_t *"
              if(Verify_CRC16_Check_Sum(&databuffer[pos],data_length+9))
..\User\PotocaLayer\judge.c(49): warning:  #223-D: function "memcpy" declared implicitly
                          memcpy((void*)(&Judge_Hero.status), (const void*)(&databuffer[pos+7]), data_length);
..\User\PotocaLayer\judge.c(190): warning:  #1-D: last line of file ends without a newline
  }
..\User\PotocaLayer\judge.c: 11 warnings, 0 errors
compiling PID.c...
../Drivers/CMSIS/Device/ST/STM32F4xx/Include/stm32f407xx.h(51): warning:  #47-D: incompatible redefinition of macro "__FPU_PRESENT" 
  #define __FPU_PRESENT             1U       /*!< FPU present                                   */
../Drivers/CMSIS/Include/core_cm4.h(79): warning:  #47-D: incompatible redefinition of macro "__FPU_USED" 
        #define __FPU_USED       1U
..\User\AlgorithmLayer\PID.h(14): warning:  #1295-D: Deprecated declaration down_inherit - give arg types
  void down_inherit();//速度继承							
..\User\AlgorithmLayer\PID.h(16): warning:  #1-D: last line of file ends without a newline
  							
..\User\AlgorithmLayer\PID.c: 4 warnings, 0 errors
compiling drv_usart.c...
../Drivers/CMSIS/Device/ST/STM32F4xx/Include/stm32f407xx.h(51): warning:  #47-D: incompatible redefinition of macro "__FPU_PRESENT" 
  #define __FPU_PRESENT             1U       /*!< FPU present                                   */
../Drivers/CMSIS/Include/core_cm4.h(79): warning:  #47-D: incompatible redefinition of macro "__FPU_USED" 
        #define __FPU_USED       1U
..\User\DriverLayer\drv_usart.h(17): warning:  #1-D: last line of file ends without a newline
  #endif
..\ROTS_task\chassis_control.h(6): warning:  #1-D: last line of file ends without a newline
  #endif
..\User\DriverLayer\drv_can.h(13): warning:  #1-D: last line of file ends without a newline
  #endif
..\User\PotocaLayer\rc_potocal.h(55): warning:  #1-D: last line of file ends without a newline
  #endif
..\User\PotocaLayer\judge.h(280): warning:  #1-D: last line of file ends without a newline
  #endif
..\User\DriverLayer\drv_usart.c: 7 warnings, 0 errors
compiling drv_can.c...
..\ROTS_task\chassis_control.h(6): warning:  #1-D: last line of file ends without a newline
  #endif
..\User\DriverLayer\drv_can.h(13): warning:  #1-D: last line of file ends without a newline
  #endif
../Drivers/CMSIS/Device/ST/STM32F4xx/Include/stm32f407xx.h(51): warning:  #47-D: incompatible redefinition of macro "__FPU_PRESENT" 
  #define __FPU_PRESENT             1U       /*!< FPU present                                   */
../Drivers/CMSIS/Include/core_cm4.h(79): warning:  #47-D: incompatible redefinition of macro "__FPU_USED" 
        #define __FPU_USED       1U
..\User\PotocaLayer\rc_potocal.h(55): warning:  #1-D: last line of file ends without a newline
  #endif
..\User\DriverLayer\drv_can.c: 5 warnings, 0 errors
compiling rc_check.c...
..\ROTS_task\chassis_control.h(6): warning:  #1-D: last line of file ends without a newline
  #endif
..\User\DriverLayer\drv_can.h(13): warning:  #1-D: last line of file ends without a newline
  #endif
../Drivers/CMSIS/Device/ST/STM32F4xx/Include/stm32f407xx.h(51): warning:  #47-D: incompatible redefinition of macro "__FPU_PRESENT" 
  #define __FPU_PRESENT             1U       /*!< FPU present                                   */
../Drivers/CMSIS/Include/core_cm4.h(79): warning:  #47-D: incompatible redefinition of macro "__FPU_USED" 
        #define __FPU_USED       1U
..\User\PotocaLayer\rc_potocal.h(55): warning:  #1-D: last line of file ends without a newline
  #endif
..\User\AlgorithmLayer\PID.h(14): warning:  #1295-D: Deprecated declaration down_inherit - give arg types
  void down_inherit();//速度继承							
..\User\AlgorithmLayer\PID.h(16): warning:  #1-D: last line of file ends without a newline
  							
..\ROTS_task\rc_check.c(27): warning:  #1-D: last line of file ends without a newline
  }
..\ROTS_task\rc_check.c: 8 warnings, 0 errors
compiling chassis_control.c...
../Drivers/CMSIS/Device/ST/STM32F4xx/Include/stm32f407xx.h(51): warning:  #47-D: incompatible redefinition of macro "__FPU_PRESENT" 
  #define __FPU_PRESENT             1U       /*!< FPU present                                   */
../Drivers/CMSIS/Include/core_cm4.h(79): warning:  #47-D: incompatible redefinition of macro "__FPU_USED" 
        #define __FPU_USED       1U
..\User\AlgorithmLayer\PID.h(14): warning:  #1295-D: Deprecated declaration down_inherit - give arg types
  void down_inherit();//速度继承							
..\User\AlgorithmLayer\PID.h(16): warning:  #1-D: last line of file ends without a newline
  							
..\ROTS_task\chassis_control.h(6): warning:  #1-D: last line of file ends without a newline
  #endif
..\User\DriverLayer\drv_usart.h(17): warning:  #1-D: last line of file ends without a newline
  #endif
..\User\PotocaLayer\judge.h(280): warning:  #1-D: last line of file ends without a newline
  #endif
..\User\DriverLayer\drv_can.h(13): warning:  #1-D: last line of file ends without a newline
  #endif
..\User\PotocaLayer\rc_potocal.h(55): warning:  #1-D: last line of file ends without a newline
  #endif
..\ROTS_task\chassis_control.c(37): warning:  #1295-D: Deprecated declaration Chassis_loop_Init - give arg types
  static void Chassis_loop_Init(); //数据清0
..\ROTS_task\chassis_control.c(38): warning:  #1295-D: Deprecated declaration Chassis_mode - give arg types
  static void Chassis_mode();	//遥控器转底盘,底盘模式
..\ROTS_task\chassis_control.c(39): warning:  #1295-D: Deprecated declaration Chassis_motol_speed_calculate - give arg types
  static void Chassis_motol_speed_calculate(); //麦轮底盘解算
..\ROTS_task\chassis_control.c(42): warning:  #1295-D: Deprecated declaration Chassis_current_give - give arg types
  static void Chassis_current_give();   //发送电流
..\ROTS_task\chassis_control.c(43): warning:  #1295-D: Deprecated declaration Chassis_keyboard_mode_1 - give arg types
  static void Chassis_keyboard_mode_1();		//正常开车行使模式
..\ROTS_task\chassis_control.c(44): warning:  #1295-D: Deprecated declaration Chassis_keyboard_mode_2 - give arg types
  static void Chassis_keyboard_mode_2();		//以机械臂为正前方的行驶模式
..\ROTS_task\chassis_control.c(45): warning:  #1295-D: Deprecated declaration Chassis_keyboard_mode_3 - give arg types
  static void Chassis_keyboard_mode_3();		//兑矿取矿模式
..\ROTS_task\chassis_control.c(46): warning:  #1295-D: Deprecated declaration speed_ramp - give arg types
  static void speed_ramp(); //底盘软启动
..\ROTS_task\chassis_control.c(343): warning:  #1-D: last line of file ends without a newline
  }
..\ROTS_task\chassis_control.c: 18 warnings, 0 errors
compiling gantry.c...
..\ROTS_task\chassis_control.h(6): warning:  #1-D: last line of file ends without a newline
  #endif
..\User\DriverLayer\drv_can.h(13): warning:  #1-D: last line of file ends without a newline
  #endif
../Drivers/CMSIS/Device/ST/STM32F4xx/Include/stm32f407xx.h(51): warning:  #47-D: incompatible redefinition of macro "__FPU_PRESENT" 
  #define __FPU_PRESENT             1U       /*!< FPU present                                   */
../Drivers/CMSIS/Include/core_cm4.h(79): warning:  #47-D: incompatible redefinition of macro "__FPU_USED" 
        #define __FPU_USED       1U
..\User\PotocaLayer\rc_potocal.h(55): warning:  #1-D: last line of file ends without a newline
  #endif
..\User\AlgorithmLayer\PID.h(14): warning:  #1295-D: Deprecated declaration down_inherit - give arg types
  void down_inherit();//速度继承							
..\User\AlgorithmLayer\PID.h(16): warning:  #1-D: last line of file ends without a newline
  							
..\ROTS_task\gantry.c(26): warning:  #1295-D: Deprecated declaration Gantry_Slow - give arg types
  static void Gantry_Slow();		//电机减速(只有速度环)
..\ROTS_task\gantry.c(27): warning:  #1295-D: Deprecated declaration Gantry_Mode - give arg types
  static void Gantry_Mode();		//电机控制（只有速度环），请何同学自己改写一下键位并调试
..\ROTS_task\gantry.c(28): warning:  #1295-D: Deprecated declaration Gantry_PID_Calc - give arg types
  static void Gantry_PID_Calc(); 		//PID计算
..\ROTS_task\gantry.c(29): warning:  #1295-D: Deprecated declaration Gantry_PID_Send - give arg types
  static void Gantry_PID_Send(); 		//PID发送
..\ROTS_task\gantry.c(124): warning:  #1-D: last line of file ends without a newline
  }
..\ROTS_task\gantry.c: 12 warnings, 0 errors
linking...
Program Size: Code=25908 RO-data=1384 RW-data=324 ZI-data=21060  
FromELF: creating hex file...
"GC_2.0_main_1\GC_2.0_main_1" - 0 Error(s), 151 Warning(s).

<h2>Software Packages used:</h2>

Package Vendor: ARM
                http://www.keil.com/pack/ARM.CMSIS.5.0.1.pack
                ARM.CMSIS.5.0.1
                CMSIS (Cortex Microcontroller Software Interface Standard)
   * Component: CORE Version: 5.0.1
   * Component: DSP Version: 1.5.1

Package Vendor: Keil
                https://www.keil.com/pack/Keil.STM32F4xx_DFP.2.17.1.pack
                Keil.STM32F4xx_DFP.2.17.1
                STMicroelectronics STM32F4 Series Device Support, Drivers and Examples

<h2>Collection of Component include folders:</h2>
  ./RTE/_GC_2.0_main_1
  E:/Keil_pack/ARM/CMSIS/5.0.1/CMSIS/Include
  E:/Keil_pack/Keil/STM32F4xx_DFP/2.17.1/Drivers/CMSIS/Device/ST/STM32F4xx/Include

<h2>Collection of Component Files used:</h2>

   * Component: ARM::CMSIS:CORE:5.0.1

   * Component: ARM::CMSIS:DSP:1.5.1
      Library file:  CMSIS/Lib/ARM/arm_cortexM4lf_math.lib
      Include file:  CMSIS/Include/arm_math.h
Build Time Elapsed:  00:00:19
</pre>
</body>
</html>
