<html>
<body>
<pre>
<h1>µVision Build Log</h1>
<h2>Tool Versions:</h2>
IDE-Version: ¦ÌVision V5.38.0.0
Copyright (C) 2022 ARM Ltd and ARM Germany GmbH. All rights reserved.
License Information: J Juiklo, 123, LIC=1WSKC-71EUE-KU84L-0E9ZG-9ZMPS-A6WYV
 
Tool Versions:
Toolchain:       MDK-ARM Professional  Version: 5.38.0.0
Toolchain Path:  E:\Keil_MDK\ARM\ARMCC\Bin
C Compiler:      Armcc.exe V5.06 update 7 (build 960)
Assembler:       Armasm.exe V5.06 update 7 (build 960)
Linker/Locator:  ArmLink.exe V5.06 update 7 (build 960)
Library Manager: ArmAr.exe V5.06 update 7 (build 960)
Hex Converter:   FromElf.exe V5.06 update 7 (build 960)
CPU DLL:         SARMCM3.DLL V5.38.0.0
Dialog DLL:      DCM.DLL V1.17.5.0
Target DLL:      STLink\ST-LINKIII-KEIL_SWO.dll V3.1.0.0
Dialog DLL:      TCM.DLL V1.56.4.0
 
<h2>Project:</h2>
E:\NewRM\Programma-RM\Programma-RM\GC_DOWN\MDK-ARM\GC_2.0_main_1.uvprojx
Project File Date:  02/25/2024

<h2>Output:</h2>
*** Using Compiler 'V5.06 update 7 (build 960)', folder: 'E:\Keil_MDK\ARM\ARMCC\Bin'
Build target 'GC_2.0_main_1'
compiling rc_check.c...
..\ROTS_task\chassis_control.h(6): warning:  #1-D: last line of file ends without a newline
  #endif
..\User\DriverLayer\drv_can.h(13): warning:  #1-D: last line of file ends without a newline
  #endif
../Drivers/CMSIS/Device/ST/STM32F4xx/Include/stm32f407xx.h(51): warning:  #47-D: incompatible redefinition of macro "__FPU_PRESENT" 
  #define __FPU_PRESENT             1U       /*!< FPU present                                   */
../Drivers/CMSIS/Include/core_cm4.h(79): warning:  #47-D: incompatible redefinition of macro "__FPU_USED" 
        #define __FPU_USED       1U
..\User\PotocaLayer\rc_potocal.h(55): warning:  #1-D: last line of file ends without a newline
  #endif
..\User\AlgorithmLayer\PID.h(14): warning:  #1295-D: Deprecated declaration down_inherit - give arg types
  void down_inherit();//ËÙ¶È¼Ì³Ð							
..\User\AlgorithmLayer\PID.h(16): warning:  #1-D: last line of file ends without a newline
  							
..\ROTS_task\rc_check.c(25): warning:  #1-D: last line of file ends without a newline
  } 
..\ROTS_task\rc_check.c: 8 warnings, 0 errors
linking...
Program Size: Code=25908 RO-data=1384 RW-data=324 ZI-data=21060  
FromELF: creating hex file...
"GC_2.0_main_1\GC_2.0_main_1" - 0 Error(s), 8 Warning(s).

<h2>Software Packages used:</h2>

Package Vendor: ARM
                http://www.keil.com/pack/ARM.CMSIS.5.0.1.pack
                ARM.CMSIS.5.0.1
                CMSIS (Cortex Microcontroller Software Interface Standard)
   * Component: CORE Version: 5.0.1
   * Component: DSP Version: 1.5.1

Package Vendor: Keil
                https://www.keil.com/pack/Keil.STM32F4xx_DFP.2.17.1.pack
                Keil.STM32F4xx_DFP.2.17.1
                STMicroelectronics STM32F4 Series Device Support, Drivers and Examples

<h2>Collection of Component include folders:</h2>
  ./RTE/_GC_2.0_main_1
  E:/Keil_pack/ARM/CMSIS/5.0.1/CMSIS/Include
  E:/Keil_pack/Keil/STM32F4xx_DFP/2.17.1/Drivers/CMSIS/Device/ST/STM32F4xx/Include

<h2>Collection of Component Files used:</h2>

   * Component: ARM::CMSIS:CORE:5.0.1

   * Component: ARM::CMSIS:DSP:1.5.1
      Library file:  CMSIS/Lib/ARM/arm_cortexM4lf_math.lib
      Include file:  CMSIS/Include/arm_math.h
Build Time Elapsed:  00:00:02
</pre>
</body>
</html>
