<html>
<body>
<pre>
<h1>礦ision Build Log</h1>
<h2>Tool Versions:</h2>
IDE-Version: μVision V5.38.0.0
Copyright (C) 2022 ARM Ltd and ARM Germany GmbH. All rights reserved.
License Information: J Juiklo, 123, LIC=1WSKC-71EUE-KU84L-0E9ZG-9ZMPS-A6WYV
 
Tool Versions:
Toolchain:       MDK-ARM Professional  Version: 5.38.0.0
Toolchain Path:  E:\Keil_MDK\ARM\ARMCC\Bin
C Compiler:      Armcc.exe V5.06 update 7 (build 960)
Assembler:       Armasm.exe V5.06 update 7 (build 960)
Linker/Locator:  ArmLink.exe V5.06 update 7 (build 960)
Library Manager: ArmAr.exe V5.06 update 7 (build 960)
Hex Converter:   FromElf.exe V5.06 update 7 (build 960)
CPU DLL:         SARMCM3.DLL V5.38.0.0
Dialog DLL:      DCM.DLL V1.17.5.0
Target DLL:      STLink\ST-LINKIII-KEIL_SWO.dll V3.1.0.0
Dialog DLL:      TCM.DLL V1.56.4.0
 
<h2>Project:</h2>
E:\NewRM\Programma-RM\Programma-RM\GC_ARM\GC_ARM\GC_Arm\MDK-ARM\GC_Arm.uvprojx
Project File Date:  03/02/2024

<h2>Output:</h2>
*** Using Compiler 'V5.06 update 7 (build 960)', folder: 'E:\Keil_MDK\ARM\ARMCC\Bin'
Build target 'GC_Arm'
compiling Arm_task.c...
../Inc/PID.h(60): warning:  #1295-D: Deprecated declaration down_inherit - give arg types
  void down_inherit();//速度继承			
../Inc/PID.h(74): warning:  #1-D: last line of file ends without a newline
  							
../Inc/drv_usart.h(17): warning:  #1-D: last line of file ends without a newline
  #endif
../Inc/judge.h(280): warning:  #1-D: last line of file ends without a newline
  #endif
../Inc/drv_can.h(32): warning:  #1-D: last line of file ends without a newline
  #endif
../Inc/as5600_task.h(115): warning:  #1-D: last line of file ends without a newline
  #endif
RTOS_task\Arm_task.c(76): warning:  #1295-D: Deprecated declaration DM_Enable - give arg types
  static void DM_Enable(); //达妙电机使能
RTOS_task\Arm_task.c(77): warning:  #1295-D: Deprecated declaration DM_Init - give arg types
  static void DM_Init(); 
RTOS_task\Arm_task.c(78): warning:  #1295-D: Deprecated declaration Arm_control - give arg types
  static void Arm_control();  //达妙电机初始化到初始位置
RTOS_task\Arm_task.c(79): warning:  #1295-D: Deprecated declaration As5600_control - give arg types
  static void As5600_control();
RTOS_task\Arm_task.c(80): warning:  #1295-D: Deprecated declaration Vision_control - give arg types
  static void Vision_control(); 
RTOS_task\Arm_task.c(81): warning:  #1295-D: Deprecated declaration Set_zero_pos - give arg types
  static void Set_zero_pos();
RTOS_task\Arm_task.c(82): warning:  #1295-D: Deprecated declaration dji_motor_get - give arg types
  void dji_motor_get();
RTOS_task\Arm_task.c(84): warning:  #1295-D: Deprecated declaration Sucker_Init - give arg types
  static void Sucker_Init();
RTOS_task\Arm_task.c(274): warning:  #1035-D: single-precision operand implicitly converted to double-precision
  	Target_pos1_Can1=motor1_can1_zeropos-1.65;//+(-0.9);
RTOS_task\Arm_task.c(279): warning:  #1035-D: single-precision operand implicitly converted to double-precision
  	Target_pos1_Can2=motor1_can2_zeropos+1.22;//+(1.59);
RTOS_task\Arm_task.c(284): warning:  #1035-D: single-precision operand implicitly converted to double-precision
  	Target_pos2_Can2=motor2_can2_zeropos+1.52;//+(0.3);
RTOS_task\Arm_task.c(289): warning:  #1035-D: single-precision operand implicitly converted to double-precision
  	Target_pos3_Can2=motor3_can2_zeropos-0.51;//+(-1.1);
RTOS_task\Arm_task.c(371): warning:  #1-D: last line of file ends without a newline
  }
RTOS_task\Arm_task.c(157): warning:  #177-D: function "DM_Init"  was declared but never referenced
  static void DM_Init()
RTOS_task\Arm_task.c(304): warning:  #177-D: function "Set_zero_pos"  was declared but never referenced
  static void Set_zero_pos()
RTOS_task\Arm_task.c: 21 warnings, 0 errors
linking...
Program Size: Code=25042 RO-data=1398 RW-data=344 ZI-data=20728  
FromELF: creating hex file...
"GC_Arm\GC_Arm.axf" - 0 Error(s), 21 Warning(s).

<h2>Software Packages used:</h2>

Package Vendor: ARM
                http://www.keil.com/pack/ARM.CMSIS.5.9.0.pack
                ARM.CMSIS.5.9.0
                CMSIS (Common Microcontroller Software Interface Standard)
   * Component: CORE Version: 5.6.0

Package Vendor: Keil
                https://www.keil.com/pack/Keil.STM32F4xx_DFP.2.17.1.pack
                Keil.STM32F4xx_DFP.2.17.1
                STMicroelectronics STM32F4 Series Device Support, Drivers and Examples

<h2>Collection of Component include folders:</h2>
  ./RTE/_GC_Arm
  E:/Keil_pack/ARM/CMSIS/5.9.0/CMSIS/Core/Include
  E:/Keil_pack/Keil/STM32F4xx_DFP/2.17.1/Drivers/CMSIS/Device/ST/STM32F4xx/Include

<h2>Collection of Component Files used:</h2>

   * Component: ARM::CMSIS:CORE:5.6.0
Build Time Elapsed:  00:00:03
</pre>
</body>
</html>
