Component: ARM Compiler 5.06 update 7 (build 960) Tool: armlink [4d3601]

==============================================================================

Section Cross References

    startup_stm32f407xx.o(STACK) refers (Special) to heapauxi.o(.text) for __use_two_region_memory
    startup_stm32f407xx.o(HEAP) refers (Special) to heapauxi.o(.text) for __use_two_region_memory
    startup_stm32f407xx.o(RESET) refers (Special) to heapauxi.o(.text) for __use_two_region_memory
    startup_stm32f407xx.o(RESET) refers to startup_stm32f407xx.o(STACK) for __initial_sp
    startup_stm32f407xx.o(RESET) refers to startup_stm32f407xx.o(.text) for Reset_Handler
    startup_stm32f407xx.o(RESET) refers to stm32f4xx_it.o(i.NMI_Handler) for NMI_Handler
    startup_stm32f407xx.o(RESET) refers to stm32f4xx_it.o(i.HardFault_Handler) for HardFault_Handler
    startup_stm32f407xx.o(RESET) refers to stm32f4xx_it.o(i.MemManage_Handler) for MemManage_Handler
    startup_stm32f407xx.o(RESET) refers to stm32f4xx_it.o(i.BusFault_Handler) for BusFault_Handler
    startup_stm32f407xx.o(RESET) refers to stm32f4xx_it.o(i.UsageFault_Handler) for UsageFault_Handler
    startup_stm32f407xx.o(RESET) refers to port.o(.emb_text) for SVC_Handler
    startup_stm32f407xx.o(RESET) refers to stm32f4xx_it.o(i.DebugMon_Handler) for DebugMon_Handler
    startup_stm32f407xx.o(RESET) refers to port.o(i.SysTick_Handler) for SysTick_Handler
    startup_stm32f407xx.o(RESET) refers to stm32f4xx_it.o(i.DMA1_Stream1_IRQHandler) for DMA1_Stream1_IRQHandler
    startup_stm32f407xx.o(RESET) refers to stm32f4xx_it.o(i.DMA1_Stream3_IRQHandler) for DMA1_Stream3_IRQHandler
    startup_stm32f407xx.o(RESET) refers to stm32f4xx_it.o(i.CAN1_TX_IRQHandler) for CAN1_TX_IRQHandler
    startup_stm32f407xx.o(RESET) refers to stm32f4xx_it.o(i.CAN1_RX0_IRQHandler) for CAN1_RX0_IRQHandler
    startup_stm32f407xx.o(RESET) refers to stm32f4xx_it.o(i.TIM3_IRQHandler) for TIM3_IRQHandler
    startup_stm32f407xx.o(RESET) refers to stm32f4xx_it.o(i.USART1_IRQHandler) for USART1_IRQHandler
    startup_stm32f407xx.o(RESET) refers to stm32f4xx_it.o(i.USART3_IRQHandler) for USART3_IRQHandler
    startup_stm32f407xx.o(RESET) refers to stm32f4xx_it.o(i.DMA2_Stream1_IRQHandler) for DMA2_Stream1_IRQHandler
    startup_stm32f407xx.o(RESET) refers to stm32f4xx_it.o(i.DMA2_Stream2_IRQHandler) for DMA2_Stream2_IRQHandler
    startup_stm32f407xx.o(RESET) refers to stm32f4xx_it.o(i.CAN2_TX_IRQHandler) for CAN2_TX_IRQHandler
    startup_stm32f407xx.o(RESET) refers to stm32f4xx_it.o(i.CAN2_RX0_IRQHandler) for CAN2_RX0_IRQHandler
    startup_stm32f407xx.o(RESET) refers to stm32f4xx_it.o(i.OTG_FS_IRQHandler) for OTG_FS_IRQHandler
    startup_stm32f407xx.o(RESET) refers to stm32f4xx_it.o(i.DMA2_Stream6_IRQHandler) for DMA2_Stream6_IRQHandler
    startup_stm32f407xx.o(RESET) refers to stm32f4xx_it.o(i.DMA2_Stream7_IRQHandler) for DMA2_Stream7_IRQHandler
    startup_stm32f407xx.o(RESET) refers to stm32f4xx_it.o(i.USART6_IRQHandler) for USART6_IRQHandler
    startup_stm32f407xx.o(.text) refers (Special) to heapauxi.o(.text) for __use_two_region_memory
    startup_stm32f407xx.o(.text) refers to system_stm32f4xx.o(i.SystemInit) for SystemInit
    startup_stm32f407xx.o(.text) refers to __main.o(!!!main) for __main
    startup_stm32f407xx.o(.text) refers to startup_stm32f407xx.o(HEAP) for Heap_Mem
    startup_stm32f407xx.o(.text) refers to startup_stm32f407xx.o(STACK) for Stack_Mem
    arm_task.o(i.Arm_control) refers to arm_task.o(i.Recyling) for Recyling
    arm_task.o(i.Arm_control) refers to f2d.o(x$fpl$f2d) for __aeabi_f2d
    arm_task.o(i.Arm_control) refers to arm_task.o(i.Restrict) for Restrict
    arm_task.o(i.Arm_control) refers to arm_task.o(i.MotorControl) for MotorControl
    arm_task.o(i.Arm_control) refers to cmsis_os.o(i.osDelay) for osDelay
    arm_task.o(i.Arm_control) refers to arm_task.o(i.dji_motor_get) for dji_motor_get
    arm_task.o(i.Arm_control) refers to arm_task.o(i.dji_motor_control) for dji_motor_control
    arm_task.o(i.Arm_control) refers to rc_potocal.o(.data) for q_flag
    arm_task.o(i.Arm_control) refers to arm_task.o(.data) for .data
    arm_task.o(i.Arm_control) refers to drv_can.o(.data) for Target_pos1_Can1
    arm_task.o(i.Custom_control) refers to f2d.o(x$fpl$f2d) for __aeabi_f2d
    arm_task.o(i.Custom_control) refers to arm_task.o(i.Restrict) for Restrict
    arm_task.o(i.Custom_control) refers to arm_task.o(i.MotorControl) for MotorControl
    arm_task.o(i.Custom_control) refers to arm_task.o(i.dji_motor_get) for dji_motor_get
    arm_task.o(i.Custom_control) refers to cmsis_os.o(i.osDelay) for osDelay
    arm_task.o(i.Custom_control) refers to arm_task.o(i.dji_motor_control) for dji_motor_control
    arm_task.o(i.Custom_control) refers to as5600_task.o(.data) for angle1_can1
    arm_task.o(i.Custom_control) refers to drv_can.o(.data) for Target_pos1_Can1
    arm_task.o(i.Custom_control) refers to rc_potocal.o(.data) for q_flag
[...]
    SystemClock_Config                       0x08005089   Thumb Code   140  main.o(i.SystemClock_Config)
    SystemInit                               0x0800511d   Thumb Code    12  system_stm32f4xx.o(i.SystemInit)
    TIM3_IRQHandler                          0x0800512d   Thumb Code     6  stm32f4xx_it.o(i.TIM3_IRQHandler)
    TIM_Base_SetConfig                       0x08005139   Thumb Code   156  stm32f4xx_hal_tim.o(i.TIM_Base_SetConfig)
    TIM_CCxChannelCmd                        0x08005201   Thumb Code    26  stm32f4xx_hal_tim.o(i.TIM_CCxChannelCmd)
    TIM_ETR_SetConfig                        0x0800521b   Thumb Code    20  stm32f4xx_hal_tim.o(i.TIM_ETR_SetConfig)
    TIM_OC2_SetConfig                        0x080052a1   Thumb Code    98  stm32f4xx_hal_tim.o(i.TIM_OC2_SetConfig)
    UART_Start_Receive_DMA                   0x08005739   Thumb Code   134  stm32f4xx_hal_uart.o(i.UART_Start_Receive_DMA)
    USART1_IRQHandler                        0x080057cd   Thumb Code    56  stm32f4xx_it.o(i.USART1_IRQHandler)
    USART3_IRQHandler                        0x08005815   Thumb Code    18  stm32f4xx_it.o(i.USART3_IRQHandler)
    USART3_Init                              0x0800582d   Thumb Code    52  drv_usart.o(i.USART3_Init)
    USART6_IRQHandler                        0x08005869   Thumb Code    62  stm32f4xx_it.o(i.USART6_IRQHandler)
    USBD_CDC_GetDeviceQualifierDescriptor    0x08005a39   Thumb Code     8  usbd_cdc.o(i.USBD_CDC_GetDeviceQualifierDescriptor)
    USBD_CDC_ReceivePacket                   0x08005c5d   Thumb Code    66  usbd_cdc.o(i.USBD_CDC_ReceivePacket)
    USBD_CDC_RegisterInterface               0x08005ca5   Thumb Code    24  usbd_cdc.o(i.USBD_CDC_RegisterInterface)
    USBD_CDC_SetRxBuffer                     0x08005cbd   Thumb Code    28  usbd_cdc.o(i.USBD_CDC_SetRxBuffer)
    USBD_CDC_SetTxBuffer                     0x08005cd9   Thumb Code    32  usbd_cdc.o(i.USBD_CDC_SetTxBuffer)
    USBD_CDC_TransmitPacket                  0x08005e09   Thumb Code    80  usbd_cdc.o(i.USBD_CDC_TransmitPacket)
    USBD_ClrClassConfig                      0x08005e5d   Thumb Code    20  usbd_core.o(i.USBD_ClrClassConfig)
    USBD_CoreFindEP                          0x08005e97   Thumb Code     4  usbd_core.o(i.USBD_CoreFindEP)
    USBD_CoreFindIF                          0x08005e9b   Thumb Code     4  usbd_core.o(i.USBD_CoreFindIF)
    USBD_CtlContinueRx                       0x08005e9f   Thumb Code    16  usbd_ioreq.o(i.USBD_CtlContinueRx)
    USBD_CtlContinueSendData                 0x08005eaf   Thumb Code    16  usbd_ioreq.o(i.USBD_CtlContinueSendData)
    USBD_CtlError                            0x08005ebf   Thumb Code    24  usbd_ctlreq.o(i.USBD_CtlError)
    USBD_CtlPrepareRx                        0x08005ed7   Thumb Code    30  usbd_ioreq.o(i.USBD_CtlPrepareRx)
    USBD_CtlReceiveStatus                    0x08005ef5   Thumb Code    22  usbd_ioreq.o(i.USBD_CtlReceiveStatus)
    USBD_CtlSendData                         0x08005f0b   Thumb Code    26  usbd_ioreq.o(i.USBD_CtlSendData)
    USBD_CtlSendStatus                       0x08005f25   Thumb Code    22  usbd_ioreq.o(i.USBD_CtlSendStatus)
    USBD_FS_ConfigStrDescriptor              0x08005f3d   Thumb Code    16  usbd_desc.o(i.USBD_FS_ConfigStrDescriptor)
    USBD_FS_DeviceDescriptor                 0x08005f5d   Thumb Code     8  usbd_desc.o(i.USBD_FS_DeviceDescriptor)
    USBD_FS_InterfaceStrDescriptor           0x08005f69   Thumb Code    16  usbd_desc.o(i.USBD_FS_InterfaceStrDescriptor)
    USBD_FS_LangIDStrDescriptor              0x08005f8d   Thumb Code     8  usbd_desc.o(i.USBD_FS_LangIDStrDescriptor)
    USBD_FS_ManufacturerStrDescriptor        0x08005f99   Thumb Code    16  usbd_desc.o(i.USBD_FS_ManufacturerStrDescriptor)
    USBD_FS_ProductStrDescriptor             0x08005fc1   Thumb Code    16  usbd_desc.o(i.USBD_FS_ProductStrDescriptor)
    USBD_FS_SerialStrDescriptor              0x08005fed   Thumb Code    48  usbd_desc.o(i.USBD_FS_SerialStrDescriptor)
    USBD_GetEpDesc                           0x0800620d   Thumb Code    60  usbd_core.o(i.USBD_GetEpDesc)
    USBD_GetNextDesc                         0x08006261   Thumb Code    14  usbd_core.o(i.USBD_GetNextDesc)
    USBD_GetString                           0x080062a5   Thumb Code    68  usbd_ctlreq.o(i.USBD_GetString)
    USBD_Get_USB_Status                      0x080062e9   Thumb Code    24  usbd_conf.o(i.USBD_Get_USB_Status)
    USBD_Init                                0x08006301   Thumb Code    40  usbd_core.o(i.USBD_Init)
    USBD_LL_ClearStallEP                     0x08006329   Thumb Code    18  usbd_conf.o(i.USBD_LL_ClearStallEP)
    USBD_LL_CloseEP                          0x0800633b   Thumb Code    18  usbd_conf.o(i.USBD_LL_CloseEP)
    USBD_LL_DataInStage                      0x0800634d   Thumb Code   220  usbd_core.o(i.USBD_LL_DataInStage)
    USBD_LL_DataOutStage                     0x08006429   Thumb Code   208  usbd_core.o(i.USBD_LL_DataOutStage)
    USBD_LL_DevConnected                     0x080064f9   Thumb Code     4  usbd_core.o(i.USBD_LL_DevConnected)
    USBD_LL_DevDisconnected                  0x080064fd   Thumb Code    32  usbd_core.o(i.USBD_LL_DevDisconnected)
    USBD_LL_GetRxDataSize                    0x0800651d   Thumb Code     8  usbd_conf.o(i.USBD_LL_GetRxDataSize)
    USBD_LL_Init                             0x08006525   Thumb Code    90  usbd_conf.o(i.USBD_LL_Init)
    USBD_LL_IsStallEP                        0x08006585   Thumb Code    32  usbd_conf.o(i.USBD_LL_IsStallEP)
    USBD_LL_IsoINIncomplete                  0x080065a5   Thumb Code    42  usbd_core.o(i.USBD_LL_IsoINIncomplete)
    USBD_LL_IsoOUTIncomplete                 0x080065cf   Thumb Code    42  usbd_core.o(i.USBD_LL_IsoOUTIncomplete)
    USBD_LL_OpenEP                           0x080065f9   Thumb Code    24  usbd_conf.o(i.USBD_LL_OpenEP)
    USBD_LL_PrepareReceive                   0x08006611   Thumb Code    18  usbd_conf.o(i.USBD_LL_PrepareReceive)
    USBD_LL_Reset                            0x08006623   Thumb Code    96  usbd_core.o(i.USBD_LL_Reset)
    USBD_LL_Resume                           0x08006683   Thumb Code    20  usbd_core.o(i.USBD_LL_Resume)
    USBD_LL_SOF                              0x08006697   Thumb Code    26  usbd_core.o(i.USBD_LL_SOF)
    USBD_LL_SetSpeed                         0x080066b1   Thumb Code     6  usbd_core.o(i.USBD_LL_SetSpeed)
    USBD_LL_SetUSBAddress                    0x080066b7   Thumb Code    18  usbd_conf.o(i.USBD_LL_SetUSBAddress)
    USBD_LL_SetupStage                       0x080066c9   Thumb Code   100  usbd_core.o(i.USBD_LL_SetupStage)
    USBD_LL_StallEP                          0x0800672d   Thumb Code    18  usbd_conf.o(i.USBD_LL_StallEP)
    USBD_LL_Start                            0x0800673f   Thumb Code    18  usbd_conf.o(i.USBD_LL_Start)
    USBD_LL_Suspend                          0x08006751   Thumb Code    18  usbd_core.o(i.USBD_LL_Suspend)
    USBD_LL_Transmit                         0x08006763   Thumb Code    18  usbd_conf.o(i.USBD_LL_Transmit)
    USBD_ParseSetupRequest                   0x08006775   Thumb Code    50  usbd_ctlreq.o(i.USBD_ParseSetupRequest)
    USBD_RegisterClass                       0x080067a7   Thumb Code    58  usbd_core.o(i.USBD_RegisterClass)
    USBD_RunTestMode                         0x080067e1   Thumb Code     4  usbd_core.o(i.USBD_RunTestMode)
    USBD_SetClassConfig                      0x0800683d   Thumb Code    20  usbd_core.o(i.USBD_SetClassConfig)
    USBD_Start                               0x08006951   Thumb Code     4  usbd_core.o(i.USBD_Start)
    USBD_StdDevReq                           0x08006955   Thumb Code   118  usbd_ctlreq.o(i.USBD_StdDevReq)
    USBD_StdEPReq                            0x080069cb   Thumb Code   558  usbd_ctlreq.o(i.USBD_StdEPReq)
    USBD_StdItfReq                           0x08006bf9   Thumb Code   142  usbd_ctlreq.o(i.USBD_StdItfReq)
    USBD_static_free                         0x08006c87   Thumb Code     2  usbd_conf.o(i.USBD_static_free)
    USBD_static_malloc                       0x08006c89   Thumb Code     4  usbd_conf.o(i.USBD_static_malloc)
    USBInit                                  0x08006c91   Thumb Code    12  bsp_usb.o(i.USBInit)
    USBTransmit                              0x08006ca1   Thumb Code     4  bsp_usb.o(i.USBTransmit)
    USB_ActivateEndpoint                     0x08006ca5   Thumb Code   122  stm32f4xx_ll_usb.o(i.USB_ActivateEndpoint)
    USB_ActivateSetup                        0x08006d25   Thumb Code    28  stm32f4xx_ll_usb.o(i.USB_ActivateSetup)
    USB_CoreInit                             0x08006d41   Thumb Code   112  stm32f4xx_ll_usb.o(i.USB_CoreInit)
    USB_DeactivateEndpoint                   0x08006df5   Thumb Code   194  stm32f4xx_ll_usb.o(i.USB_DeactivateEndpoint)
    USB_DevConnect                           0x08006ec1   Thumb Code    28  stm32f4xx_ll_usb.o(i.USB_DevConnect)
    USB_DevDisconnect                        0x08006edd   Thumb Code    28  stm32f4xx_ll_usb.o(i.USB_DevDisconnect)
    USB_DevInit                              0x08006ef9   Thumb Code   362  stm32f4xx_ll_usb.o(i.USB_DevInit)
    USB_DisableGlobalInt                     0x0800706d   Thumb Code    12  stm32f4xx_ll_usb.o(i.USB_DisableGlobalInt)
    USB_EP0StartXfer                         0x08007079   Thumb Code   280  stm32f4xx_ll_usb.o(i.USB_EP0StartXfer)
    USB_EP0_OutStart                         0x08007195   Thumb Code    84  stm32f4xx_ll_usb.o(i.USB_EP0_OutStart)
    USB_EPClearStall                         0x080071ed   Thumb Code    88  stm32f4xx_ll_usb.o(i.USB_EPClearStall)
    USB_EPSetStall                           0x08007245   Thumb Code    88  stm32f4xx_ll_usb.o(i.USB_EPSetStall)
    USB_EPStartXfer                          0x0800729d   Thumb Code   480  stm32f4xx_ll_usb.o(i.USB_EPStartXfer)
    USB_EPStopXfer                           0x08007481   Thumb Code   158  stm32f4xx_ll_usb.o(i.USB_EPStopXfer)
    USB_EnableGlobalInt                      0x0800751f   Thumb Code    12  stm32f4xx_ll_usb.o(i.USB_EnableGlobalInt)
    USB_FlushRxFifo                          0x0800752d   Thumb Code    54  stm32f4xx_ll_usb.o(i.USB_FlushRxFifo)
    USB_FlushTxFifo                          0x08007569   Thumb Code    58  stm32f4xx_ll_usb.o(i.USB_FlushTxFifo)
    USB_GetDevSpeed                          0x080075a9   Thumb Code    26  stm32f4xx_ll_usb.o(i.USB_GetDevSpeed)
    USB_GetMode                              0x080075c3   Thumb Code     8  stm32f4xx_ll_usb.o(i.USB_GetMode)
    USB_ReadDevAllInEpInterrupt              0x080075cb   Thumb Code    14  stm32f4xx_ll_usb.o(i.USB_ReadDevAllInEpInterrupt)
    USB_ReadDevAllOutEpInterrupt             0x080075d9   Thumb Code    14  stm32f4xx_ll_usb.o(i.USB_ReadDevAllOutEpInterrupt)
    USB_ReadDevInEPInterrupt                 0x080075e7   Thumb Code    36  stm32f4xx_ll_usb.o(i.USB_ReadDevInEPInterrupt)
    USB_ReadDevOutEPInterrupt                0x0800760b   Thumb Code    16  stm32f4xx_ll_usb.o(i.USB_ReadDevOutEPInterrupt)
    USB_ReadInterrupts                       0x0800761b   Thumb Code     8  stm32f4xx_ll_usb.o(i.USB_ReadInterrupts)
    USB_ReadPacket                           0x08007623   Thumb Code    62  stm32f4xx_ll_usb.o(i.USB_ReadPacket)
    USB_SetCurrentMode                       0x08007661   Thumb Code    92  stm32f4xx_ll_usb.o(i.USB_SetCurrentMode)
    USB_SetDevAddress                        0x080076bd   Thumb Code    34  stm32f4xx_ll_usb.o(i.USB_SetDevAddress)
    USB_SetTurnaroundTime                    0x080076e1   Thumb Code   158  stm32f4xx_ll_usb.o(i.USB_SetTurnaroundTime)
    USB_WritePacket                          0x080077c9   Thumb Code    40  stm32f4xx_ll_usb.o(i.USB_WritePacket)
    Update_data                              0x080077f1   Thumb Code   156  judge.o(i.Update_data)
    UsageFault_Handler                       0x08007899   Thumb Code     2  stm32f4xx_it.o(i.UsageFault_Handler)
    Verify_CRC16_Check_Sum                   0x0800789d   Thumb Code    54  crc.o(i.Verify_CRC16_Check_Sum)
    Verify_CRC8_Check_Sum                    0x080078d9   Thumb Code    38  crc.o(i.Verify_CRC8_Check_Sum)
    Vision_control                           0x08007901   Thumb Code   264  arm_task.o(i.Vision_control)
    dji_motor_control                        0x08007a45   Thumb Code   144  arm_task.o(i.dji_motor_control)
    dji_motor_get                            0x08007ae5   Thumb Code    84  arm_task.o(i.dji_motor_get)
    main                                     0x08007bad   Thumb Code   124  main.o(i.main)
    osDelay                                  0x08007c49   Thumb Code    14  cmsis_os.o(i.osDelay)
    osKernelStart                            0x08007c57   Thumb Code    10  cmsis_os.o(i.osKernelStart)
    osThreadCreate                           0x08007c61   Thumb Code    84  cmsis_os.o(i.osThreadCreate)
    pid_calc                                 0x08007cb5   Thumb Code   166  pid.o(i.pid_calc)
    pid_init                                 0x08007d5b   Thumb Code     6  pid.o(i.pid_init)
    pvPortMalloc                             0x080080ad   Thumb Code   216  heap_4.o(i.pvPortMalloc)
    pxPortInitialiseStack                    0x08008189   Thumb Code    40  port.o(i.pxPortInitialiseStack)
    remote_data_read                         0x080081b5   Thumb Code   210  rc_potocal.o(i.remote_data_read)
    set_motor_voltage                        0x08008291   Thumb Code    86  pid.o(i.set_motor_voltage)
    set_motor_voltage_can_2                  0x080082ed   Thumb Code    90  pid.o(i.set_motor_voltage_can_2)
    uint_to_float                            0x080083ed   Thumb Code    40  drv_can.o(i.uint_to_float)
    uxListRemove                             0x08008415   Thumb Code    38  list.o(i.uxListRemove)
    vApplicationGetIdleTaskMemory            0x0800843d   Thumb Code    16  freertos.o(i.vApplicationGetIdleTaskMemory)
    vListInitialise                          0x08008451   Thumb Code    22  list.o(i.vListInitialise)
    vListInitialiseItem                      0x08008467   Thumb Code     6  list.o(i.vListInitialiseItem)
    vListInsert                              0x0800846d   Thumb Code    48  list.o(i.vListInsert)
    vListInsertEnd                           0x0800849d   Thumb Code    24  list.o(i.vListInsertEnd)
    vPortEnterCritical                       0x080084b5   Thumb Code    54  port.o(i.vPortEnterCritical)
    vPortExitCritical                        0x080084f5   Thumb Code    34  port.o(i.vPortExitCritical)
    vPortFree                                0x0800851d   Thumb Code    94  heap_4.o(i.vPortFree)
    vPortSetupTimerInterrupt                 0x08008581   Thumb Code    32  port.o(i.vPortSetupTimerInterrupt)
    vTaskDelay                               0x080085a5   Thumb Code    66  tasks.o(i.vTaskDelay)
    vTaskStartScheduler                      0x080085f1   Thumb Code    90  tasks.o(i.vTaskStartScheduler)
    vTaskSuspendAll                          0x0800865d   Thumb Code    10  tasks.o(i.vTaskSuspendAll)
    vTaskSwitchContext                       0x0800866d   Thumb Code    82  tasks.o(i.vTaskSwitchContext)
    xPortStartScheduler                      0x080086c9   Thumb Code   222  port.o(i.xPortStartScheduler)
    xTaskCreate                              0x080087bd   Thumb Code    90  tasks.o(i.xTaskCreate)
    xTaskCreateStatic                        0x08008817   Thumb Code    86  tasks.o(i.xTaskCreateStatic)
    xTaskIncrementTick                       0x0800886d   Thumb Code   194  tasks.o(i.xTaskIncrementTick)
    xTaskResumeAll                           0x08008939   Thumb Code   182  tasks.o(i.xTaskResumeAll)
    __fpl_dretinf                            0x080089fd   Thumb Code    12  dretinf.o(x$fpl$dretinf)
    __aeabi_f2d                              0x08008a09   Thumb Code     0  f2d.o(x$fpl$f2d)
    _f2d                                     0x08008a09   Thumb Code    86  f2d.o(x$fpl$f2d)
    __fpl_fnaninf                            0x08008a5f   Thumb Code   140  fnaninf.o(x$fpl$fnaninf)
    _fp_init                                 0x08008aeb   Thumb Code    10  fpinit.o(x$fpl$fpinit)
    __fplib_config_fpu_vfp                   0x08008af3   Thumb Code     0  fpinit.o(x$fpl$fpinit)
    __fplib_config_pureend_doubles           0x08008af3   Thumb Code     0  fpinit.o(x$fpl$fpinit)
    TX_ADDRESS                               0x08008af4   Data           5  as5600_task.o(.constdata)
    __I$use$fp                               0x08008af4   Number         0  usenofp.o(x$fpl$usenofp)
    RX_ADDRESS                               0x08008af9   Data           5  as5600_task.o(.constdata)
    AHBPrescTable                            0x08008b78   Data          16  system_stm32f4xx.o(.constdata)
    APBPrescTable                            0x08008b88   Data           8  system_stm32f4xx.o(.constdata)
    CRC8_TAB                                 0x08008b90   Data         256  crc.o(.constdata)
    wCRC_Table                               0x08008c90   Data         512  crc.o(.constdata)
    Region$$Table$$Base                      0x08008ec0   Number         0  anon$$obj.o(Region$$Table)
    Region$$Table$$Limit                     0x08008ee0   Number         0  anon$$obj.o(Region$$Table)
    Mixed_mode                               0x20000000   Data           1  arm_task.o(.data)
    start_flag                               0x20000001   Data           1  arm_task.o(.data)
    height                                   0x20000004   Data           4  arm_task.o(.data)
    motor1_can1_zeropos                      0x20000008   Data           4  arm_task.o(.data)
    motor2_can1_zeropos                      0x2000000c   Data           4  arm_task.o(.data)
    motor1_can2_zeropos                      0x20000010   Data           4  arm_task.o(.data)
    motor2_can2_zeropos                      0x20000014   Data           4  arm_task.o(.data)
    increment_can1_2                         0x20000018   Data           4  arm_task.o(.data)
    increment_can1_1                         0x2000001c   Data           4  arm_task.o(.data)
    recycle_angle1_can1_first                0x20000024   Data           4  arm_task.o(.data)
    recycle_angle2_can1_first                0x20000028   Data           4  arm_task.o(.data)
    recycle_angle1_can2_first                0x2000002c   Data           4  arm_task.o(.data)
    recycle_angle2_can2_first                0x20000030   Data           4  arm_task.o(.data)
    target_speed_can_1                       0x20000034   Data           8  arm_task.o(.data)
    target_speed_can_2                       0x2000003c   Data           8  arm_task.o(.data)
    angle1_can1                              0x20000044   Data           4  as5600_task.o(.data)
    angle1_can2                              0x20000048   Data           4  as5600_task.o(.data)
    angle2_can2                              0x2000004c   Data           4  as5600_task.o(.data)
    angle2_can1                              0x20000050   Data           4  as5600_task.o(.data)
    as_flag                                  0x20000054   Data           4  as5600_task.o(.data)
    ac                                       0x20000058   Data           4  as5600_task.o(.data)
    remote_flag                              0x2000005c   Data           1  main.o(.data)
    rx_len                                   0x2000005d   Data           1  main.o(.data)
    recv_end_flag                            0x2000005e   Data           1  main.o(.data)
    a                                        0x20000060   Data           4  main.o(.data)
    config                                   0x20000064   Data           8  main.o(.data)
    can_cnt_2                                0x2000006c   Data           2  main.o(.data)
    defaultTaskHandle                        0x20000070   Data           4  freertos.o(.data)
    Arm_TaskHandle                           0x20000074   Data           4  freertos.o(.data)
    sucker_TaskHandle                        0x20000078   Data           4  freertos.o(.data)
    remote_taskHandle                        0x2000007c   Data           4  freertos.o(.data)
    FS_Desc                                  0x20000084   Data          28  usbd_desc.o(.data)
    USBD_LangIDDesc                          0x200000a0   Data           4  usbd_desc.o(.data)
    USBD_FS_DeviceDesc                       0x200000a4   Data          18  usbd_desc.o(.data)
    USBD_StringSerial                        0x200000b8   Data          26  usbd_desc.o(.data)
    USBD_Interface_fops_FS                   0x200000dc   Data          20  usbd_cdc_if.o(.data)
    uwTickFreq                               0x200000f0   Data           1  stm32f4xx_hal.o(.data)
    uwTickPrio                               0x200000f4   Data           4  stm32f4xx_hal.o(.data)
    uwTick                                   0x200000f8   Data           4  stm32f4xx_hal.o(.data)
    SystemCoreClock                          0x200000fc   Data           4  system_stm32f4xx.o(.data)
    pxCurrentTCB                             0x20000100   Data           4  tasks.o(.data)
    judge_receive_length                     0x20000168   Data           1  drv_usart.o(.data)
    initflag1_Can1                           0x2000016c   Data           4  drv_can.o(.data)
    initflag2_Can1                           0x20000170   Data           4  drv_can.o(.data)
    initflag1_Can2                           0x20000174   Data           4  drv_can.o(.data)
    initflag2_Can2                           0x20000178   Data           4  drv_can.o(.data)
    initflag3_Can2                           0x2000017c   Data           4  drv_can.o(.data)
    is_in                                    0x20000180   Data           4  drv_can.o(.data)
    Target_pos1_Can1                         0x20000184   Data           4  drv_can.o(.data)
    Target_pos2_Can1                         0x20000188   Data           4  drv_can.o(.data)
    Target_pos1_Can2                         0x2000018c   Data           4  drv_can.o(.data)
    Target_pos2_Can2                         0x20000190   Data           4  drv_can.o(.data)
    Target_pos3_Can2                         0x20000194   Data           4  drv_can.o(.data)
    Max_pos1_Can1                            0x20000198   Data           4  drv_can.o(.data)
    Min_pos1_Can1                            0x2000019c   Data           4  drv_can.o(.data)
    Max_pos2_Can1                            0x200001a0   Data           4  drv_can.o(.data)
    Min_pos2_Can1                            0x200001a4   Data           4  drv_can.o(.data)
    Max_pos1_Can2                            0x200001a8   Data           4  drv_can.o(.data)
    Min_pos1_Can2                            0x200001ac   Data           4  drv_can.o(.data)
    Max_pos2_Can2                            0x200001b0   Data           4  drv_can.o(.data)
    Min_pos2_Can2                            0x200001b4   Data           4  drv_can.o(.data)
    w_flag                                   0x200001b8   Data           1  rc_potocal.o(.data)
    s_flag                                   0x200001b9   Data           1  rc_potocal.o(.data)
    a_flag                                   0x200001ba   Data           1  rc_potocal.o(.data)
    d_flag                                   0x200001bb   Data           1  rc_potocal.o(.data)
    q_flag                                   0x200001bc   Data           1  rc_potocal.o(.data)
    e_flag                                   0x200001bd   Data           1  rc_potocal.o(.data)
    shift_flag                               0x200001be   Data           1  rc_potocal.o(.data)
    ctrl_flag                                0x200001bf   Data           1  rc_potocal.o(.data)
    r_flag                                   0x200001c0   Data           1  rc_potocal.o(.data)
    f_flag                                   0x200001c1   Data           1  rc_potocal.o(.data)
    g_flag                                   0x200001c2   Data           1  rc_potocal.o(.data)
    z_flag                                   0x200001c3   Data           1  rc_potocal.o(.data)
    x_flag                                   0x200001c4   Data           1  rc_potocal.o(.data)
    c_flag                                   0x200001c5   Data           1  rc_potocal.o(.data)
    v_flag                                   0x200001c6   Data           1  rc_potocal.o(.data)
    b_flag                                   0x200001c7   Data           1  rc_potocal.o(.data)
    Flag_judge                               0x200001c8   Data           1  judge.o(.data)
    Flag_first                               0x200001c9   Data           1  judge.o(.data)
    Hero_level                               0x200001ca   Data           1  judge.o(.data)
    Hero_id                                  0x200001cb   Data           1  judge.o(.data)
    Flag_progress                            0x200001cc   Data           1  judge.o(.data)
    Hero_42mm_speed_limit                    0x200001ce   Data           2  judge.o(.data)
    Hero_chassis_power_limit                 0x200001d0   Data           2  judge.o(.data)
    Hero_chassis_power_buffer                0x200001d2   Data           2  judge.o(.data)
    Hero_chassis_power                       0x200001d4   Data           4  judge.o(.data)
    Hero_42mm_speed                          0x200001d8   Data           4  judge.o(.data)
    CRC_INIT                                 0x200001e0   Data           2  crc.o(.data)
    flag_enable                              0x200001e4   Data           2  pid.o(.data)
    iferr                                    0x200001e8   Data           4  pid.o(.data)
    USBD_CDC                                 0x20000244   Data          56  usbd_cdc.o(.data)
    DM_pid_1                                 0x2000027c   Data          52  arm_task.o(.bss)
    DM_pid_2                                 0x200002b0   Data          52  arm_task.o(.bss)
    DM_pid_3                                 0x200002e4   Data          52  arm_task.o(.bss)
    DM_pid_4                                 0x20000318   Data          52  arm_task.o(.bss)
    up_down_pid                              0x2000034c   Data          52  arm_task.o(.bss)
    last_pid                                 0x20000380   Data          52  arm_task.o(.bss)
    up_down_pid_pos                          0x200003b4   Data          52  arm_task.o(.bss)
    rx_buffer                                0x200003e8   Data         100  main.o(.bss)
    motor_info                               0x2000044c   Data         126  main.o(.bss)
    motor_info_can_2                         0x200004ca   Data         126  main.o(.bss)
    hcan1                                    0x2000079c   Data          40  can.o(.bss)
    hcan2                                    0x200007c4   Data          40  can.o(.bss)
    hi2c2                                    0x200007ec   Data          84  i2c.o(.bss)
    htim1                                    0x20000840   Data          72  tim.o(.bss)
    huart1                                   0x20000888   Data          68  usart.o(.bss)
    huart3                                   0x200008cc   Data          68  usart.o(.bss)
    huart6                                   0x20000910   Data          68  usart.o(.bss)
    hdma_usart1_rx                           0x20000954   Data          96  usart.o(.bss)
    hdma_usart1_tx                           0x200009b4   Data          96  usart.o(.bss)
    hdma_usart3_rx                           0x20000a14   Data          96  usart.o(.bss)
    hdma_usart3_tx                           0x20000a74   Data          96  usart.o(.bss)
    hdma_usart6_rx                           0x20000ad4   Data          96  usart.o(.bss)
    hdma_usart6_tx                           0x20000b34   Data          96  usart.o(.bss)
    hUsbDeviceFS                             0x20000b94   Data         732  usb_device.o(.bss)
    hpcd_USB_OTG_FS                          0x20001090   Data        1292  usbd_conf.o(.bss)
    USBD_StrDesc                             0x2000159c   Data         512  usbd_desc.o(.bss)
    UserRxBufferFS                           0x2000179c   Data        2048  usbd_cdc_if.o(.bss)
    UserTxBufferFS                           0x20001f9c   Data        2048  usbd_cdc_if.o(.bss)
    uart_rx_buffer                           0x2000279c   Data         100  stm32f4xx_it.o(.bss)
    htim3                                    0x20002800   Data          72  stm32f4xx_hal_timebase_tim.o(.bss)
    judge_dma_buffer                         0x20006538   Data         400  drv_usart.o(.bss)
    usart3_dma_rxbuf                         0x200066c8   Data          48  drv_usart.o(.bss)
    MOTOR1_can1                              0x200066f8   Data          24  drv_can.o(.bss)
    MOTOR2_can1                              0x20006710   Data          24  drv_can.o(.bss)
    MOTOR1_can2                              0x20006728   Data          24  drv_can.o(.bss)
    MOTOR2_can2                              0x20006740   Data          24  drv_can.o(.bss)
    MOTOR3_can2                              0x20006758   Data          24  drv_can.o(.bss)
    rc_ctrl                                  0x20006770   Data          22  rc_potocal.o(.bss)
    Judge_Hero                               0x20006786   Data         158  judge.o(.bss)
    recv                                     0x20006824   Data          24  bsp_usb.o(.bss)
    __libspace_start                         0x20006954   Data          96  libspace.o(.bss)
    __temporary_stack_top$libspace           0x200069b4   Data           0  libspace.o(.bss)



==============================================================================

Memory Map of the image

  Image Entry point : 0x08000189

  Load Region LR_IROM1 (Base: 0x08000000, Size: 0x0000915c, Max: 0x00100000, ABSOLUTE, COMPRESSED[0x00008fe8])

    Execution Region ER_IROM1 (Exec base: 0x08000000, Load base: 0x08000000, Size: 0x00008ee0, Max: 0x00100000, ABSOLUTE)

    Exec Addr    Load Addr    Size         Type   Attr      Idx    E Section Name        Object

    0x08000000   0x08000000   0x00000188   Data   RO            3    RESET               startup_stm32f407xx.o
    0x08000188   0x08000188   0x00000008   Code   RO         7544  * !!!main             c_w.l(__main.o)
    0x08000190   0x08000190   0x00000034   Code   RO         7736    !!!scatter          c_w.l(__scatter.o)
    0x080001c4   0x080001c4   0x0000005a   Code   RO         7734    !!dczerorl2         c_w.l(__dczerorl2.o)
    0x0800021e   0x0800021e   0x00000002   PAD
    0x08000220   0x08000220   0x0000001c   Code   RO         7738    !!handler_zi        c_w.l(__scatter_zi.o)
    0x0800023c   0x0800023c   0x00000002   Code   RO         7602    .ARM.Collect$$libinit$$00000000  c_w.l(libinit.o)
    0x0800023e   0x0800023e   0x00000004   Code   RO         7614    .ARM.Collect$$libinit$$00000001  c_w.l(libinit2.o)
    0x08000242   0x08000242   0x00000000   Code   RO         7617    .ARM.Collect$$libinit$$00000004  c_w.l(libinit2.o)
    0x08000242   0x08000242   0x00000000   Code   RO         7620    .ARM.Collect$$libinit$$0000000A  c_w.l(libinit2.o)
    0x08000242   0x08000242   0x00000000   Code   RO         7622    .ARM.Collect$$libinit$$0000000C  c_w.l(libinit2.o)
    0x08000242   0x08000242   0x00000000   Code   RO         7624    .ARM.Collect$$libinit$$0000000E  c_w.l(libinit2.o)
    0x08000242   0x08000242   0x00000000   Code   RO         7627    .ARM.Collect$$libinit$$00000011  c_w.l(libinit2.o)
    0x08000242   0x08000242   0x00000000   Code   RO         7629    .ARM.Collect$$libinit$$00000013  c_w.l(libinit2.o)
    0x08000242   0x08000242   0x00000000   Code   RO         7631    .ARM.Collect$$libinit$$00000015  c_w.l(libinit2.o)
    0x08000242   0x08000242   0x00000000   Code   RO         7633    .ARM.Collect$$libinit$$00000017  c_w.l(libinit2.o)
    0x08000242   0x08000242   0x00000000   Code   RO         7635    .ARM.Collect$$libinit$$00000019  c_w.l(libinit2.o)
    0x08000242   0x08000242   0x00000000   Code   RO         7637    .ARM.Collect$$libinit$$0000001B  c_w.l(libinit2.o)
    0x08000242   0x08000242   0x00000000   Code   RO         7639    .ARM.Collect$$libinit$$0000001D  c_w.l(libinit2.o)
    0x08000242   0x08000242   0x00000000   Code   RO         7641    .ARM.Collect$$libinit$$0000001F  c_w.l(libinit2.o)
    0x08000242   0x08000242   0x00000000   Code   RO         7643    .ARM.Collect$$libinit$$00000021  c_w.l(libinit2.o)
    0x08000242   0x08000242   0x00000000   Code   RO         7645    .ARM.Collect$$libinit$$00000023  c_w.l(libinit2.o)
    0x08000242   0x08000242   0x00000000   Code   RO         7647    .ARM.Collect$$libinit$$00000025  c_w.l(libinit2.o)
    0x08000242   0x08000242   0x00000000   Code   RO         7651    .ARM.Collect$$libinit$$0000002C  c_w.l(libinit2.o)
    0x08000242   0x08000242   0x00000000   Code   RO         7653    .ARM.Collect$$libinit$$0000002E  c_w.l(libinit2.o)
    0x08000242   0x08000242   0x00000000   Code   RO         7655    .ARM.Collect$$libinit$$00000030  c_w.l(libinit2.o)
    0x08000242   0x08000242   0x00000000   Code   RO         7657    .ARM.Collect$$libinit$$00000032  c_w.l(libinit2.o)
    0x08000242   0x08000242   0x00000002   Code   RO         7658    .ARM.Collect$$libinit$$00000033  c_w.l(libinit2.o)
    0x08000244   0x08000244   0x00000002   Code   RO         7689    .ARM.Collect$$libshutdown$$00000000  c_w.l(libshutdown.o)
    0x08000246   0x08000246   0x00000000   Code   RO         7715    .ARM.Collect$$libshutdown$$00000002  c_w.l(libshutdown2.o)
    0x08000246   0x08000246   0x00000000   Code   RO         7717    .ARM.Collect$$libshutdown$$00000004  c_w.l(libshutdown2.o)
    0x08000246   0x08000246   0x00000000   Code   RO         7719    .ARM.Collect$$libshutdown$$00000006  c_w.l(libshutdown2.o)
    0x08000246   0x08000246   0x00000000   Code   RO         7722    .ARM.Collect$$libshutdown$$00000009  c_w.l(libshutdown2.o)
    0x08000246   0x08000246   0x00000000   Code   RO         7725    .ARM.Collect$$libshutdown$$0000000C  c_w.l(libshutdown2.o)
    0x08000246   0x08000246   0x00000000   Code   RO         7727    .ARM.Collect$$libshutdown$$0000000E  c_w.l(libshutdown2.o)
    0x08000246   0x08000246   0x00000000   Code   RO         7730    .ARM.Collect$$libshutdown$$00000011  c_w.l(libshutdown2.o)
    0x08000246   0x08000246   0x00000002   Code   RO         7731    .ARM.Collect$$libshutdown$$00000012  c_w.l(libshutdown2.o)
    0x08000248   0x08000248   0x00000000   Code   RO         7556    .ARM.Collect$$rtentry$$00000000  c_w.l(__rtentry.o)
    0x08000248   0x08000248   0x00000000   Code   RO         7573    .ARM.Collect$$rtentry$$00000002  c_w.l(__rtentry2.o)
    0x08000248   0x08000248   0x00000006   Code   RO         7585    .ARM.Collect$$rtentry$$00000004  c_w.l(__rtentry4.o)
    0x0800024e   0x0800024e   0x00000000   Code   RO         7575    .ARM.Collect$$rtentry$$00000009  c_w.l(__rtentry2.o)
    0x0800024e   0x0800024e   0x00000004   Code   RO         7576    .ARM.Collect$$rtentry$$0000000A  c_w.l(__rtentry2.o)
    0x08000252   0x08000252   0x00000000   Code   RO         7578    .ARM.Collect$$rtentry$$0000000C  c_w.l(__rtentry2.o)
    0x08000252   0x08000252   0x00000008   Code   RO         7579    .ARM.Collect$$rtentry$$0000000D  c_w.l(__rtentry2.o)
    0x0800025a   0x0800025a   0x00000002   Code   RO         7606    .ARM.Collect$$rtexit$$00000000  c_w.l(rtexit.o)
    0x0800025c   0x0800025c   0x00000000   Code   RO         7662    .ARM.Collect$$rtexit$$00000002  c_w.l(rtexit2.o)
    0x0800025c   0x0800025c   0x00000004   Code   RO         7663    .ARM.Collect$$rtexit$$00000003  c_w.l(rtexit2.o)
    0x08000260   0x08000260   0x00000006   Code   RO         7664    .ARM.Collect$$rtexit$$00000004  c_w.l(rtexit2.o)
    0x08000266   0x08000266   0x00000002   PAD
    0x08000268   0x08000268   0x000000be   Code   RO         6469    .emb_text           port.o
    0x08000326   0x08000326   0x00000002   PAD
    0x08000328   0x08000328   0x00000040   Code   RO            4    .text               startup_stm32f407xx.o
    0x08000368   0x08000368   0x000000ee   Code   RO         7532    .text               c_w.l(lludivv7m.o)
    0x08000456   0x08000456   0x0000008a   Code   RO         7534    .text               c_w.l(rt_memcpy_v6.o)
    0x080004e0   0x080004e0   0x00000064   Code   RO         7536    .text               c_w.l(rt_memcpy_w.o)
    0x08000544   0x08000544   0x0000004e   Code   RO         7540    .text               c_w.l(rt_memclr_w.o)
    0x08000592   0x08000592   0x00000006   Code   RO         7542    .text               c_w.l(heapauxi.o)
    0x08000598   0x08000598   0x0000004a   Code   RO         7589    .text               c_w.l(sys_stackheap_outer.o)
    0x080005e2   0x080005e2   0x00000012   Code   RO         7591    .text               c_w.l(exit.o)
    0x080005f4   0x080005f4   0x00000008   Code   RO         7603    .text               c_w.l(libspace.o)
    0x080005fc   0x080005fc   0x0000000c   Code   RO         7659    .text               c_w.l(sys_exit.o)
    0x08000608   0x08000608   0x00000002   Code   RO         7678    .text               c_w.l(use_no_semi.o)
    0x0800060a   0x0800060a   0x00000000   Code   RO         7680    .text               c_w.l(indicate_semi.o)
    0x0800060a   0x0800060a   0x00000002   PAD
    0x0800060c   0x0800060c   0x00000158   Code   RO           13    i.Arm_control       arm_task.o
    0x08000764   0x08000764   0x00000002   Code   RO         1272    i.BusFault_Handler  stm32f4xx_it.o
    0x08000766   0x08000766   0x00000002   PAD
    0x08000768   0x08000768   0x0000003c   Code   RO         6616    i.CAN1_Init         drv_can.o
    0x080007a4   0x080007a4   0x0000000c   Code   RO         1273    i.CAN1_RX0_IRQHandler  stm32f4xx_it.o
    0x080007b0   0x080007b0   0x0000000c   Code   RO         1274    i.CAN1_TX_IRQHandler  stm32f4xx_it.o
    0x080007bc   0x080007bc   0x0000003c   Code   RO         6617    i.CAN2_Init         drv_can.o
    0x080007f8   0x080007f8   0x0000000c   Code   RO         1275    i.CAN2_RX0_IRQHandler  stm32f4xx_it.o
    0x08000804   0x08000804   0x0000000c   Code   RO         1276    i.CAN2_TX_IRQHandler  stm32f4xx_it.o
    0x08000810   0x08000810   0x00000014   Code   RO         1208    i.CDCInitRxbufferNcallback  usbd_cdc_if.o
    0x08000824   0x08000824   0x00000004   Code   RO         1209    i.CDC_Control_FS    usbd_cdc_if.o
    0x08000828   0x08000828   0x00000004   Code   RO         1210    i.CDC_DeInit_FS     usbd_cdc_if.o
    0x0800082c   0x0800082c   0x00000024   Code   RO         1211    i.CDC_Init_FS       usbd_cdc_if.o
    0x08000850   0x08000850   0x0000002c   Code   RO         1212    i.CDC_Receive_FS    usbd_cdc_if.o
    0x0800087c   0x0800087c   0x00000018   Code   RO         1213    i.CDC_TransmitCplt_FS  usbd_cdc_if.o
    0x08000894   0x08000894   0x0000002c   Code   RO         1214    i.CDC_Transmit_FS   usbd_cdc_if.o
    0x080008c0   0x080008c0   0x000000dc   Code   RO           14    i.Custom_control    arm_task.o
    0x0800099c   0x0800099c   0x0000000c   Code   RO         1277    i.DMA1_Stream1_IRQHandler  stm32f4xx_it.o
    0x080009a8   0x080009a8   0x0000000c   Code   RO         1278    i.DMA1_Stream3_IRQHandler  stm32f4xx_it.o
    0x080009b4   0x080009b4   0x0000000c   Code   RO         1279    i.DMA2_Stream1_IRQHandler  stm32f4xx_it.o
    0x080009c0   0x080009c0   0x0000000c   Code   RO         1280    i.DMA2_Stream2_IRQHandler  stm32f4xx_it.o
    0x080009cc   0x080009cc   0x0000000c   Code   RO         1281    i.DMA2_Stream6_IRQHandler  stm32f4xx_it.o
    0x080009d8   0x080009d8   0x0000000c   Code   RO         1282    i.DMA2_Stream7_IRQHandler  stm32f4xx_it.o
    0x080009e4   0x080009e4   0x00000244   Code   RO         6549    i.DMAEx_MultiBufferStart_NoIT  drv_usart.o
    0x08000c28   0x08000c28   0x00000028   Code   RO         2527    i.DMA_CalcBaseAndBitshift  stm32f4xx_hal_dma.o
    0x08000c50   0x08000c50   0x00000054   Code   RO         2528    i.DMA_CheckFifoParam  stm32f4xx_hal_dma.o
    0x08000ca4   0x08000ca4   0x00000028   Code   RO         2529    i.DMA_SetConfig     stm32f4xx_hal_dma.o
    0x08000ccc   0x08000ccc   0x00000088   Code   RO           15    i.DM_Enable         arm_task.o
    0x08000d54   0x08000d54   0x00000014   Code   RO         6550    i.DRV_USART3_IRQHandler  drv_usart.o
    0x08000d68   0x08000d68   0x00000002   Code   RO         1283    i.DebugMon_Handler  stm32f4xx_it.o
    0x08000d6a   0x08000d6a   0x00000010   Code   RO          393    i.Delay             as5600_task.o
    0x08000d7a   0x08000d7a   0x00000002   PAD
    0x08000d7c   0x08000d7c   0x00000070   Code   RO         6985    i.Enable_Ctrl       pid.o
    0x08000dec   0x08000dec   0x0000007c   Code   RO         6986    i.Enable_Ctrl2      pid.o
    0x08000e68   0x08000e68   0x00000004   Code   RO          497    i.Error_Handler     main.o
    0x08000e6c   0x08000e6c   0x0000002c   Code   RO         6927    i.Get_CRC16_Check_Sum  crc.o
    0x08000e98   0x08000e98   0x0000001c   Code   RO         6928    i.Get_CRC8_Check_Sum  crc.o
    0x08000eb4   0x08000eb4   0x00000024   Code   RO         3201    i.HAL_CAN_ActivateNotification  stm32f4xx_hal_can.o
    0x08000ed8   0x08000ed8   0x000000dc   Code   RO         3202    i.HAL_CAN_AddTxMessage  stm32f4xx_hal_can.o
    0x08000fb4   0x08000fb4   0x0000010c   Code   RO         3203    i.HAL_CAN_ConfigFilter  stm32f4xx_hal_can.o
    0x080010c0   0x080010c0   0x00000002   Code   RO         3206    i.HAL_CAN_ErrorCallback  stm32f4xx_hal_can.o
    0x080010c2   0x080010c2   0x000000e8   Code   RO         3209    i.HAL_CAN_GetRxMessage  stm32f4xx_hal_can.o
    0x080011aa   0x080011aa   0x000001fc   Code   RO         3213    i.HAL_CAN_IRQHandler  stm32f4xx_hal_can.o
    0x080013a6   0x080013a6   0x0000011a   Code   RO         3214    i.HAL_CAN_Init      stm32f4xx_hal_can.o
    0x080014c0   0x080014c0   0x0000011c   Code   RO          668    i.HAL_CAN_MspInit   can.o
    0x080015dc   0x080015dc   0x00000002   Code   RO         3221    i.HAL_CAN_RxFifo0FullCallback  stm32f4xx_hal_can.o
    0x080015de   0x080015de   0x00000002   PAD
    0x080015e0   0x080015e0   0x00000288   Code   RO         6618    i.HAL_CAN_RxFifo0MsgPendingCallback  drv_can.o
    0x08001868   0x08001868   0x00000002   Code   RO         3223    i.HAL_CAN_RxFifo1FullCallback  stm32f4xx_hal_can.o
    0x0800186a   0x0800186a   0x00000002   Code   RO         3224    i.HAL_CAN_RxFifo1MsgPendingCallback  stm32f4xx_hal_can.o
    0x0800186c   0x0800186c   0x00000002   Code   RO         3225    i.HAL_CAN_SleepCallback  stm32f4xx_hal_can.o
    0x0800186e   0x0800186e   0x00000002   PAD
    0x08001870   0x08001870   0x00000058   Code   RO         3226    i.HAL_CAN_Start     stm32f4xx_hal_can.o
    0x080018c8   0x080018c8   0x00000002   Code   RO         3228    i.HAL_CAN_TxMailbox0AbortCallback  stm32f4xx_hal_can.o
    0x080018ca   0x080018ca   0x00000002   Code   RO         3229    i.HAL_CAN_TxMailbox0CompleteCallback  stm32f4xx_hal_can.o
    0x080018cc   0x080018cc   0x00000002   Code   RO         3230    i.HAL_CAN_TxMailbox1AbortCallback  stm32f4xx_hal_can.o
    0x080018ce   0x080018ce   0x00000002   Code   RO         3231    i.HAL_CAN_TxMailbox1CompleteCallback  stm32f4xx_hal_can.o
    0x080018d0   0x080018d0   0x00000002   Code   RO         3232    i.HAL_CAN_TxMailbox2AbortCallback  stm32f4xx_hal_can.o
    0x080018d2   0x080018d2   0x00000002   Code   RO         3233    i.HAL_CAN_TxMailbox2CompleteCallback  stm32f4xx_hal_can.o
    0x080018d4   0x080018d4   0x00000002   Code   RO         3235    i.HAL_CAN_WakeUpFromRxMsgCallback  stm32f4xx_hal_can.o
    0x080018d6   0x080018d6   0x00000092   Code   RO         2530    i.HAL_DMA_Abort     stm32f4xx_hal_dma.o
    0x08001968   0x08001968   0x00000024   Code   RO         2531    i.HAL_DMA_Abort_IT  stm32f4xx_hal_dma.o
    0x0800198c   0x0800198c   0x000001a0   Code   RO         2535    i.HAL_DMA_IRQHandler  stm32f4xx_hal_dma.o
    0x08001b2c   0x08001b2c   0x000000d4   Code   RO         2536    i.HAL_DMA_Init      stm32f4xx_hal_dma.o
    0x08001c00   0x08001c00   0x0000006e   Code   RO         2540    i.HAL_DMA_Start_IT  stm32f4xx_hal_dma.o
    0x08001c6e   0x08001c6e   0x00000002   PAD
    0x08001c70   0x08001c70   0x00000024   Code   RO         2949    i.HAL_Delay         stm32f4xx_hal.o
    0x08001c94   0x08001c94   0x000001f0   Code   RO         2423    i.HAL_GPIO_Init     stm32f4xx_hal_gpio.o
    0x08001e84   0x08001e84   0x0000000a   Code   RO         2425    i.HAL_GPIO_ReadPin  stm32f4xx_hal_gpio.o
    0x08001e8e   0x08001e8e   0x00000010   Code   RO         2426    i.HAL_GPIO_TogglePin  stm32f4xx_hal_gpio.o
    0x08001e9e   0x08001e9e   0x0000000a   Code   RO         2427    i.HAL_GPIO_WritePin  stm32f4xx_hal_gpio.o
    0x08001ea8   0x08001ea8   0x0000000c   Code   RO         2955    i.HAL_GetTick       stm32f4xx_hal.o
    0x08001eb4   0x08001eb4   0x00000188   Code   RO         3445    i.HAL_I2C_Init      stm32f4xx_hal_i2c.o
    0x0800203c   0x0800203c   0x00000068   Code   RO          741    i.HAL_I2C_MspInit   i2c.o
    0x080020a4   0x080020a4   0x00000010   Code   RO         2961    i.HAL_IncTick       stm32f4xx_hal.o
    0x080020b4   0x080020b4   0x00000034   Code   RO         2962    i.HAL_Init          stm32f4xx_hal.o
    0x080020e8   0x080020e8   0x00000098   Code   RO         1444    i.HAL_InitTick      stm32f4xx_hal_timebase_tim.o
    0x08002180   0x08002180   0x00000038   Code   RO         1420    i.HAL_MspInit       stm32f4xx_hal_msp.o
    0x080021b8   0x080021b8   0x0000001a   Code   RO         2812    i.HAL_NVIC_EnableIRQ  stm32f4xx_hal_cortex.o
    0x080021d2   0x080021d2   0x00000002   PAD
    0x080021d4   0x080021d4   0x00000040   Code   RO         2818    i.HAL_NVIC_SetPriority  stm32f4xx_hal_cortex.o
    0x08002214   0x08002214   0x00000024   Code   RO         2819    i.HAL_NVIC_SetPriorityGrouping  stm32f4xx_hal_cortex.o
    0x08002238   0x08002238   0x00000002   Code   RO         1722    i.HAL_PCDEx_LPM_Callback  stm32f4xx_hal_pcd_ex.o
    0x0800223a   0x0800223a   0x00000008   Code   RO         1723    i.HAL_PCDEx_SetRxFiFo  stm32f4xx_hal_pcd_ex.o
    0x08002242   0x08002242   0x00000044   Code   RO         1724    i.HAL_PCDEx_SetTxFiFo  stm32f4xx_hal_pcd_ex.o
    0x08002286   0x08002286   0x00000008   Code   RO          915    i.HAL_PCD_ConnectCallback  usbd_conf.o
    0x0800228e   0x0800228e   0x00000012   Code   RO          916    i.HAL_PCD_DataInStageCallback  usbd_conf.o
    0x080022a0   0x080022a0   0x00000014   Code   RO          917    i.HAL_PCD_DataOutStageCallback  usbd_conf.o
    0x080022b4   0x080022b4   0x00000008   Code   RO          918    i.HAL_PCD_DisconnectCallback  usbd_conf.o
    0x080022bc   0x080022bc   0x0000001e   Code   RO         1492    i.HAL_PCD_EP_Abort  stm32f4xx_hal_pcd.o
    0x080022da   0x080022da   0x0000004c   Code   RO         1493    i.HAL_PCD_EP_Close  stm32f4xx_hal_pcd.o
    0x08002326   0x08002326   0x0000005c   Code   RO         1494    i.HAL_PCD_EP_ClrStall  stm32f4xx_hal_pcd.o
    0x08002382   0x08002382   0x00000012   Code   RO         1496    i.HAL_PCD_EP_GetRxCount  stm32f4xx_hal_pcd.o
    0x08002394   0x08002394   0x00000060   Code   RO         1497    i.HAL_PCD_EP_Open   stm32f4xx_hal_pcd.o
    0x080023f4   0x080023f4   0x00000048   Code   RO         1498    i.HAL_PCD_EP_Receive  stm32f4xx_hal_pcd.o
    0x0800243c   0x0800243c   0x00000074   Code   RO         1499    i.HAL_PCD_EP_SetStall  stm32f4xx_hal_pcd.o
    0x080024b0   0x080024b0   0x00000040   Code   RO         1500    i.HAL_PCD_EP_Transmit  stm32f4xx_hal_pcd.o
    0x080024f0   0x080024f0   0x00000560   Code   RO         1502    i.HAL_PCD_IRQHandler  stm32f4xx_hal_pcd.o
    0x08002a50   0x08002a50   0x00000008   Code   RO          919    i.HAL_PCD_ISOINIncompleteCallback  usbd_conf.o
    0x08002a58   0x08002a58   0x00000008   Code   RO          920    i.HAL_PCD_ISOOUTIncompleteCallback  usbd_conf.o
    0x08002a60   0x08002a60   0x000000e2   Code   RO         1505    i.HAL_PCD_Init      stm32f4xx_hal_pcd.o
    0x08002b42   0x08002b42   0x00000002   PAD
    0x08002b44   0x08002b44   0x00000084   Code   RO          922    i.HAL_PCD_MspInit   usbd_conf.o
    0x08002bc8   0x08002bc8   0x0000002c   Code   RO          923    i.HAL_PCD_ResetCallback  usbd_conf.o
    0x08002bf4   0x08002bf4   0x00000008   Code   RO          924    i.HAL_PCD_ResumeCallback  usbd_conf.o
    0x08002bfc   0x08002bfc   0x00000008   Code   RO          925    i.HAL_PCD_SOFCallback  usbd_conf.o
    0x08002c04   0x08002c04   0x00000028   Code   RO         1511    i.HAL_PCD_SetAddress  stm32f4xx_hal_pcd.o
    0x08002c2c   0x08002c2c   0x0000000e   Code   RO          926    i.HAL_PCD_SetupStageCallback  usbd_conf.o
    0x08002c3a   0x08002c3a   0x00000042   Code   RO         1514    i.HAL_PCD_Start     stm32f4xx_hal_pcd.o
    0x08002c7c   0x08002c7c   0x00000030   Code   RO          927    i.HAL_PCD_SuspendCallback  usbd_conf.o
    0x08002cac   0x08002cac   0x00000134   Code   RO         2069    i.HAL_RCC_ClockConfig  stm32f4xx_hal_rcc.o
    0x08002de0   0x08002de0   0x00000040   Code   RO         2073    i.HAL_RCC_GetClockConfig  stm32f4xx_hal_rcc.o
    0x08002e20   0x08002e20   0x0000000c   Code   RO         2074    i.HAL_RCC_GetHCLKFreq  stm32f4xx_hal_rcc.o
    0x08002e2c   0x08002e2c   0x00000020   Code   RO         2076    i.HAL_RCC_GetPCLK1Freq  stm32f4xx_hal_rcc.o
    0x08002e4c   0x08002e4c   0x00000020   Code   RO         2077    i.HAL_RCC_GetPCLK2Freq  stm32f4xx_hal_rcc.o
    0x08002e6c   0x08002e6c   0x00000064   Code   RO         2078    i.HAL_RCC_GetSysClockFreq  stm32f4xx_hal_rcc.o
    0x08002ed0   0x08002ed0   0x0000036c   Code   RO         2081    i.HAL_RCC_OscConfig  stm32f4xx_hal_rcc.o
    0x0800323c   0x0800323c   0x00000002   Code   RO         4590    i.HAL_TIMEx_BreakCallback  stm32f4xx_hal_tim_ex.o
    0x0800323e   0x0800323e   0x00000002   Code   RO         4591    i.HAL_TIMEx_CommutCallback  stm32f4xx_hal_tim_ex.o
    0x08003240   0x08003240   0x00000054   Code   RO         4593    i.HAL_TIMEx_ConfigBreakDeadTime  stm32f4xx_hal_tim_ex.o
    0x08003294   0x08003294   0x00000090   Code   RO         4609    i.HAL_TIMEx_MasterConfigSynchronization  stm32f4xx_hal_tim_ex.o
    0x08003324   0x08003324   0x0000005a   Code   RO         3886    i.HAL_TIM_Base_Init  stm32f4xx_hal_tim.o
    0x0800337e   0x0800337e   0x00000002   PAD
    0x08003380   0x08003380   0x00000028   Code   RO          783    i.HAL_TIM_Base_MspInit  tim.o
    0x080033a8   0x080033a8   0x00000080   Code   RO         3891    i.HAL_TIM_Base_Start_IT  stm32f4xx_hal_tim.o
    0x08003428   0x08003428   0x000000dc   Code   RO         3895    i.HAL_TIM_ConfigClockSource  stm32f4xx_hal_tim.o
    0x08003504   0x08003504   0x00000002   Code   RO         3920    i.HAL_TIM_IC_CaptureCallback  stm32f4xx_hal_tim.o
    0x08003506   0x08003506   0x00000166   Code   RO         3934    i.HAL_TIM_IRQHandler  stm32f4xx_hal_tim.o
    0x0800366c   0x0800366c   0x00000054   Code   RO          784    i.HAL_TIM_MspPostInit  tim.o
    0x080036c0   0x080036c0   0x00000002   Code   RO         3937    i.HAL_TIM_OC_DelayElapsedCallback  stm32f4xx_hal_tim.o
    0x080036c2   0x080036c2   0x000000cc   Code   RO         3958    i.HAL_TIM_PWM_ConfigChannel  stm32f4xx_hal_tim.o
    0x0800378e   0x0800378e   0x0000005a   Code   RO         3961    i.HAL_TIM_PWM_Init  stm32f4xx_hal_tim.o
    0x080037e8   0x080037e8   0x00000002   Code   RO         3963    i.HAL_TIM_PWM_MspInit  stm32f4xx_hal_tim.o
    0x080037ea   0x080037ea   0x00000002   Code   RO         3964    i.HAL_TIM_PWM_PulseFinishedCallback  stm32f4xx_hal_tim.o
    0x080037ec   0x080037ec   0x000000c8   Code   RO         3966    i.HAL_TIM_PWM_Start  stm32f4xx_hal_tim.o
    0x080038b4   0x080038b4   0x0000007c   Code   RO         3969    i.HAL_TIM_PWM_Stop  stm32f4xx_hal_tim.o
    0x08003930   0x08003930   0x00000014   Code   RO          498    i.HAL_TIM_PeriodElapsedCallback  main.o
    0x08003944   0x08003944   0x00000002   Code   RO         3977    i.HAL_TIM_TriggerCallback  stm32f4xx_hal_tim.o
    0x08003946   0x08003946   0x00000002   Code   RO         4868    i.HAL_UARTEx_RxEventCallback  stm32f4xx_hal_uart.o
    0x08003948   0x08003948   0x00000070   Code   RO         4880    i.HAL_UART_DMAStop  stm32f4xx_hal_uart.o
    0x080039b8   0x080039b8   0x00000002   Code   RO         4882    i.HAL_UART_ErrorCallback  stm32f4xx_hal_uart.o
    0x080039ba   0x080039ba   0x00000002   PAD
    0x080039bc   0x080039bc   0x00000268   Code   RO         4885    i.HAL_UART_IRQHandler  stm32f4xx_hal_uart.o
    0x08003c24   0x08003c24   0x00000062   Code   RO         4886    i.HAL_UART_Init     stm32f4xx_hal_uart.o
    0x08003c86   0x08003c86   0x00000002   PAD
    0x08003c88   0x08003c88   0x000002d4   Code   RO          831    i.HAL_UART_MspInit  usart.o
    0x08003f5c   0x08003f5c   0x0000002a   Code   RO         4890    i.HAL_UART_Receive_DMA  stm32f4xx_hal_uart.o
    0x08003f86   0x08003f86   0x00000002   Code   RO         4892    i.HAL_UART_RxCpltCallback  stm32f4xx_hal_uart.o
    0x08003f88   0x08003f88   0x00000002   Code   RO         4893    i.HAL_UART_RxHalfCpltCallback  stm32f4xx_hal_uart.o
    0x08003f8a   0x08003f8a   0x00000002   Code   RO         4897    i.HAL_UART_TxCpltCallback  stm32f4xx_hal_uart.o
    0x08003f8c   0x08003f8c   0x00000002   Code   RO         1284    i.HardFault_Handler  stm32f4xx_it.o
    0x08003f8e   0x08003f8e   0x00000002   PAD
    0x08003f90   0x08003f90   0x000000a4   Code   RO          394    i.Init_NRF24L01     as5600_task.o
    0x08004034   0x08004034   0x00000038   Code   RO         1122    i.IntToUnicode      usbd_desc.o
    0x0800406c   0x0800406c   0x0000002c   Code   RO         6882    i.JOINT             bsp_usb.o
    0x08004098   0x08004098   0x000001a4   Code   RO         6844    i.JUDGE_Receive     judge.o
    0x0800423c   0x0800423c   0x00000044   Code   RO          669    i.MX_CAN1_Init      can.o
    0x08004280   0x08004280   0x00000044   Code   RO          670    i.MX_CAN2_Init      can.o
    0x080042c4   0x080042c4   0x0000008c   Code   RO          716    i.MX_DMA_Init       dma.o
    0x08004350   0x08004350   0x00000068   Code   RO          621    i.MX_FREERTOS_Init  freertos.o
    0x080043b8   0x080043b8   0x000000f0   Code   RO          597    i.MX_GPIO_Init      gpio.o
    0x080044a8   0x080044a8   0x00000040   Code   RO          742    i.MX_I2C2_Init      i2c.o
    0x080044e8   0x080044e8   0x000000c8   Code   RO          785    i.MX_TIM1_Init      tim.o
    0x080045b0   0x080045b0   0x00000038   Code   RO          832    i.MX_USART1_UART_Init  usart.o
    0x080045e8   0x080045e8   0x00000040   Code   RO          833    i.MX_USART3_UART_Init  usart.o
    0x08004628   0x08004628   0x00000038   Code   RO          834    i.MX_USART6_UART_Init  usart.o
    0x08004660   0x08004660   0x00000054   Code   RO          888    i.MX_USB_DEVICE_Init  usb_device.o
    0x080046b4   0x080046b4   0x00000002   Code   RO         1285    i.MemManage_Handler  stm32f4xx_it.o
    0x080046b6   0x080046b6   0x00000070   Code   RO           16    i.MotorControl      arm_task.o
    0x08004726   0x08004726   0x00000002   Code   RO         1286    i.NMI_Handler       stm32f4xx_it.o
    0x08004728   0x08004728   0x00000048   Code   RO          395    i.NRF24L01_Check    as5600_task.o
    0x08004770   0x08004770   0x0000004c   Code   RO          396    i.NRF24L01_Read_Buf  as5600_task.o
    0x080047bc   0x080047bc   0x00000034   Code   RO          397    i.NRF24L01_Read_Reg  as5600_task.o
    0x080047f0   0x080047f0   0x00000032   Code   RO          398    i.NRF24L01_RxPacket  as5600_task.o
    0x08004822   0x08004822   0x00000002   PAD
    0x08004824   0x08004824   0x0000004c   Code   RO          400    i.NRF24L01_Write_Buf  as5600_task.o
    0x08004870   0x08004870   0x0000003c   Code   RO          401    i.NRF24L01_Write_Reg  as5600_task.o
    0x080048ac   0x080048ac   0x0000000c   Code   RO         1287    i.OTG_FS_IRQHandler  stm32f4xx_it.o
    0x080048b8   0x080048b8   0x0000004c   Code   RO           17    i.One_Click_Control  arm_task.o
    0x08004904   0x08004904   0x000000cc   Code   RO         1518    i.PCD_EP_OutXfrComplete_int  stm32f4xx_hal_pcd.o
    0x080049d0   0x080049d0   0x000000a2   Code   RO         1519    i.PCD_WriteEmptyTxFifo  stm32f4xx_hal_pcd.o
    0x08004a72   0x08004a72   0x00000002   PAD
    0x08004a74   0x08004a74   0x00000070   Code   RO         6991    i.PosSpeed_CtrlMotor  pid.o
    0x08004ae4   0x08004ae4   0x00000070   Code   RO         6992    i.PosSpeed_CtrlMotor2  pid.o
    0x08004b54   0x08004b54   0x00000064   Code   RO          402    i.RX_Mode           as5600_task.o
    0x08004bb8   0x08004bb8   0x00000040   Code   RO           18    i.Recyling          arm_task.o
    0x08004bf8   0x08004bf8   0x0000010c   Code   RO           19    i.Restrict          arm_task.o
    0x08004d04   0x08004d04   0x0000006c   Code   RO          403    i.SPI_ReadWriteByte  as5600_task.o
    0x08004d70   0x08004d70   0x0000000c   Code   RO          622    i.StartDefaultTask  freertos.o
    0x08004d7c   0x08004d7c   0x000001f4   Code   RO           20    i.StartTask02       arm_task.o
    0x08004f70   0x08004f70   0x00000094   Code   RO          344    i.StartTask03       potocal_task.o
    0x08005004   0x08005004   0x00000058   Code   RO          404    i.StartTask04       as5600_task.o
    0x0800505c   0x0800505c   0x0000002c   Code   RO         6470    i.SysTick_Handler   port.o
    0x08005088   0x08005088   0x00000094   Code   RO          499    i.SystemClock_Config  main.o
    0x0800511c   0x0800511c   0x00000010   Code   RO         5215    i.SystemInit        system_stm32f4xx.o
    0x0800512c   0x0800512c   0x0000000c   Code   RO         1288    i.TIM3_IRQHandler   stm32f4xx_it.o
    0x08005138   0x08005138   0x000000c8   Code   RO         3979    i.TIM_Base_SetConfig  stm32f4xx_hal_tim.o
    0x08005200   0x08005200   0x0000001a   Code   RO         3980    i.TIM_CCxChannelCmd  stm32f4xx_hal_tim.o
    0x0800521a   0x0800521a   0x00000014   Code   RO         3990    i.TIM_ETR_SetConfig  stm32f4xx_hal_tim.o
    0x0800522e   0x0800522e   0x00000010   Code   RO         3991    i.TIM_ITRx_SetConfig  stm32f4xx_hal_tim.o
    0x0800523e   0x0800523e   0x00000002   PAD
    0x08005240   0x08005240   0x00000060   Code   RO         3992    i.TIM_OC1_SetConfig  stm32f4xx_hal_tim.o
    0x080052a0   0x080052a0   0x0000006c   Code   RO         3993    i.TIM_OC2_SetConfig  stm32f4xx_hal_tim.o
    0x0800530c   0x0800530c   0x00000068   Code   RO         3994    i.TIM_OC3_SetConfig  stm32f4xx_hal_tim.o
    0x08005374   0x08005374   0x00000050   Code   RO         3995    i.TIM_OC4_SetConfig  stm32f4xx_hal_tim.o
    0x080053c4   0x080053c4   0x00000022   Code   RO         3997    i.TIM_TI1_ConfigInputStage  stm32f4xx_hal_tim.o
    0x080053e6   0x080053e6   0x00000024   Code   RO         3999    i.TIM_TI2_ConfigInputStage  stm32f4xx_hal_tim.o
    0x0800540a   0x0800540a   0x00000010   Code   RO         4899    i.UART_DMAAbortOnError  stm32f4xx_hal_uart.o
    0x0800541a   0x0800541a   0x0000004a   Code   RO         4900    i.UART_DMAError     stm32f4xx_hal_uart.o
    0x08005464   0x08005464   0x00000082   Code   RO         4901    i.UART_DMAReceiveCplt  stm32f4xx_hal_uart.o
    0x080054e6   0x080054e6   0x0000001a   Code   RO         4903    i.UART_DMARxHalfCplt  stm32f4xx_hal_uart.o
    0x08005500   0x08005500   0x0000004e   Code   RO         4909    i.UART_EndRxTransfer  stm32f4xx_hal_uart.o
    0x0800554e   0x0800554e   0x0000001c   Code   RO         4910    i.UART_EndTxTransfer  stm32f4xx_hal_uart.o
    0x0800556a   0x0800556a   0x000000c0   Code   RO         4911    i.UART_Receive_IT   stm32f4xx_hal_uart.o
    0x0800562a   0x0800562a   0x00000002   PAD
    0x0800562c   0x0800562c   0x0000010c   Code   RO         4912    i.UART_SetConfig    stm32f4xx_hal_uart.o
    0x08005738   0x08005738   0x00000094   Code   RO         4913    i.UART_Start_Receive_DMA  stm32f4xx_hal_uart.o
    0x080057cc   0x080057cc   0x00000048   Code   RO         1289    i.USART1_IRQHandler  stm32f4xx_it.o
    0x08005814   0x08005814   0x00000018   Code   RO         1290    i.USART3_IRQHandler  stm32f4xx_it.o
    0x0800582c   0x0800582c   0x0000003c   Code   RO         6552    i.USART3_Init       drv_usart.o
    0x08005868   0x08005868   0x0000004c   Code   RO         1291    i.USART6_IRQHandler  stm32f4xx_it.o
    0x080058b4   0x080058b4   0x00000078   Code   RO         7427    i.USBD_CDC_DataIn   usbd_cdc.o
    0x0800592c   0x0800592c   0x0000003e   Code   RO         7428    i.USBD_CDC_DataOut  usbd_cdc.o
    0x0800596a   0x0800596a   0x00000002   PAD
    0x0800596c   0x0800596c   0x00000094   Code   RO         7429    i.USBD_CDC_DeInit   usbd_cdc.o
    0x08005a00   0x08005a00   0x00000038   Code   RO         7430    i.USBD_CDC_EP0_RxReady  usbd_cdc.o
    0x08005a38   0x08005a38   0x0000000c   Code   RO         7431    i.USBD_CDC_GetDeviceQualifierDescriptor  usbd_cdc.o
    0x08005a44   0x08005a44   0x0000003c   Code   RO         7432    i.USBD_CDC_GetFSCfgDesc  usbd_cdc.o
    0x08005a80   0x08005a80   0x00000040   Code   RO         7433    i.USBD_CDC_GetHSCfgDesc  usbd_cdc.o
    0x08005ac0   0x08005ac0   0x0000003c   Code   RO         7434    i.USBD_CDC_GetOtherSpeedCfgDesc  usbd_cdc.o
    0x08005afc   0x08005afc   0x00000160   Code   RO         7435    i.USBD_CDC_Init     usbd_cdc.o
    0x08005c5c   0x08005c5c   0x00000048   Code   RO         7436    i.USBD_CDC_ReceivePacket  usbd_cdc.o
    0x08005ca4   0x08005ca4   0x00000018   Code   RO         7437    i.USBD_CDC_RegisterInterface  usbd_cdc.o
    0x08005cbc   0x08005cbc   0x0000001c   Code   RO         7438    i.USBD_CDC_SetRxBuffer  usbd_cdc.o
    0x08005cd8   0x08005cd8   0x00000020   Code   RO         7439    i.USBD_CDC_SetTxBuffer  usbd_cdc.o
    0x08005cf8   0x08005cf8   0x00000110   Code   RO         7440    i.USBD_CDC_Setup    usbd_cdc.o
    0x08005e08   0x08005e08   0x00000054   Code   RO         7441    i.USBD_CDC_TransmitPacket  usbd_cdc.o
    0x08005e5c   0x08005e5c   0x00000014   Code   RO         7107    i.USBD_ClrClassConfig  usbd_core.o
    0x08005e70   0x08005e70   0x00000026   Code   RO         7269    i.USBD_ClrFeature   usbd_ctlreq.o
    0x08005e96   0x08005e96   0x00000004   Code   RO         7108    i.USBD_CoreFindEP   usbd_core.o
    0x08005e9a   0x08005e9a   0x00000004   Code   RO         7109    i.USBD_CoreFindIF   usbd_core.o
    0x08005e9e   0x08005e9e   0x00000010   Code   RO         7367    i.USBD_CtlContinueRx  usbd_ioreq.o
    0x08005eae   0x08005eae   0x00000010   Code   RO         7368    i.USBD_CtlContinueSendData  usbd_ioreq.o
    0x08005ebe   0x08005ebe   0x00000018   Code   RO         7270    i.USBD_CtlError     usbd_ctlreq.o
    0x08005ed6   0x08005ed6   0x0000001e   Code   RO         7369    i.USBD_CtlPrepareRx  usbd_ioreq.o
    0x08005ef4   0x08005ef4   0x00000016   Code   RO         7370    i.USBD_CtlReceiveStatus  usbd_ioreq.o
    0x08005f0a   0x08005f0a   0x0000001a   Code   RO         7371    i.USBD_CtlSendData  usbd_ioreq.o
    0x08005f24   0x08005f24   0x00000016   Code   RO         7372    i.USBD_CtlSendStatus  usbd_ioreq.o
    0x08005f3a   0x08005f3a   0x00000002   PAD
    0x08005f3c   0x08005f3c   0x00000020   Code   RO         1123    i.USBD_FS_ConfigStrDescriptor  usbd_desc.o
    0x08005f5c   0x08005f5c   0x0000000c   Code   RO         1124    i.USBD_FS_DeviceDescriptor  usbd_desc.o
    0x08005f68   0x08005f68   0x00000024   Code   RO         1125    i.USBD_FS_InterfaceStrDescriptor  usbd_desc.o
    0x08005f8c   0x08005f8c   0x0000000c   Code   RO         1126    i.USBD_FS_LangIDStrDescriptor  usbd_desc.o
    0x08005f98   0x08005f98   0x00000028   Code   RO         1127    i.USBD_FS_ManufacturerStrDescriptor  usbd_desc.o
    0x08005fc0   0x08005fc0   0x0000002c   Code   RO         1128    i.USBD_FS_ProductStrDescriptor  usbd_desc.o
    0x08005fec   0x08005fec   0x00000038   Code   RO         1129    i.USBD_FS_SerialStrDescriptor  usbd_desc.o
    0x08006024   0x08006024   0x00000034   Code   RO         7271    i.USBD_GetConfig    usbd_ctlreq.o
    0x08006058   0x08006058   0x000001b4   Code   RO         7272    i.USBD_GetDescriptor  usbd_ctlreq.o
    0x0800620c   0x0800620c   0x0000003c   Code   RO         7111    i.USBD_GetEpDesc    usbd_core.o
    0x08006248   0x08006248   0x00000018   Code   RO         7273    i.USBD_GetLen       usbd_ctlreq.o
    0x08006260   0x08006260   0x0000000e   Code   RO         7112    i.USBD_GetNextDesc  usbd_core.o
    0x0800626e   0x0800626e   0x00000036   Code   RO         7274    i.USBD_GetStatus    usbd_ctlreq.o
    0x080062a4   0x080062a4   0x00000044   Code   RO         7275    i.USBD_GetString    usbd_ctlreq.o
    0x080062e8   0x080062e8   0x00000018   Code   RO          928    i.USBD_Get_USB_Status  usbd_conf.o
    0x08006300   0x08006300   0x00000028   Code   RO         7113    i.USBD_Init         usbd_core.o
    0x08006328   0x08006328   0x00000012   Code   RO          929    i.USBD_LL_ClearStallEP  usbd_conf.o
    0x0800633a   0x0800633a   0x00000012   Code   RO          930    i.USBD_LL_CloseEP   usbd_conf.o
    0x0800634c   0x0800634c   0x000000dc   Code   RO         7114    i.USBD_LL_DataInStage  usbd_core.o
    0x08006428   0x08006428   0x000000d0   Code   RO         7115    i.USBD_LL_DataOutStage  usbd_core.o
    0x080064f8   0x080064f8   0x00000004   Code   RO         7116    i.USBD_LL_DevConnected  usbd_core.o
    0x080064fc   0x080064fc   0x00000020   Code   RO         7117    i.USBD_LL_DevDisconnected  usbd_core.o
    0x0800651c   0x0800651c   0x00000008   Code   RO          934    i.USBD_LL_GetRxDataSize  usbd_conf.o
    0x08006524   0x08006524   0x00000060   Code   RO          935    i.USBD_LL_Init      usbd_conf.o
    0x08006584   0x08006584   0x00000020   Code   RO          936    i.USBD_LL_IsStallEP  usbd_conf.o
    0x080065a4   0x080065a4   0x0000002a   Code   RO         7118    i.USBD_LL_IsoINIncomplete  usbd_core.o
    0x080065ce   0x080065ce   0x0000002a   Code   RO         7119    i.USBD_LL_IsoOUTIncomplete  usbd_core.o
    0x080065f8   0x080065f8   0x00000018   Code   RO          937    i.USBD_LL_OpenEP    usbd_conf.o
    0x08006610   0x08006610   0x00000012   Code   RO          938    i.USBD_LL_PrepareReceive  usbd_conf.o
    0x08006622   0x08006622   0x00000060   Code   RO         7120    i.USBD_LL_Reset     usbd_core.o
    0x08006682   0x08006682   0x00000014   Code   RO         7121    i.USBD_LL_Resume    usbd_core.o
    0x08006696   0x08006696   0x0000001a   Code   RO         7122    i.USBD_LL_SOF       usbd_core.o
    0x080066b0   0x080066b0   0x00000006   Code   RO         7123    i.USBD_LL_SetSpeed  usbd_core.o
    0x080066b6   0x080066b6   0x00000012   Code   RO          939    i.USBD_LL_SetUSBAddress  usbd_conf.o
    0x080066c8   0x080066c8   0x00000064   Code   RO         7124    i.USBD_LL_SetupStage  usbd_core.o
    0x0800672c   0x0800672c   0x00000012   Code   RO          940    i.USBD_LL_StallEP   usbd_conf.o
    0x0800673e   0x0800673e   0x00000012   Code   RO          941    i.USBD_LL_Start     usbd_conf.o
    0x08006750   0x08006750   0x00000012   Code   RO         7125    i.USBD_LL_Suspend   usbd_core.o
    0x08006762   0x08006762   0x00000012   Code   RO          943    i.USBD_LL_Transmit  usbd_conf.o
    0x08006774   0x08006774   0x00000032   Code   RO         7276    i.USBD_ParseSetupRequest  usbd_ctlreq.o
    0x080067a6   0x080067a6   0x0000003a   Code   RO         7126    i.USBD_RegisterClass  usbd_core.o
    0x080067e0   0x080067e0   0x00000004   Code   RO         7127    i.USBD_RunTestMode  usbd_core.o
    0x080067e4   0x080067e4   0x00000058   Code   RO         7277    i.USBD_SetAddress   usbd_ctlreq.o
    0x0800683c   0x0800683c   0x00000014   Code   RO         7128    i.USBD_SetClassConfig  usbd_core.o
    0x08006850   0x08006850   0x000000dc   Code   RO         7278    i.USBD_SetConfig    usbd_ctlreq.o
    0x0800692c   0x0800692c   0x00000024   Code   RO         7279    i.USBD_SetFeature   usbd_ctlreq.o
    0x08006950   0x08006950   0x00000004   Code   RO         7129    i.USBD_Start        usbd_core.o
    0x08006954   0x08006954   0x00000076   Code   RO         7280    i.USBD_StdDevReq    usbd_ctlreq.o
    0x080069ca   0x080069ca   0x0000022e   Code   RO         7281    i.USBD_StdEPReq     usbd_ctlreq.o
    0x08006bf8   0x08006bf8   0x0000008e   Code   RO         7282    i.USBD_StdItfReq    usbd_ctlreq.o
    0x08006c86   0x08006c86   0x00000002   Code   RO          944    i.USBD_static_free  usbd_conf.o
    0x08006c88   0x08006c88   0x00000008   Code   RO          945    i.USBD_static_malloc  usbd_conf.o
    0x08006c90   0x08006c90   0x00000010   Code   RO         6883    i.USBInit           bsp_usb.o
    0x08006ca0   0x08006ca0   0x00000004   Code   RO         6884    i.USBTransmit       bsp_usb.o
    0x08006ca4   0x08006ca4   0x00000080   Code   RO         1764    i.USB_ActivateEndpoint  stm32f4xx_ll_usb.o
    0x08006d24   0x08006d24   0x0000001c   Code   RO         1766    i.USB_ActivateSetup  stm32f4xx_ll_usb.o
    0x08006d40   0x08006d40   0x00000074   Code   RO         1768    i.USB_CoreInit      stm32f4xx_ll_usb.o
    0x08006db4   0x08006db4   0x00000040   Code   RO         1769    i.USB_CoreReset     stm32f4xx_ll_usb.o
    0x08006df4   0x08006df4   0x000000cc   Code   RO         1772    i.USB_DeactivateEndpoint  stm32f4xx_ll_usb.o
    0x08006ec0   0x08006ec0   0x0000001c   Code   RO         1773    i.USB_DevConnect    stm32f4xx_ll_usb.o
    0x08006edc   0x08006edc   0x0000001c   Code   RO         1774    i.USB_DevDisconnect  stm32f4xx_ll_usb.o
    0x08006ef8   0x08006ef8   0x00000174   Code   RO         1775    i.USB_DevInit       stm32f4xx_ll_usb.o
    0x0800706c   0x0800706c   0x0000000c   Code   RO         1776    i.USB_DisableGlobalInt  stm32f4xx_ll_usb.o
    0x08007078   0x08007078   0x0000011c   Code   RO         1779    i.USB_EP0StartXfer  stm32f4xx_ll_usb.o
    0x08007194   0x08007194   0x00000058   Code   RO         1780    i.USB_EP0_OutStart  stm32f4xx_ll_usb.o
    0x080071ec   0x080071ec   0x00000058   Code   RO         1781    i.USB_EPClearStall  stm32f4xx_ll_usb.o
    0x08007244   0x08007244   0x00000058   Code   RO         1782    i.USB_EPSetStall    stm32f4xx_ll_usb.o
    0x0800729c   0x0800729c   0x000001e4   Code   RO         1783    i.USB_EPStartXfer   stm32f4xx_ll_usb.o
    0x08007480   0x08007480   0x0000009e   Code   RO         1784    i.USB_EPStopXfer    stm32f4xx_ll_usb.o
    0x0800751e   0x0800751e   0x0000000c   Code   RO         1785    i.USB_EnableGlobalInt  stm32f4xx_ll_usb.o
    0x0800752a   0x0800752a   0x00000002   PAD
    0x0800752c   0x0800752c   0x0000003c   Code   RO         1786    i.USB_FlushRxFifo   stm32f4xx_ll_usb.o
    0x08007568   0x08007568   0x00000040   Code   RO         1787    i.USB_FlushTxFifo   stm32f4xx_ll_usb.o
    0x080075a8   0x080075a8   0x0000001a   Code   RO         1789    i.USB_GetDevSpeed   stm32f4xx_ll_usb.o
    0x080075c2   0x080075c2   0x00000008   Code   RO         1791    i.USB_GetMode       stm32f4xx_ll_usb.o
    0x080075ca   0x080075ca   0x0000000e   Code   RO         1798    i.USB_ReadDevAllInEpInterrupt  stm32f4xx_ll_usb.o
    0x080075d8   0x080075d8   0x0000000e   Code   RO         1799    i.USB_ReadDevAllOutEpInterrupt  stm32f4xx_ll_usb.o
    0x080075e6   0x080075e6   0x00000024   Code   RO         1800    i.USB_ReadDevInEPInterrupt  stm32f4xx_ll_usb.o
    0x0800760a   0x0800760a   0x00000010   Code   RO         1801    i.USB_ReadDevOutEPInterrupt  stm32f4xx_ll_usb.o
    0x0800761a   0x0800761a   0x00000008   Code   RO         1802    i.USB_ReadInterrupts  stm32f4xx_ll_usb.o
    0x08007622   0x08007622   0x0000003e   Code   RO         1803    i.USB_ReadPacket    stm32f4xx_ll_usb.o
    0x08007660   0x08007660   0x0000005c   Code   RO         1805    i.USB_SetCurrentMode  stm32f4xx_ll_usb.o
    0x080076bc   0x080076bc   0x00000022   Code   RO         1806    i.USB_SetDevAddress  stm32f4xx_ll_usb.o
    0x080076de   0x080076de   0x00000002   PAD
    0x080076e0   0x080076e0   0x000000e8   Code   RO         1808    i.USB_SetTurnaroundTime  stm32f4xx_ll_usb.o
    0x080077c8   0x080077c8   0x00000028   Code   RO         1811    i.USB_WritePacket   stm32f4xx_ll_usb.o
    0x080077f0   0x080077f0   0x000000a8   Code   RO         6845    i.Update_data       judge.o
    0x08007898   0x08007898   0x00000002   Code   RO         1292    i.UsageFault_Handler  stm32f4xx_it.o
    0x0800789a   0x0800789a   0x00000002   PAD
    0x0800789c   0x0800789c   0x0000003c   Code   RO         6929    i.Verify_CRC16_Check_Sum  crc.o
    0x080078d8   0x080078d8   0x00000026   Code   RO         6930    i.Verify_CRC8_Check_Sum  crc.o
    0x080078fe   0x080078fe   0x00000002   PAD
    0x08007900   0x08007900   0x00000124   Code   RO           21    i.Vision_control    arm_task.o
    0x08007a24   0x08007a24   0x00000020   Code   RO         2825    i.__NVIC_SetPriority  stm32f4xx_hal_cortex.o
    0x08007a44   0x08007a44   0x000000a0   Code   RO           22    i.dji_motor_control  arm_task.o
    0x08007ae4   0x08007ae4   0x00000070   Code   RO           24    i.dji_motor_get     arm_task.o
    0x08007b54   0x08007b54   0x0000002c   Code   RO         6554    i.dma_m0_rxcplt_callback  drv_usart.o
    0x08007b80   0x08007b80   0x0000002c   Code   RO         6555    i.dma_m1_rxcplt_callback  drv_usart.o
    0x08007bac   0x08007bac   0x00000090   Code   RO          500    i.main              main.o
    0x08007c3c   0x08007c3c   0x0000000c   Code   RO         6035    i.makeFreeRtosPriority  cmsis_os.o
    0x08007c48   0x08007c48   0x0000000e   Code   RO         6037    i.osDelay           cmsis_os.o
    0x08007c56   0x08007c56   0x0000000a   Code   RO         6040    i.osKernelStart     cmsis_os.o
    0x08007c60   0x08007c60   0x00000054   Code   RO         6074    i.osThreadCreate    cmsis_os.o
    0x08007cb4   0x08007cb4   0x000000a6   Code   RO         6996    i.pid_calc          pid.o
    0x08007d5a   0x08007d5a   0x00000006   Code   RO         6997    i.pid_init          pid.o
    0x08007d60   0x08007d60   0x00000070   Code   RO         5717    i.prvAddCurrentTaskToDelayedList  tasks.o
    0x08007dd0   0x08007dd0   0x000000d0   Code   RO         5718    i.prvAddNewTaskToReadyList  tasks.o
    0x08007ea0   0x08007ea0   0x00000034   Code   RO         5719    i.prvDeleteTCB      tasks.o
    0x08007ed4   0x08007ed4   0x0000004c   Code   RO         6402    i.prvHeapInit       heap_4.o
    0x08007f20   0x08007f20   0x00000060   Code   RO         5720    i.prvIdleTask       tasks.o
    0x08007f80   0x08007f80   0x00000098   Code   RO         5721    i.prvInitialiseNewTask  tasks.o
    0x08008018   0x08008018   0x0000004c   Code   RO         6403    i.prvInsertBlockIntoFreeList  heap_4.o
    0x08008064   0x08008064   0x00000020   Code   RO         5722    i.prvResetNextTaskUnblockTime  tasks.o
    0x08008084   0x08008084   0x00000028   Code   RO         6471    i.prvTaskExitError  port.o
    0x080080ac   0x080080ac   0x000000dc   Code   RO         6404    i.pvPortMalloc      heap_4.o
    0x08008188   0x08008188   0x0000002c   Code   RO         6472    i.pxPortInitialiseStack  port.o
    0x080081b4   0x080081b4   0x000000dc   Code   RO         6809    i.remote_data_read  rc_potocal.o
    0x08008290   0x08008290   0x0000005c   Code   RO         6998    i.set_motor_voltage  pid.o
    0x080082ec   0x080082ec   0x00000064   Code   RO         6999    i.set_motor_voltage_can_2  pid.o
    0x08008350   0x08008350   0x0000009c   Code   RO         6556    i.uart_rx_idle_callback  drv_usart.o
    0x080083ec   0x080083ec   0x00000028   Code   RO         6619    i.uint_to_float     drv_can.o
    0x08008414   0x08008414   0x00000026   Code   RO         5353    i.uxListRemove      list.o
    0x0800843a   0x0800843a   0x00000002   PAD
    0x0800843c   0x0800843c   0x00000014   Code   RO          623    i.vApplicationGetIdleTaskMemory  freertos.o
    0x08008450   0x08008450   0x00000016   Code   RO         5354    i.vListInitialise   list.o
    0x08008466   0x08008466   0x00000006   Code   RO         5355    i.vListInitialiseItem  list.o
    0x0800846c   0x0800846c   0x00000030   Code   RO         5356    i.vListInsert       list.o
    0x0800849c   0x0800849c   0x00000018   Code   RO         5357    i.vListInsertEnd    list.o
    0x080084b4   0x080084b4   0x00000040   Code   RO         6474    i.vPortEnterCritical  port.o
    0x080084f4   0x080084f4   0x00000028   Code   RO         6475    i.vPortExitCritical  port.o
    0x0800851c   0x0800851c   0x00000064   Code   RO         6405    i.vPortFree         heap_4.o
    0x08008580   0x08008580   0x00000024   Code   RO         6476    i.vPortSetupTimerInterrupt  port.o
    0x080085a4   0x080085a4   0x0000004c   Code   RO         5731    i.vTaskDelay        tasks.o
    0x080085f0   0x080085f0   0x0000006c   Code   RO         5744    i.vTaskStartScheduler  tasks.o
    0x0800865c   0x0800865c   0x00000010   Code   RO         5746    i.vTaskSuspendAll   tasks.o
    0x0800866c   0x0800866c   0x0000005c   Code   RO         5747    i.vTaskSwitchContext  tasks.o
    0x080086c8   0x080086c8   0x000000f4   Code   RO         6478    i.xPortStartScheduler  port.o
    0x080087bc   0x080087bc   0x0000005a   Code   RO         5750    i.xTaskCreate       tasks.o
    0x08008816   0x08008816   0x00000056   Code   RO         5751    i.xTaskCreateStatic  tasks.o
    0x0800886c   0x0800886c   0x000000cc   Code   RO         5758    i.xTaskIncrementTick  tasks.o
    0x08008938   0x08008938   0x000000c4   Code   RO         5764    i.xTaskResumeAll    tasks.o
    0x080089fc   0x080089fc   0x0000000c   Code   RO         7565    x$fpl$dretinf       fz_wm.l(dretinf.o)
    0x08008a08   0x08008a08   0x00000056   Code   RO         7554    x$fpl$f2d           fz_wm.l(f2d.o)
    0x08008a5e   0x08008a5e   0x0000008c   Code   RO         7567    x$fpl$fnaninf       fz_wm.l(fnaninf.o)
    0x08008aea   0x08008aea   0x0000000a   Code   RO         7674    x$fpl$fpinit        fz_wm.l(fpinit.o)
    0x08008af4   0x08008af4   0x00000000   Code   RO         7571    x$fpl$usenofp       fz_wm.l(usenofp.o)
    0x08008af4   0x08008af4   0x0000000a   Data   RO          406    .constdata          as5600_task.o
    0x08008afe   0x08008afe   0x00000002   PAD
    0x08008b00   0x08008b00   0x00000070   Data   RO          625    .constdata          freertos.o
    0x08008b70   0x08008b70   0x00000008   Data   RO         2542    .constdata          stm32f4xx_hal_dma.o
    0x08008b78   0x08008b78   0x00000010   Data   RO         5216    .constdata          system_stm32f4xx.o
    0x08008b88   0x08008b88   0x00000008   Data   RO         5217    .constdata          system_stm32f4xx.o
    0x08008b90   0x08008b90   0x00000300   Data   RO         6932    .constdata          crc.o
    0x08008e90   0x08008e90   0x00000030   Data   RO          626    .conststring        freertos.o
    0x08008ec0   0x08008ec0   0x00000020   Data   RO         7732    Region$$Table       anon$$obj.o


    Execution Region RW_IRAM1 (Exec base: 0x20000000, Load base: 0x08008ee0, Size: 0x000071b8, Max: 0x0001c000, ABSOLUTE, COMPRESSED[0x00000108])

    Exec Addr    Load Addr    Size         Type   Attr      Idx    E Section Name        Object

    0x20000000   COMPRESSED   0x00000044   Data   RW           28    .data               arm_task.o
    0x20000044   COMPRESSED   0x00000018   Data   RW          407    .data               as5600_task.o
    0x2000005c   COMPRESSED   0x00000001   Data   RW          510    .data               main.o
    0x2000005d   COMPRESSED   0x00000001   Data   RW          513    .data               main.o
    0x2000005e   COMPRESSED   0x00000001   Data   RW          514    .data               main.o
    0x2000005f   COMPRESSED   0x00000001   PAD
    0x20000060   COMPRESSED   0x0000000c   Data   RW          515    .data               main.o
    0x2000006c   COMPRESSED   0x00000002   Data   RW          523    .data               main.o
    0x2000006e   COMPRESSED   0x00000002   PAD
    0x20000070   COMPRESSED   0x00000010   Data   RW          627    .data               freertos.o
    0x20000080   COMPRESSED   0x00000004   Data   RW          672    .data               can.o
    0x20000084   COMPRESSED   0x0000001c   Data   RW         1131    .data               usbd_desc.o
    0x200000a0   COMPRESSED   0x00000032   Data   RW         1132    .data               usbd_desc.o
    0x200000d2   COMPRESSED   0x00000002   PAD
    0x200000d4   COMPRESSED   0x00000008   Data   RW         1216    .data               usbd_cdc_if.o
    0x200000dc   COMPRESSED   0x00000014   Data   RW         1217    .data               usbd_cdc_if.o
    0x200000f0   COMPRESSED   0x0000000c   Data   RW         2969    .data               stm32f4xx_hal.o
    0x200000fc   COMPRESSED   0x00000004   Data   RW         5218    .data               system_stm32f4xx.o
    0x20000100   COMPRESSED   0x0000003c   Data   RW         5767    .data               tasks.o
    0x2000013c   COMPRESSED   0x00000020   Data   RW         6411    .data               heap_4.o
    0x2000015c   COMPRESSED   0x0000000c   Data   RW         6479    .data               port.o
    0x20000168   COMPRESSED   0x00000001   Data   RW         6558    .data               drv_usart.o
    0x20000169   COMPRESSED   0x00000003   PAD
    0x2000016c   COMPRESSED   0x0000002c   Data   RW         6625    .data               drv_can.o
    0x20000198   COMPRESSED   0x00000004   Data   RW         6626    .data               drv_can.o
    0x2000019c   COMPRESSED   0x00000004   Data   RW         6627    .data               drv_can.o
    0x200001a0   COMPRESSED   0x00000004   Data   RW         6628    .data               drv_can.o
    0x200001a4   COMPRESSED   0x00000004   Data   RW         6629    .data               drv_can.o
    0x200001a8   COMPRESSED   0x00000004   Data   RW         6630    .data               drv_can.o
    0x200001ac   COMPRESSED   0x00000004   Data   RW         6631    .data               drv_can.o
    0x200001b0   COMPRESSED   0x00000004   Data   RW         6632    .data               drv_can.o
    0x200001b4   COMPRESSED   0x00000004   Data   RW         6633    .data               drv_can.o
    0x200001b8   COMPRESSED   0x00000010   Data   RW         6811    .data               rc_potocal.o
    0x200001c8   COMPRESSED   0x00000014   Data   RW         6847    .data               judge.o
    0x200001dc   COMPRESSED   0x00000004   Data   RW         6886    .data               bsp_usb.o
    0x200001e0   COMPRESSED   0x00000002   Data   RW         6933    .data               crc.o
    0x200001e2   COMPRESSED   0x00000002   PAD
    0x200001e4   COMPRESSED   0x00000008   Data   RW         7001    .data               pid.o
    0x200001ec   COMPRESSED   0x00000001   Data   RW         7283    .data               usbd_ctlreq.o
    0x200001ed   COMPRESSED   0x00000003   PAD
    0x200001f0   COMPRESSED   0x00000053   Data   RW         7442    .data               usbd_cdc.o
    0x20000243   COMPRESSED   0x00000001   PAD
    0x20000244   COMPRESSED   0x00000038   Data   RW         7443    .data               usbd_cdc.o
    0x2000027c        -       0x0000016c   Zero   RW           27    .bss                arm_task.o
    0x200003e8        -       0x00000064   Zero   RW          502    .bss                main.o
    0x2000044c        -       0x0000007e   Zero   RW          504    .bss                main.o
    0x200004ca        -       0x0000007e   Zero   RW          505    .bss                main.o
    0x20000548        -       0x00000254   Zero   RW          624    .bss                freertos.o
    0x2000079c        -       0x00000050   Zero   RW          671    .bss                can.o
    0x200007ec        -       0x00000054   Zero   RW          743    .bss                i2c.o
    0x20000840        -       0x00000048   Zero   RW          786    .bss                tim.o
    0x20000888        -       0x0000030c   Zero   RW          835    .bss                usart.o
    0x20000b94        -       0x000002dc   Zero   RW          889    .bss                usb_device.o
    0x20000e70        -       0x0000072c   Zero   RW          946    .bss                usbd_conf.o
    0x2000159c        -       0x00000200   Zero   RW         1130    .bss                usbd_desc.o
    0x2000179c        -       0x00001000   Zero   RW         1215    .bss                usbd_cdc_if.o
    0x2000279c        -       0x00000064   Zero   RW         1293    .bss                stm32f4xx_it.o
    0x20002800        -       0x00000048   Zero   RW         1447    .bss                stm32f4xx_hal_timebase_tim.o
    0x20002848        -       0x000000f0   Zero   RW         5766    .bss                tasks.o
    0x20002938        -       0x00003c00   Zero   RW         6410    .bss                heap_4.o
    0x20006538        -       0x000001c0   Zero   RW         6557    .bss                drv_usart.o
    0x200066f8        -       0x00000078   Zero   RW         6620    .bss                drv_can.o
    0x20006770        -       0x00000016   Zero   RW         6810    .bss                rc_potocal.o
    0x20006786        -       0x0000009e   Zero   RW         6846    .bss                judge.o
    0x20006824        -       0x00000018   Zero   RW         6885    .bss                bsp_usb.o
    0x2000683c        -       0x00000118   Zero   RW         7000    .bss                pid.o
    0x20006954        -       0x00000060   Zero   RW         7604    .bss                c_w.l(libspace.o)
    0x200069b4   COMPRESSED   0x00000004   PAD
    0x200069b8        -       0x00000400   Zero   RW            2    HEAP                startup_stm32f407xx.o
    0x20006db8        -       0x00000400   Zero   RW            1    STACK               startup_stm32f407xx.o


    Execution Region RW_IRAM2 (Exec base: 0x2001c000, Load base: 0x08008fe8, Size: 0x00000000, Max: 0x00004000, ABSOLUTE)

    **** No section assigned to this execution region ****


==============================================================================

Image component sizes


      Code (inc. data)   RO Data    RW Data    ZI Data      Debug   Object Name

      2284        350          0         68        364     765560   arm_task.o
       862         58         10         24          0      10042   as5600_task.o
        64         14          0          4         24       2179   bsp_usb.o
       420         42          0          4         80       2550   can.o
       120          0          0          0          0      23457   cmsis_os.o
       170         16        768          2          0       3643   crc.o
       140          4          0          0          0        866   dma.o
       808         32          0         76        120     576067   drv_can.o
       904         66          0          1        448       4826   drv_usart.o
         0          0          0          0          0      16964   event_groups.o
       136         12        160         16        596       2853   freertos.o
       240         14          0          0          0       1127   gpio.o
       472         24          0         32      15360       7547   heap_4.o
       168         28          0          0         84       1717   i2c.o
       588         26          0         20        158       7088   judge.o
       138          0          0          0          0       3654   list.o
       316         34          0         17        352       9737   main.o
       824         54          0          8        280      10279   pid.o
       702         72          0         12          0      11196   port.o
       148         30          0          0          0        654   potocal_task.o
       220         10          0         16         22       3252   rc_potocal.o
        64         26        392          0       2048        864   startup_stm32f407xx.o
       116         18          0         12          0       8842   stm32f4xx_hal.o
      1658          6          0          0          0      14643   stm32f4xx_hal_can.o
       158         14          0          0          0      33246   stm32f4xx_hal_cortex.o
      1084         16          8          0          0       7518   stm32f4xx_hal_dma.o
       532         46          0          0          0       3596   stm32f4xx_hal_gpio.o
       392         16          0          0          0       3155   stm32f4xx_hal_i2c.o
        56          4          0          0          0        874   stm32f4xx_hal_msp.o
      2638         12          0          0          0      13980   stm32f4xx_hal_pcd.o
        78          0          0          0          0       2473   stm32f4xx_hal_pcd_ex.o
      1424         92          0          0          0       6529   stm32f4xx_hal_rcc.o
      2144        146          0          0          0      18125   stm32f4xx_hal_tim.o
       232         28          0          0          0       3369   stm32f4xx_hal_tim_ex.o
       152         20          0          0         72       1511   stm32f4xx_hal_timebase_tim.o
      1838         30          0          0          0      14209   stm32f4xx_hal_uart.o
       328        108          0          0        100      11391   stm32f4xx_it.o
      2888        134          0          0          0      24583   stm32f4xx_ll_usb.o
         0          0          0          0          0        392   stream_buffer.o
        16          4         24          4          0       1163   system_stm32f4xx.o
      1520        112          0         60        240      19802   tasks.o
       324         30          0          0         72       2484   tim.o
       900         80          0          0        780       3834   usart.o
        84         18          0          0        732        816   usb_device.o
      1446         40          0        139          0      15021   usbd_cdc.o
       176         44          0         28       4096       5067   usbd_cdc_if.o
       644         24          0          0       1836      16508   usbd_conf.o
      1042          0          0          0          0      16813   usbd_core.o
      1908         28          0          1          0      18304   usbd_ctlreq.o
       288        104          0         78        512       6109   usbd_desc.o
       132          0          0          0          0       4652   usbd_ioreq.o

    ----------------------------------------------------------------------
     34032       2086       1396        636      28376    1745131   Object Totals
         0          0         32          0          0          0   (incl. Generated)
        46          0          2         14          0          0   (incl. Padding)

    ----------------------------------------------------------------------

      Code (inc. data)   RO Data    RW Data    ZI Data      Debug   Library Member Name

        90          0          0          0          0          0   __dczerorl2.o
         8          0          0          0          0         68   __main.o
         0          0          0          0          0          0   __rtentry.o
        12          0          0          0          0          0   __rtentry2.o
         6          0          0          0          0          0   __rtentry4.o
        52          8          0          0          0          0   __scatter.o
        28          0          0          0          0          0   __scatter_zi.o
        18          0          0          0          0         80   exit.o
         6          0          0          0          0        152   heapauxi.o
         0          0          0          0          0          0   indicate_semi.o
         2          0          0          0          0          0   libinit.o
         6          0          0          0          0          0   libinit2.o
         2          0          0          0          0          0   libshutdown.o
         2          0          0          0          0          0   libshutdown2.o
         8          4          0          0         96         68   libspace.o
       238          0          0          0          0        100   lludivv7m.o
        78          0          0          0          0         80   rt_memclr_w.o
       138          0          0          0          0         68   rt_memcpy_v6.o
       100          0          0          0          0         80   rt_memcpy_w.o
         2          0          0          0          0          0   rtexit.o
        10          0          0          0          0          0   rtexit2.o
        12          4          0          0          0         68   sys_exit.o
        74          0          0          0          0         80   sys_stackheap_outer.o
         2          0          0          0          0         68   use_no_semi.o
        12          0          0          0          0        116   dretinf.o
        86          4          0          0          0        132   f2d.o
       140          4          0          0          0        132   fnaninf.o
        10          0          0          0          0        116   fpinit.o
         0          0          0          0          0          0   usenofp.o

    ----------------------------------------------------------------------
      1148         24          0          0        100       1408   Library Totals
         6          0          0          0          4          0   (incl. Padding)

    ----------------------------------------------------------------------

      Code (inc. data)   RO Data    RW Data    ZI Data      Debug   Library Name

       894         16          0          0         96        912   c_w.l
       248          8          0          0          0        496   fz_wm.l

    ----------------------------------------------------------------------
      1148         24          0          0        100       1408   Library Totals

    ----------------------------------------------------------------------

==============================================================================


      Code (inc. data)   RO Data    RW Data    ZI Data      Debug   

     35180       2110       1396        636      28476    1710375   Grand Totals
     35180       2110       1396        264      28476    1710375   ELF Image Totals (compressed)
     35180       2110       1396        264          0          0   ROM Totals

==============================================================================

    Total RO  Size (Code + RO Data)                36576 (  35.72kB)
    Total RW  Size (RW Data + ZI Data)             29112 (  28.43kB)
    Total ROM Size (Code + RO Data + RW Data)      36840 (  35.98kB)

==============================================================================

